Archive member included to satisfy reference by file (symbol)

D:/STM32CubeCLT/STM32CubeCLT_1.18.0/GNU-tools-for-STM32/bin/../lib/gcc/arm-none-eabi/13.3.1/../../../../arm-none-eabi/lib/thumb/v6-m/nofp\libc_nano.a(libc_a-exit.o)
                              D:/STM32CubeCLT/STM32CubeCLT_1.18.0/GNU-tools-for-STM32/bin/../lib/gcc/arm-none-eabi/13.3.1/../../../../arm-none-eabi/lib/thumb/v6-m/nofp/crt0.o (exit)
D:/STM32CubeCLT/STM32CubeCLT_1.18.0/GNU-tools-for-STM32/bin/../lib/gcc/arm-none-eabi/13.3.1/../../../../arm-none-eabi/lib/thumb/v6-m/nofp\libc_nano.a(libc_a-findfp.o)
                              D:/STM32CubeCLT/STM32CubeCLT_1.18.0/GNU-tools-for-STM32/bin/../lib/gcc/arm-none-eabi/13.3.1/../../../../arm-none-eabi/lib/thumb/v6-m/nofp\libc_nano.a(libc_a-exit.o) (__stdio_exit_handler)
D:/STM32CubeCLT/STM32CubeCLT_1.18.0/GNU-tools-for-STM32/bin/../lib/gcc/arm-none-eabi/13.3.1/../../../../arm-none-eabi/lib/thumb/v6-m/nofp\libc_nano.a(libc_a-fwalk.o)
                              D:/STM32CubeCLT/STM32CubeCLT_1.18.0/GNU-tools-for-STM32/bin/../lib/gcc/arm-none-eabi/13.3.1/../../../../arm-none-eabi/lib/thumb/v6-m/nofp\libc_nano.a(libc_a-findfp.o) (_fwalk_sglue)
D:/STM32CubeCLT/STM32CubeCLT_1.18.0/GNU-tools-for-STM32/bin/../lib/gcc/arm-none-eabi/13.3.1/../../../../arm-none-eabi/lib/thumb/v6-m/nofp\libc_nano.a(libc_a-stdio.o)
                              D:/STM32CubeCLT/STM32CubeCLT_1.18.0/GNU-tools-for-STM32/bin/../lib/gcc/arm-none-eabi/13.3.1/../../../../arm-none-eabi/lib/thumb/v6-m/nofp\libc_nano.a(libc_a-findfp.o) (__sread)
D:/STM32CubeCLT/STM32CubeCLT_1.18.0/GNU-tools-for-STM32/bin/../lib/gcc/arm-none-eabi/13.3.1/../../../../arm-none-eabi/lib/thumb/v6-m/nofp\libc_nano.a(libc_a-memset.o)
                              D:/STM32CubeCLT/STM32CubeCLT_1.18.0/GNU-tools-for-STM32/bin/../lib/gcc/arm-none-eabi/13.3.1/../../../../arm-none-eabi/lib/thumb/v6-m/nofp/crt0.o (memset)
D:/STM32CubeCLT/STM32CubeCLT_1.18.0/GNU-tools-for-STM32/bin/../lib/gcc/arm-none-eabi/13.3.1/../../../../arm-none-eabi/lib/thumb/v6-m/nofp\libc_nano.a(libc_a-closer.o)
                              D:/STM32CubeCLT/STM32CubeCLT_1.18.0/GNU-tools-for-STM32/bin/../lib/gcc/arm-none-eabi/13.3.1/../../../../arm-none-eabi/lib/thumb/v6-m/nofp\libc_nano.a(libc_a-stdio.o) (_close_r)
D:/STM32CubeCLT/STM32CubeCLT_1.18.0/GNU-tools-for-STM32/bin/../lib/gcc/arm-none-eabi/13.3.1/../../../../arm-none-eabi/lib/thumb/v6-m/nofp\libc_nano.a(libc_a-reent.o)
                              D:/STM32CubeCLT/STM32CubeCLT_1.18.0/GNU-tools-for-STM32/bin/../lib/gcc/arm-none-eabi/13.3.1/../../../../arm-none-eabi/lib/thumb/v6-m/nofp\libc_nano.a(libc_a-closer.o) (errno)
D:/STM32CubeCLT/STM32CubeCLT_1.18.0/GNU-tools-for-STM32/bin/../lib/gcc/arm-none-eabi/13.3.1/../../../../arm-none-eabi/lib/thumb/v6-m/nofp\libc_nano.a(libc_a-impure.o)
                              D:/STM32CubeCLT/STM32CubeCLT_1.18.0/GNU-tools-for-STM32/bin/../lib/gcc/arm-none-eabi/13.3.1/../../../../arm-none-eabi/lib/thumb/v6-m/nofp\libc_nano.a(libc_a-reent.o) (_impure_ptr)
D:/STM32CubeCLT/STM32CubeCLT_1.18.0/GNU-tools-for-STM32/bin/../lib/gcc/arm-none-eabi/13.3.1/../../../../arm-none-eabi/lib/thumb/v6-m/nofp\libc_nano.a(libc_a-lseekr.o)
                              D:/STM32CubeCLT/STM32CubeCLT_1.18.0/GNU-tools-for-STM32/bin/../lib/gcc/arm-none-eabi/13.3.1/../../../../arm-none-eabi/lib/thumb/v6-m/nofp\libc_nano.a(libc_a-stdio.o) (_lseek_r)
D:/STM32CubeCLT/STM32CubeCLT_1.18.0/GNU-tools-for-STM32/bin/../lib/gcc/arm-none-eabi/13.3.1/../../../../arm-none-eabi/lib/thumb/v6-m/nofp\libc_nano.a(libc_a-readr.o)
                              D:/STM32CubeCLT/STM32CubeCLT_1.18.0/GNU-tools-for-STM32/bin/../lib/gcc/arm-none-eabi/13.3.1/../../../../arm-none-eabi/lib/thumb/v6-m/nofp\libc_nano.a(libc_a-stdio.o) (_read_r)
D:/STM32CubeCLT/STM32CubeCLT_1.18.0/GNU-tools-for-STM32/bin/../lib/gcc/arm-none-eabi/13.3.1/../../../../arm-none-eabi/lib/thumb/v6-m/nofp\libc_nano.a(libc_a-writer.o)
                              D:/STM32CubeCLT/STM32CubeCLT_1.18.0/GNU-tools-for-STM32/bin/../lib/gcc/arm-none-eabi/13.3.1/../../../../arm-none-eabi/lib/thumb/v6-m/nofp\libc_nano.a(libc_a-stdio.o) (_write_r)
D:/STM32CubeCLT/STM32CubeCLT_1.18.0/GNU-tools-for-STM32/bin/../lib/gcc/arm-none-eabi/13.3.1/../../../../arm-none-eabi/lib/thumb/v6-m/nofp\libc_nano.a(libc_a-init.o)
                              D:/STM32CubeCLT/STM32CubeCLT_1.18.0/GNU-tools-for-STM32/bin/../lib/gcc/arm-none-eabi/13.3.1/../../../../arm-none-eabi/lib/thumb/v6-m/nofp/crt0.o (__libc_init_array)
D:/STM32CubeCLT/STM32CubeCLT_1.18.0/GNU-tools-for-STM32/bin/../lib/gcc/arm-none-eabi/13.3.1/../../../../arm-none-eabi/lib/thumb/v6-m/nofp\libc_nano.a(libc_a-lock.o)
                              D:/STM32CubeCLT/STM32CubeCLT_1.18.0/GNU-tools-for-STM32/bin/../lib/gcc/arm-none-eabi/13.3.1/../../../../arm-none-eabi/lib/thumb/v6-m/nofp\libc_nano.a(libc_a-findfp.o) (__retarget_lock_init_recursive)
[...]
Memory Configuration

Name             Origin             Length             Attributes
RAM              0x20000000         0x00001000         xrw
FLASH            0x08000000         0x00004000         xr
*default*        0x00000000         0xffffffff

Linker script and memory map

LOAD D:/STM32CubeCLT/STM32CubeCLT_1.18.0/GNU-tools-for-STM32/bin/../lib/gcc/arm-none-eabi/13.3.1/thumb/v6-m/nofp/crti.o
LOAD D:/STM32CubeCLT/STM32CubeCLT_1.18.0/GNU-tools-for-STM32/bin/../lib/gcc/arm-none-eabi/13.3.1/thumb/v6-m/nofp/crtbegin.o
LOAD D:/STM32CubeCLT/STM32CubeCLT_1.18.0/GNU-tools-for-STM32/bin/../lib/gcc/arm-none-eabi/13.3.1/../../../../arm-none-eabi/lib/thumb/v6-m/nofp/crt0.o
LOAD build/main.o
LOAD build/gpio.o
LOAD build/adc.o
LOAD build/dma.o
LOAD build/i2c.o
LOAD build/tim.o
LOAD build/stm32f0xx_it.o
LOAD build/stm32f0xx_hal_msp.o
LOAD build/stm32f0xx_hal_adc.o
LOAD build/stm32f0xx_hal_adc_ex.o
LOAD build/stm32f0xx_hal_i2c.o
LOAD build/stm32f0xx_hal_i2c_ex.o
LOAD build/stm32f0xx_hal_tim.o
LOAD build/stm32f0xx_hal_tim_ex.o
LOAD build/stm32f0xx_hal_rcc.o
LOAD build/stm32f0xx_hal_rcc_ex.o
LOAD build/stm32f0xx_hal.o
LOAD build/stm32f0xx_hal_gpio.o
LOAD build/stm32f0xx_hal_dma.o
LOAD build/stm32f0xx_hal_cortex.o
LOAD build/stm32f0xx_hal_pwr.o
LOAD build/stm32f0xx_hal_pwr_ex.o
LOAD build/stm32f0xx_hal_flash.o
LOAD build/stm32f0xx_hal_flash_ex.o
LOAD build/system_stm32f0xx.o
LOAD build/SD3077.o
LOAD build/TM1637.o
LOAD build/startup_stm32f030x6.o
LOAD D:/STM32CubeCLT/STM32CubeCLT_1.18.0/GNU-tools-for-STM32/bin/../lib/gcc/arm-none-eabi/13.3.1/../../../../arm-none-eabi/lib/thumb/v6-m/nofp\libc_nano.a
LOAD D:/STM32CubeCLT/STM32CubeCLT_1.18.0/GNU-tools-for-STM32/bin/../lib/gcc/arm-none-eabi/13.3.1/../../../../arm-none-eabi/lib/thumb/v6-m/nofp\libm.a
LOAD D:/STM32CubeCLT/STM32CubeCLT_1.18.0/GNU-tools-for-STM32/bin/../lib/gcc/arm-none-eabi/13.3.1/../../../../arm-none-eabi/lib/thumb/v6-m/nofp\libnosys.a
START GROUP
LOAD D:/STM32CubeCLT/STM32CubeCLT_1.18.0/GNU-tools-for-STM32/bin/../lib/gcc/arm-none-eabi/13.3.1/thumb/v6-m/nofp\libgcc.a
LOAD D:/STM32CubeCLT/STM32CubeCLT_1.18.0/GNU-tools-for-STM32/bin/../lib/gcc/arm-none-eabi/13.3.1/../../../../arm-none-eabi/lib/thumb/v6-m/nofp\libc_nano.a
END GROUP
START GROUP
LOAD D:/STM32CubeCLT/STM32CubeCLT_1.18.0/GNU-tools-for-STM32/bin/../lib/gcc/arm-none-eabi/13.3.1/thumb/v6-m/nofp\libgcc.a
LOAD D:/STM32CubeCLT/STM32CubeCLT_1.18.0/GNU-tools-for-STM32/bin/../lib/gcc/arm-none-eabi/13.3.1/../../../../arm-none-eabi/lib/thumb/v6-m/nofp\libc_nano.a
END GROUP
LOAD D:/STM32CubeCLT/STM32CubeCLT_1.18.0/GNU-tools-for-STM32/bin/../lib/gcc/arm-none-eabi/13.3.1/thumb/v6-m/nofp/crtend.o
LOAD D:/STM32CubeCLT/STM32CubeCLT_1.18.0/GNU-tools-for-STM32/bin/../lib/gcc/arm-none-eabi/13.3.1/thumb/v6-m/nofp/crtn.o
                0x20001000                        _estack = 0x20001000
                0x00000200                        _Min_Heap_Size = 0x200
                0x00000400                        _Min_Stack_Size = 0x400

.isr_vector     0x08000000       0xc0
                0x08000000                        . = ALIGN (0x4)
 *(.isr_vector)
 .isr_vector    0x08000000       0xc0 build/startup_stm32f030x6.o
                0x08000000                g_pfnVectors
                0x080000c0                        . = ALIGN (0x4)

.text           0x080000c0     0x35ec
                0x080000c0                        . = ALIGN (0x4)
 *(.text)
 .text          0x080000c0       0x48 D:/STM32CubeCLT/STM32CubeCLT_1.18.0/GNU-tools-for-STM32/bin/../lib/gcc/arm-none-eabi/13.3.1/thumb/v6-m/nofp/crtbegin.o
 .text          0x08000108       0x14 D:/STM32CubeCLT/STM32CubeCLT_1.18.0/GNU-tools-for-STM32/bin/../lib/gcc/arm-none-eabi/13.3.1/thumb/v6-m/nofp\libgcc.a(_thumb1_case_uqi.o)
                0x08000108                __gnu_thumb1_case_uqi
 .text          0x0800011c       0x14 D:/STM32CubeCLT/STM32CubeCLT_1.18.0/GNU-tools-for-STM32/bin/../lib/gcc/arm-none-eabi/13.3.1/thumb/v6-m/nofp\libgcc.a(_thumb1_case_uhi.o)
                0x0800011c                __gnu_thumb1_case_uhi
 .text          0x08000130      0x114 D:/STM32CubeCLT/STM32CubeCLT_1.18.0/GNU-tools-for-STM32/bin/../lib/gcc/arm-none-eabi/13.3.1/thumb/v6-m/nofp\libgcc.a(_udivsi3.o)
                0x08000130                __aeabi_uidiv
                0x08000130                __udivsi3
                0x0800023c                __aeabi_uidivmod
 .text          0x08000244        0x4 D:/STM32CubeCLT/STM32CubeCLT_1.18.0/GNU-tools-for-STM32/bin/../lib/gcc/arm-none-eabi/13.3.1/thumb/v6-m/nofp\libgcc.a(_dvmd_tls.o)
                0x08000244                __aeabi_idiv0
                0x08000244                __aeabi_ldiv0
 *(.text*)
 .text.saveSettings
                0x08000248       0x88 build/main.o
                0x08000248                saveSettings
 .text.resetSettings
                0x080002d0       0x68 build/main.o
                0x080002d0                resetSettings
 .text.checkRingOnTime
                0x08000338       0xe0 build/main.o
                0x08000338                checkRingOnTime
 .text.alarmStart
                0x08000418       0x20 build/main.o
                0x08000418                alarmStart
 .text.alarmTimerTick
                0x08000438       0x78 build/main.o
                0x08000438                alarmTimerTick
 .text.alarmStop
                0x080004b0       0x24 build/main.o
                0x080004b0                alarmStop
 .text.checkAlarm
                0x080004d4       0x68 build/main.o
                0x080004d4                checkAlarm
 .text.refreshTemperture
                0x0800053c       0x64 build/main.o
                0x0800053c                refreshTemperture
 .text.refreshTimeDisplay
                0x080005a0       0xe8 build/main.o
                0x080005a0                refreshTimeDisplay
 .text.refreshSettingsDisplay
                0x08000688      0x2c4 build/main.o
                0x08000688                refreshSettingsDisplay
 .text.modeKeyClicked
                0x0800094c      0x150 build/main.o
                0x0800094c                modeKeyClicked
 .text.modeKeyLongPressed
                0x08000a9c       0x38 build/main.o
                0x08000a9c                modeKeyLongPressed
 .text.setKeyClicked
                0x08000ad4      0x158 build/main.o
                0x08000ad4                setKeyClicked
 .text.setKeyPresseRepeatReport
                0x08000c2c       0xcc build/main.o
                0x08000c2c                setKeyPresseRepeatReport
 .text.setKeyPressed
                0x08000cf8       0x10 build/main.o
                0x08000cf8                setKeyPressed
 .text.setKeyReleased
                0x08000d08       0x30 build/main.o
                0x08000d08                setKeyReleased
 .text.modeKeyPressed
                0x08000d38       0x10 build/main.o
                0x08000d38                modeKeyPressed
 .text.modeKeyReleased
                0x08000d48       0x30 build/main.o
                0x08000d48                modeKeyReleased
 .text.SystemClock_Config
                0x08000d78       0x66 build/main.o
                0x08000d78                SystemClock_Config
 *fill*         0x08000dde        0x2 
 .text.startup.main
                0x08000de0      0x30c build/main.o
                0x08000de0                main
 .text.HAL_GPIO_EXTI_Callback
                0x080010ec       0x78 build/main.o
                0x080010ec                HAL_GPIO_EXTI_Callback
 .text.HAL_TIM_PeriodElapsedCallback
                0x08001164       0x70 build/main.o
                0x08001164                HAL_TIM_PeriodElapsedCallback
 .text.Error_Handler
                0x080011d4        0x2 build/main.o
                0x080011d4                Error_Handler
 *fill*         0x080011d6        0x2 
 .text.MX_GPIO_Init
                0x080011d8       0xe8 build/gpio.o
                0x080011d8                MX_GPIO_Init
 .text.MX_ADC_Init
                0x080012c0       0x84 build/adc.o
                0x080012c0                MX_ADC_Init
 .text.HAL_ADC_MspInit
                0x08001344       0x94 build/adc.o
                0x08001344                HAL_ADC_MspInit
 .text.MX_DMA_Init
                0x080013d8       0x2c build/dma.o
                0x080013d8                MX_DMA_Init
 .text.MX_I2C1_Init
                0x08001404       0x5c build/i2c.o
                0x08001404                MX_I2C1_Init
 .text.HAL_I2C_MspInit
                0x08001460       0x6c build/i2c.o
                0x08001460                HAL_I2C_MspInit
 .text.MX_TIM3_Init
                0x080014cc       0x7c build/tim.o
                0x080014cc                MX_TIM3_Init
 .text.MX_TIM16_Init
                0x08001548       0x3c build/tim.o
                0x08001548                MX_TIM16_Init
 .text.MX_TIM17_Init
                0x08001584       0x38 build/tim.o
                0x08001584                MX_TIM17_Init
 .text.HAL_TIM_Base_MspInit
                0x080015bc       0x84 build/tim.o
                0x080015bc                HAL_TIM_Base_MspInit
 .text.NMI_Handler
                0x08001640        0x2 build/stm32f0xx_it.o
                0x08001640                NMI_Handler
 .text.HardFault_Handler
                0x08001642        0x2 build/stm32f0xx_it.o
                0x08001642                HardFault_Handler
 .text.SVC_Handler
                0x08001644        0x2 build/stm32f0xx_it.o
                0x08001644                SVC_Handler
 .text.PendSV_Handler
                0x08001646        0x2 build/stm32f0xx_it.o
                0x08001646                PendSV_Handler
 .text.SysTick_Handler
                0x08001648        0x8 build/stm32f0xx_it.o
                0x08001648                SysTick_Handler
 .text.EXTI0_1_IRQHandler
                0x08001650        0xa build/stm32f0xx_it.o
                0x08001650                EXTI0_1_IRQHandler
 .text.EXTI2_3_IRQHandler
                0x0800165a       0x10 build/stm32f0xx_it.o
                0x0800165a                EXTI2_3_IRQHandler
 *fill*         0x0800166a        0x2 
 .text.DMA1_Channel1_IRQHandler
                0x0800166c       0x10 build/stm32f0xx_it.o
                0x0800166c                DMA1_Channel1_IRQHandler
 .text.TIM16_IRQHandler
                0x0800167c       0x10 build/stm32f0xx_it.o
                0x0800167c                TIM16_IRQHandler
 .text.TIM17_IRQHandler
                0x0800168c       0x10 build/stm32f0xx_it.o
                0x0800168c                TIM17_IRQHandler
 .text.HAL_MspInit
                0x0800169c       0x30 build/stm32f0xx_hal_msp.o
                0x0800169c                HAL_MspInit
 .text.ADC_Enable.constprop.0
                0x080016cc       0x98 build/stm32f0xx_hal_adc.o
 .text.HAL_ADC_Init
                0x08001764      0x144 build/stm32f0xx_hal_adc.o
                0x08001764                HAL_ADC_Init
 .text.HAL_ADC_Start_DMA
                0x080018a8       0x94 build/stm32f0xx_hal_adc.o
                0x080018a8                HAL_ADC_Start_DMA
 .text.HAL_ADC_ConvCpltCallback
                0x0800193c        0x2 build/stm32f0xx_hal_adc.o
                0x0800193c                HAL_ADC_ConvCpltCallback
 *fill*         0x0800193e        0x2 
 .text.ADC_DMAConvCplt
                0x08001940       0x70 build/stm32f0xx_hal_adc.o
 .text.HAL_ADC_ConvHalfCpltCallback
                0x080019b0        0x2 build/stm32f0xx_hal_adc.o
                0x080019b0                HAL_ADC_ConvHalfCpltCallback
 .text.ADC_DMAHalfConvCplt
                0x080019b2        0xa build/stm32f0xx_hal_adc.o
 .text.HAL_ADC_ErrorCallback
                0x080019bc        0x2 build/stm32f0xx_hal_adc.o
                0x080019bc                HAL_ADC_ErrorCallback
 .text.ADC_DMAError
                0x080019be       0x1a build/stm32f0xx_hal_adc.o
 .text.HAL_ADC_ConfigChannel
                0x080019d8       0xec build/stm32f0xx_hal_adc.o
                0x080019d8                HAL_ADC_ConfigChannel
 .text.HAL_ADCEx_Calibration_Start
                0x08001ac4       0xa8 build/stm32f0xx_hal_adc_ex.o
                0x08001ac4                HAL_ADCEx_Calibration_Start
 .text.I2C_Flush_TXDR
                0x08001b6c       0x1c build/stm32f0xx_hal_i2c.o
 .text.I2C_TransferConfig
                0x08001b88       0x24 build/stm32f0xx_hal_i2c.o
 .text.I2C_WaitOnFlagUntilTimeout
                0x08001bac       0x4c build/stm32f0xx_hal_i2c.o
 .text.I2C_IsAcknowledgeFailed
                0x08001bf8       0x80 build/stm32f0xx_hal_i2c.o
 .text.I2C_WaitOnTXISFlagUntilTimeout
                0x08001c78       0x5a build/stm32f0xx_hal_i2c.o
 .text.I2C_RequestMemoryWrite
                0x08001cd2       0x68 build/stm32f0xx_hal_i2c.o
 .text.I2C_RequestMemoryRead
                0x08001d3a       0x66 build/stm32f0xx_hal_i2c.o
 .text.I2C_WaitOnSTOPFlagUntilTimeout
                0x08001da0       0x56 build/stm32f0xx_hal_i2c.o
 *fill*         0x08001df6        0x2 
 .text.HAL_I2C_Init
                0x08001df8       0xac build/stm32f0xx_hal_i2c.o
                0x08001df8                HAL_I2C_Init
 .text.HAL_I2C_Mem_Write
                0x08001ea4      0x16c build/stm32f0xx_hal_i2c.o
                0x08001ea4                HAL_I2C_Mem_Write
 .text.HAL_I2C_Mem_Read
                0x08002010      0x174 build/stm32f0xx_hal_i2c.o
                0x08002010                HAL_I2C_Mem_Read
 .text.HAL_I2CEx_ConfigAnalogFilter
                0x08002184       0x4c build/stm32f0xx_hal_i2c_ex.o
                0x08002184                HAL_I2CEx_ConfigAnalogFilter
 .text.HAL_I2CEx_ConfigDigitalFilter
                0x080021d0       0x48 build/stm32f0xx_hal_i2c_ex.o
                0x080021d0                HAL_I2CEx_ConfigDigitalFilter
 .text.HAL_TIM_Base_Start
                0x08002218       0x18 build/stm32f0xx_hal_tim.o
                0x08002218                HAL_TIM_Base_Start
 .text.HAL_TIM_Base_Start_IT
                0x08002230       0x14 build/stm32f0xx_hal_tim.o
                0x08002230                HAL_TIM_Base_Start_IT
 .text.HAL_TIM_Base_Stop_IT
                0x08002244       0x2c build/stm32f0xx_hal_tim.o
                0x08002244                HAL_TIM_Base_Stop_IT
 .text.HAL_TIM_OC_DelayElapsedCallback
                0x08002270        0x2 build/stm32f0xx_hal_tim.o
                0x08002270                HAL_TIM_OC_DelayElapsedCallback
 .text.HAL_TIM_IC_CaptureCallback
                0x08002272        0x2 build/stm32f0xx_hal_tim.o
                0x08002272                HAL_TIM_IC_CaptureCallback
 .text.HAL_TIM_PWM_PulseFinishedCallback
                0x08002274        0x2 build/stm32f0xx_hal_tim.o
                0x08002274                HAL_TIM_PWM_PulseFinishedCallback
 .text.HAL_TIM_TriggerCallback
                0x08002276        0x2 build/stm32f0xx_hal_tim.o
                0x08002276                HAL_TIM_TriggerCallback
 .text.HAL_TIM_IRQHandler
                0x08002278      0x148 build/stm32f0xx_hal_tim.o
                0x08002278                HAL_TIM_IRQHandler
 .text.TIM_Base_SetConfig
                0x080023c0       0x7c build/stm32f0xx_hal_tim.o
                0x080023c0                TIM_Base_SetConfig
 .text.HAL_TIM_Base_Init
                0x0800243c       0x36 build/stm32f0xx_hal_tim.o
                0x0800243c                HAL_TIM_Base_Init
 *fill*         0x08002472        0x2 
 .text.TIM_ETR_SetConfig
                0x08002474       0x18 build/stm32f0xx_hal_tim.o
                0x08002474                TIM_ETR_SetConfig
 .text.HAL_TIM_ConfigClockSource
                0x0800248c      0x154 build/stm32f0xx_hal_tim.o
                0x0800248c                HAL_TIM_ConfigClockSource
 .text.HAL_TIMEx_MasterConfigSynchronization
                0x080025e0       0x44 build/stm32f0xx_hal_tim_ex.o
                0x080025e0                HAL_TIMEx_MasterConfigSynchronization
 .text.HAL_TIMEx_CommutationCallback
                0x08002624        0x2 build/stm32f0xx_hal_tim_ex.o
                0x08002624                HAL_TIMEx_CommutationCallback
 .text.HAL_TIMEx_BreakCallback
                0x08002626        0x2 build/stm32f0xx_hal_tim_ex.o
                0x08002626                HAL_TIMEx_BreakCallback
 .text.HAL_RCC_OscConfig
                0x08002628      0x3bc build/stm32f0xx_hal_rcc.o
                0x08002628                HAL_RCC_OscConfig
 .text.HAL_RCC_GetSysClockFreq
                0x080029e4       0x64 build/stm32f0xx_hal_rcc.o
                0x080029e4                HAL_RCC_GetSysClockFreq
 .text.HAL_RCC_ClockConfig
                0x08002a48      0x130 build/stm32f0xx_hal_rcc.o
                0x08002a48                HAL_RCC_ClockConfig
 .text.HAL_RCC_GetHCLKFreq
                0x08002b78        0xc build/stm32f0xx_hal_rcc.o
                0x08002b78                HAL_RCC_GetHCLKFreq
 .text.HAL_RCCEx_PeriphCLKConfig
                0x08002b84      0x10c build/stm32f0xx_hal_rcc_ex.o
                0x08002b84                HAL_RCCEx_PeriphCLKConfig
 .text.HAL_InitTick
                0x08002c90       0x24 build/stm32f0xx_hal.o
                0x08002c90                HAL_InitTick
 .text.HAL_Init
                0x08002cb4       0x20 build/stm32f0xx_hal.o
                0x08002cb4                HAL_Init
 .text.HAL_IncTick
                0x08002cd4       0x10 build/stm32f0xx_hal.o
                0x08002cd4                HAL_IncTick
 .text.HAL_GetTick
                0x08002ce4        0xc build/stm32f0xx_hal.o
                0x08002ce4                HAL_GetTick
 .text.HAL_GPIO_Init
                0x08002cf0      0x164 build/stm32f0xx_hal_gpio.o
                0x08002cf0                HAL_GPIO_Init
 .text.HAL_GPIO_ReadPin
                0x08002e54        0xc build/stm32f0xx_hal_gpio.o
                0x08002e54                HAL_GPIO_ReadPin
 .text.HAL_GPIO_WritePin
                0x08002e60        0xc build/stm32f0xx_hal_gpio.o
                0x08002e60                HAL_GPIO_WritePin
 .text.HAL_GPIO_EXTI_IRQHandler
                0x08002e6c       0x18 build/stm32f0xx_hal_gpio.o
                0x08002e6c                HAL_GPIO_EXTI_IRQHandler
 .text.HAL_DMA_Init
                0x08002e84       0x6c build/stm32f0xx_hal_dma.o
                0x08002e84                HAL_DMA_Init
 .text.HAL_DMA_Start_IT
                0x08002ef0       0x78 build/stm32f0xx_hal_dma.o
                0x08002ef0                HAL_DMA_Start_IT
 .text.HAL_DMA_IRQHandler
                0x08002f68       0x92 build/stm32f0xx_hal_dma.o
                0x08002f68                HAL_DMA_IRQHandler
 *fill*         0x08002ffa        0x2 
 .text.HAL_NVIC_SetPriority
                0x08002ffc       0x50 build/stm32f0xx_hal_cortex.o
                0x08002ffc                HAL_NVIC_SetPriority
 .text.HAL_NVIC_EnableIRQ
                0x0800304c       0x14 build/stm32f0xx_hal_cortex.o
                0x0800304c                HAL_NVIC_EnableIRQ
 .text.HAL_SYSTICK_Config
                0x08003060       0x34 build/stm32f0xx_hal_cortex.o
                0x08003060                HAL_SYSTICK_Config
 .text.SystemInit
                0x08003094       0x60 build/system_stm32f0xx.o
                0x08003094                SystemInit
 .text.UnlockWriteProtect
                0x080030f4       0x88 build/SD3077.o
 .text.TimeNow  0x0800317c       0xa0 build/SD3077.o
                0x0800317c                TimeNow
 .text.SetTime  0x0800321c       0xc4 build/SD3077.o
                0x0800321c                SetTime
 .text.EnableSencodInterruptOuput
                0x080032e0       0x50 build/SD3077.o
                0x080032e0                EnableSencodInterruptOuput
 .text.SetInterruptOuput
                0x08003330       0x58 build/SD3077.o
                0x08003330                SetInterruptOuput
 .text.WriteBackData
                0x08003388       0x30 build/SD3077.o
                0x08003388                WriteBackData
 .text.ReadBackData
                0x080033b8       0x28 build/SD3077.o
                0x080033b8                ReadBackData
 .text.delay    0x080033e0       0x12 build/TM1637.o
 *fill*         0x080033f2        0x2 
 .text.start    0x080033f4       0x1c build/TM1637.o
 .text.WriteByte
                0x08003410       0x38 build/TM1637.o
 .text.waitACK  0x08003448       0x20 build/TM1637.o
 .text.stop     0x08003468       0x28 build/TM1637.o
 .text.TM1637SetBrightness
                0x08003490       0x1a build/TM1637.o
                0x08003490                TM1637SetBrightness
 .text.TM1637Init
                0x080034aa        0xa build/TM1637.o
                0x080034aa                TM1637Init
 .text.TM1637ShowNumberRight
                0x080034b4       0xc4 build/TM1637.o
                0x080034b4                TM1637ShowNumberRight
 .text.TM1637SetRawData
                0x08003578       0x38 build/TM1637.o
                0x08003578                TM1637SetRawData
 .text.TM1637SetChar
                0x080035b0       0x24 build/TM1637.o
                0x080035b0                TM1637SetChar
 .text.Reset_Handler
                0x080035d4       0x50 build/startup_stm32f030x6.o
                0x080035d4                Reset_Handler
 .text.Default_Handler
                0x08003624        0x2 build/startup_stm32f030x6.o
                0x08003624                TIM1_CC_IRQHandler
                0x08003624                I2C1_IRQHandler
                0x08003624                SPI1_IRQHandler
                0x08003624                ADC1_IRQHandler
                0x08003624                RTC_IRQHandler
                0x08003624                TIM3_IRQHandler
                0x08003624                EXTI4_15_IRQHandler
                0x08003624                RCC_IRQHandler
                0x08003624                Default_Handler
                0x08003624                TIM14_IRQHandler
                0x08003624                DMA1_Channel4_5_IRQHandler
                0x08003624                WWDG_IRQHandler
                0x08003624                DMA1_Channel2_3_IRQHandler
                0x08003624                FLASH_IRQHandler
                0x08003624                USART1_IRQHandler
                0x08003624                TIM1_BRK_UP_TRG_COM_IRQHandler
 .text.memset   0x08003626       0x10 D:/STM32CubeCLT/STM32CubeCLT_1.18.0/GNU-tools-for-STM32/bin/../lib/gcc/arm-none-eabi/13.3.1/../../../../arm-none-eabi/lib/thumb/v6-m/nofp\libc_nano.a(libc_a-memset.o)
                0x08003626                memset
 *fill*         0x08003636        0x2 
 .text.__libc_init_array
                0x08003638       0x48 D:/STM32CubeCLT/STM32CubeCLT_1.18.0/GNU-tools-for-STM32/bin/../lib/gcc/arm-none-eabi/13.3.1/../../../../arm-none-eabi/lib/thumb/v6-m/nofp\libc_nano.a(libc_a-init.o)
                0x08003638                __libc_init_array
 .text.memcpy   0x08003680       0x12 D:/STM32CubeCLT/STM32CubeCLT_1.18.0/GNU-tools-for-STM32/bin/../lib/gcc/arm-none-eabi/13.3.1/../../../../arm-none-eabi/lib/thumb/v6-m/nofp\libc_nano.a(libc_a-memcpy-stub.o)
                0x08003680                memcpy
 *(.glue_7)
 .glue_7        0x08003692        0x0 linker stubs
 *(.glue_7t)
 .glue_7t       0x08003692        0x0 linker stubs
 *(.eh_frame)
 *fill*         0x08003692        0x2 
 .eh_frame      0x08003694        0x0 D:/STM32CubeCLT/STM32CubeCLT_1.18.0/GNU-tools-for-STM32/bin/../lib/gcc/arm-none-eabi/13.3.1/thumb/v6-m/nofp/crtbegin.o
 *(.init)
 .init          0x08003694        0x4 D:/STM32CubeCLT/STM32CubeCLT_1.18.0/GNU-tools-for-STM32/bin/../lib/gcc/arm-none-eabi/13.3.1/thumb/v6-m/nofp/crti.o
                0x08003694                _init
 .init          0x08003698        0x8 D:/STM32CubeCLT/STM32CubeCLT_1.18.0/GNU-tools-for-STM32/bin/../lib/gcc/arm-none-eabi/13.3.1/thumb/v6-m/nofp/crtn.o
 *(.fini)
 .fini          0x080036a0        0x4 D:/STM32CubeCLT/STM32CubeCLT_1.18.0/GNU-tools-for-STM32/bin/../lib/gcc/arm-none-eabi/13.3.1/thumb/v6-m/nofp/crti.o
                0x080036a0                _fini
 .fini          0x080036a4        0x8 D:/STM32CubeCLT/STM32CubeCLT_1.18.0/GNU-tools-for-STM32/bin/../lib/gcc/arm-none-eabi/13.3.1/thumb/v6-m/nofp/crtn.o
                0x080036ac                        . = ALIGN (0x4)
                0x080036ac                        _etext = .

.vfp11_veneer   0x080036ac        0x0
 .vfp11_veneer  0x080036ac        0x0 linker stubs

.v4_bx          0x080036ac        0x0
 .v4_bx         0x080036ac        0x0 linker stubs

.iplt           0x080036ac        0x0
 .iplt          0x080036ac        0x0 D:/STM32CubeCLT/STM32CubeCLT_1.18.0/GNU-tools-for-STM32/bin/../lib/gcc/arm-none-eabi/13.3.1/thumb/v6-m/nofp/crtbegin.o

.rodata         0x080036ac      0x184
                0x080036ac                        . = ALIGN (0x4)
 *(.rodata)
 *(.rodata*)
 .rodata.tempertureMap
                0x080036ac       0xfc build/main.o
                0x080036ac                tempertureMap
 .rodata.HAL_RCC_GetSysClockFreq.str1.1
                0x080037a8       0x22 build/stm32f0xx_hal_rcc.o
 .rodata.AHBPrescTable
                0x080037ca       0x10 build/system_stm32f0xx.o
                0x080037ca                AHBPrescTable
 .rodata.CSWTCH.10
                0x080037da       0x49 build/TM1637.o
 .rodata.numbersMap
                0x08003823        0xa build/TM1637.o
                0x08003823                numbersMap
                0x08003830                        . = ALIGN (0x4)
 *fill*         0x0800382d        0x3 

.rel.dyn        0x08003830        0x0
 .rel.iplt      0x08003830        0x0 D:/STM32CubeCLT/STM32CubeCLT_1.18.0/GNU-tools-for-STM32/bin/../lib/gcc/arm-none-eabi/13.3.1/thumb/v6-m/nofp/crtbegin.o

.ARM.extab
 *(.ARM.extab* .gnu.linkonce.armextab.*)

.ARM            0x08003830        0x0
                0x08003830                        __exidx_start = .
 *(.ARM.exidx*)
                0x08003830                        __exidx_end = .

.preinit_array  0x08003830        0x0
                0x08003830                        PROVIDE (__preinit_array_start = .)
 *(.preinit_array*)
                0x08003830                        PROVIDE (__preinit_array_end = .)

.init_array     0x08003830        0x4
                0x08003830                        PROVIDE (__init_array_start = .)
 *(SORT_BY_NAME(.init_array.*))
 *(.init_array*)
 .init_array    0x08003830        0x4 D:/STM32CubeCLT/STM32CubeCLT_1.18.0/GNU-tools-for-STM32/bin/../lib/gcc/arm-none-eabi/13.3.1/thumb/v6-m/nofp/crtbegin.o
                0x08003834                        PROVIDE (__init_array_end = .)

.fini_array     0x08003834        0x4
                [!provide]                        PROVIDE (__fini_array_start = .)
 *(SORT_BY_NAME(.fini_array.*))
 *(.fini_array*)
 .fini_array    0x08003834        0x4 D:/STM32CubeCLT/STM32CubeCLT_1.18.0/GNU-tools-for-STM32/bin/../lib/gcc/arm-none-eabi/13.3.1/thumb/v6-m/nofp/crtbegin.o
                [!provide]                        PROVIDE (__fini_array_end = .)
                0x08003838                        _sidata = LOADADDR (.data)

.data           0x20000000        0x8 load address 0x08003838
                0x20000000                        . = ALIGN (0x4)
                0x20000000                        _sdata = .
 *(.data)
 *(.data*)
 .data.temperture
                0x20000000        0x1 build/main.o
                0x20000000                temperture
 .data.lastChimeSecond
                0x20000001        0x1 build/main.o
                0x20000001                lastChimeSecond
 .data.isWeakBrightness
                0x20000002        0x1 build/main.o
                0x20000002                isWeakBrightness
 *fill*         0x20000003        0x1 
 .data.SystemCoreClock
                0x20000004        0x4 build/system_stm32f0xx.o
                0x20000004                SystemCoreClock
                0x20000008                        . = ALIGN (0x4)
                0x20000008                        _edata = .

.igot.plt       0x20000008        0x0 load address 0x08003840
 .igot.plt      0x20000008        0x0 D:/STM32CubeCLT/STM32CubeCLT_1.18.0/GNU-tools-for-STM32/bin/../lib/gcc/arm-none-eabi/13.3.1/thumb/v6-m/nofp/crtbegin.o
                0x20000008                        . = ALIGN (0x4)

.bss            0x20000008      0x220 load address 0x08003840
                0x20000008                        _sbss = .
                0x20000008                        __bss_start__ = _sbss
 *(.bss)
 .bss           0x20000008       0x1c D:/STM32CubeCLT/STM32CubeCLT_1.18.0/GNU-tools-for-STM32/bin/../lib/gcc/arm-none-eabi/13.3.1/thumb/v6-m/nofp/crtbegin.o
 *(.bss*)
 .bss.tempBuffer
                0x20000024       0x12 build/main.o
                0x20000024                tempBuffer
 .bss.tempBuffered
                0x20000036        0x1 build/main.o
                0x20000036                tempBuffered
 .bss.tempertureHideTime
                0x20000037        0x1 build/main.o
                0x20000037                tempertureHideTime
 .bss.tempertureShowTime
                0x20000038        0x1 build/main.o
                0x20000038                tempertureShowTime
 .bss.setKeyRepeatReported
                0x20000039        0x1 build/main.o
                0x20000039                setKeyRepeatReported
 *fill*         0x2000003a        0x2 
 .bss.alarmBeepCount
                0x2000003c        0x4 build/main.o
                0x2000003c                alarmBeepCount
 .bss.alarmTimestamp
                0x20000040        0x4 build/main.o
                0x20000040                alarmTimestamp
 .bss.lastSetKeyPressReportTime
                0x20000044        0x4 build/main.o
                0x20000044                lastSetKeyPressReportTime
 .bss.lastSetKeyPressTime
                0x20000048        0x4 build/main.o
                0x20000048                lastSetKeyPressTime
 .bss.lastModeKeyPressTime
                0x2000004c        0x4 build/main.o
                0x2000004c                lastModeKeyPressTime
 .bss.isChiming
                0x20000050        0x1 build/main.o
                0x20000050                isChiming
 *fill*         0x20000051        0x3 
 .bss.ringStartTime
                0x20000054        0x4 build/main.o
                0x20000054                ringStartTime
 .bss.lastRingOnTimeHour
                0x20000058        0x1 build/main.o
                0x20000058                lastRingOnTimeHour
 .bss.ringOnTimeStop
                0x20000059        0x1 build/main.o
                0x20000059                ringOnTimeStop
 .bss.ringOnTimeStart
                0x2000005a        0x1 build/main.o
                0x2000005a                ringOnTimeStart
 .bss.isRingOnTimeEnabled
                0x2000005b        0x1 build/main.o
                0x2000005b                isRingOnTimeEnabled
 .bss.alarmMin  0x2000005c        0x1 build/main.o
                0x2000005c                alarmMin
 .bss.alarmHour
                0x2000005d        0x1 build/main.o
                0x2000005d                alarmHour
 .bss.isAlarming
                0x2000005e        0x1 build/main.o
                0x2000005e                isAlarming
 .bss.isAlarmed
                0x2000005f        0x1 build/main.o
                0x2000005f                isAlarmed
 .bss.isAlarmEnabled
                0x20000060        0x1 build/main.o
                0x20000060                isAlarmEnabled
 .bss.blinkControl
                0x20000061        0x1 build/main.o
                0x20000061                blinkControl
 .bss.lastTime  0x20000062        0x8 build/main.o
                0x20000062                lastTime
 .bss.time      0x2000006a        0x8 build/main.o
                0x2000006a                time
 .bss.weakBrightness
                0x20000072        0x1 build/main.o
                0x20000072                weakBrightness
 .bss.strongBrightness
                0x20000073        0x1 build/main.o
                0x20000073                strongBrightness
 .bss.savedBrightness
                0x20000074        0x1 build/main.o
                0x20000074                savedBrightness
 *fill*         0x20000075        0x3 
 .bss.adcValue  0x20000078        0x8 build/main.o
                0x20000078                adcValue
 .bss.lastDisplayChangeTime
                0x20000080        0x4 build/main.o
                0x20000080                lastDisplayChangeTime
 .bss.isInitCompleted
                0x20000084        0x1 build/main.o
                0x20000084                isInitCompleted
 .bss.currentMode
                0x20000085        0x1 build/main.o
                0x20000085                currentMode
 *fill*         0x20000086        0x2 
 .bss.hdma_adc  0x20000088       0x44 build/adc.o
                0x20000088                hdma_adc
 .bss.hadc      0x200000cc       0x4c build/adc.o
                0x200000cc                hadc
 .bss.hi2c1     0x20000118       0x4c build/i2c.o
                0x20000118                hi2c1
 .bss.htim17    0x20000164       0x40 build/tim.o
                0x20000164                htim17
 .bss.htim16    0x200001a4       0x40 build/tim.o
                0x200001a4                htim16
 .bss.htim3     0x200001e4       0x40 build/tim.o
                0x200001e4                htim3
 .bss.uwTick    0x20000224        0x4 build/stm32f0xx_hal.o
                0x20000224                uwTick
 *(COMMON)
                0x20000228                        . = ALIGN (0x4)
                0x20000228                        _ebss = .
                0x20000228                        __bss_end__ = _ebss

._user_heap_stack
                0x20000228      0x600 load address 0x08003840
                0x20000228                        . = ALIGN (0x8)
                0x20000228                        PROVIDE (end = .)
                [!provide]                        PROVIDE (_end = .)
                0x20000428                        . = (. + _Min_Heap_Size)
 *fill*         0x20000228      0x200 
                0x20000828                        . = (. + _Min_Stack_Size)
 *fill*         0x20000428      0x400 
                0x20000828                        . = ALIGN (0x8)

/DISCARD/
 libc.a(*)
 libm.a(*)
 libgcc.a(*)

.ARM.attributes
                0x00000000       0x28
 *(.ARM.attributes)
 .ARM.attributes
                0x00000000       0x1e D:/STM32CubeCLT/STM32CubeCLT_1.18.0/GNU-tools-for-STM32/bin/../lib/gcc/arm-none-eabi/13.3.1/thumb/v6-m/nofp/crti.o
 .ARM.attributes
                0x0000001e       0x2c D:/STM32CubeCLT/STM32CubeCLT_1.18.0/GNU-tools-for-STM32/bin/../lib/gcc/arm-none-eabi/13.3.1/thumb/v6-m/nofp/crtbegin.o
 .ARM.attributes
                0x0000004a       0x2c build/main.o
 .ARM.attributes
                0x00000076       0x2c build/gpio.o
 .ARM.attributes
                0x000000a2       0x2c build/adc.o
 .ARM.attributes
                0x000000ce       0x2c build/dma.o
 .ARM.attributes
                0x000000fa       0x2c build/i2c.o
 .ARM.attributes
                0x00000126       0x2c build/tim.o
 .ARM.attributes
                0x00000152       0x2c build/stm32f0xx_it.o
 .ARM.attributes
                0x0000017e       0x2c build/stm32f0xx_hal_msp.o
 .ARM.attributes
                0x000001aa       0x2c build/stm32f0xx_hal_adc.o
 .ARM.attributes
                0x000001d6       0x2c build/stm32f0xx_hal_adc_ex.o
 .ARM.attributes
                0x00000202       0x2c build/stm32f0xx_hal_i2c.o
 .ARM.attributes
                0x0000022e       0x2c build/stm32f0xx_hal_i2c_ex.o
 .ARM.attributes
                0x0000025a       0x2c build/stm32f0xx_hal_tim.o
 .ARM.attributes
                0x00000286       0x2c build/stm32f0xx_hal_tim_ex.o
 .ARM.attributes
                0x000002b2       0x2c build/stm32f0xx_hal_rcc.o
 .ARM.attributes
                0x000002de       0x2c build/stm32f0xx_hal_rcc_ex.o
 .ARM.attributes
                0x0000030a       0x2c build/stm32f0xx_hal.o
 .ARM.attributes
                0x00000336       0x2c build/stm32f0xx_hal_gpio.o
 .ARM.attributes
                0x00000362       0x2c build/stm32f0xx_hal_dma.o
 .ARM.attributes
                0x0000038e       0x2c build/stm32f0xx_hal_cortex.o
 .ARM.attributes
                0x000003ba       0x2c build/system_stm32f0xx.o
 .ARM.attributes
                0x000003e6       0x2c build/SD3077.o
 .ARM.attributes
                0x00000412       0x2c build/TM1637.o
 .ARM.attributes
                0x0000043e       0x21 build/startup_stm32f030x6.o
 .ARM.attributes
                0x0000045f       0x2c D:/STM32CubeCLT/STM32CubeCLT_1.18.0/GNU-tools-for-STM32/bin/../lib/gcc/arm-none-eabi/13.3.1/../../../../arm-none-eabi/lib/thumb/v6-m/nofp\libc_nano.a(libc_a-memset.o)
 .ARM.attributes
                0x0000048b       0x2c D:/STM32CubeCLT/STM32CubeCLT_1.18.0/GNU-tools-for-STM32/bin/../lib/gcc/arm-none-eabi/13.3.1/../../../../arm-none-eabi/lib/thumb/v6-m/nofp\libc_nano.a(libc_a-init.o)
 .ARM.attributes
                0x000004b7       0x2c D:/STM32CubeCLT/STM32CubeCLT_1.18.0/GNU-tools-for-STM32/bin/../lib/gcc/arm-none-eabi/13.3.1/../../../../arm-none-eabi/lib/thumb/v6-m/nofp\libc_nano.a(libc_a-memcpy-stub.o)
 .ARM.attributes
                0x000004e3       0x1e D:/STM32CubeCLT/STM32CubeCLT_1.18.0/GNU-tools-for-STM32/bin/../lib/gcc/arm-none-eabi/13.3.1/thumb/v6-m/nofp\libgcc.a(_thumb1_case_uqi.o)
 .ARM.attributes
                0x00000501       0x1e D:/STM32CubeCLT/STM32CubeCLT_1.18.0/GNU-tools-for-STM32/bin/../lib/gcc/arm-none-eabi/13.3.1/thumb/v6-m/nofp\libgcc.a(_thumb1_case_uhi.o)
 .ARM.attributes
                0x0000051f       0x1e D:/STM32CubeCLT/STM32CubeCLT_1.18.0/GNU-tools-for-STM32/bin/../lib/gcc/arm-none-eabi/13.3.1/thumb/v6-m/nofp\libgcc.a(_udivsi3.o)
 .ARM.attributes
                0x0000053d       0x1e D:/STM32CubeCLT/STM32CubeCLT_1.18.0/GNU-tools-for-STM32/bin/../lib/gcc/arm-none-eabi/13.3.1/thumb/v6-m/nofp\libgcc.a(_dvmd_tls.o)
 .ARM.attributes
                0x0000055b       0x1e D:/STM32CubeCLT/STM32CubeCLT_1.18.0/GNU-tools-for-STM32/bin/../lib/gcc/arm-none-eabi/13.3.1/thumb/v6-m/nofp/crtn.o
OUTPUT(build/STM32F030F4-LEDClock.elf elf32-littlearm)
LOAD linker stubs
LOAD D:/STM32CubeCLT/STM32CubeCLT_1.18.0/GNU-tools-for-STM32/bin/../lib/gcc/arm-none-eabi/13.3.1/../../../../arm-none-eabi/lib/thumb/v6-m/nofp\libc.a
LOAD D:/STM32CubeCLT/STM32CubeCLT_1.18.0/GNU-tools-for-STM32/bin/../lib/gcc/arm-none-eabi/13.3.1/../../../../arm-none-eabi/lib/thumb/v6-m/nofp\libm.a
LOAD D:/STM32CubeCLT/STM32CubeCLT_1.18.0/GNU-tools-for-STM32/bin/../lib/gcc/arm-none-eabi/13.3.1/thumb/v6-m/nofp\libgcc.a

.debug_info     0x00000000    0x145cf
 .debug_info    0x00000000     0x202d build/main.o
 .debug_info    0x0000202d      0x5cb build/gpio.o
 .debug_info    0x000025f8      0xaca build/adc.o
 .debug_info    0x000030c2      0x2d4 build/dma.o
 .debug_info    0x00003396      0xadb build/i2c.o
 .debug_info    0x00003e71      0xba0 build/tim.o
 .debug_info    0x00004a11      0x7b1 build/stm32f0xx_it.o
 .debug_info    0x000051c2      0x1d8 build/stm32f0xx_hal_msp.o
 .debug_info    0x0000539a     0x10c0 build/stm32f0xx_hal_adc.o
 .debug_info    0x0000645a      0x623 build/stm32f0xx_hal_adc_ex.o
 .debug_info    0x00006a7d     0x359d build/stm32f0xx_hal_i2c.o
 .debug_info    0x0000a01a      0x90c build/stm32f0xx_hal_i2c_ex.o
 .debug_info    0x0000a926     0x3d66 build/stm32f0xx_hal_tim.o
 .debug_info    0x0000e68c     0x14bc build/stm32f0xx_hal_tim_ex.o
 .debug_info    0x0000fb48      0xb27 build/stm32f0xx_hal_rcc.o
 .debug_info    0x0001066f      0x419 build/stm32f0xx_hal_rcc_ex.o
 .debug_info    0x00010a88      0x6e5 build/stm32f0xx_hal.o
 .debug_info    0x0001116d      0x6e1 build/stm32f0xx_hal_gpio.o
 .debug_info    0x0001184e      0x94d build/stm32f0xx_hal_dma.o
 .debug_info    0x0001219b      0x8cf build/stm32f0xx_hal_cortex.o
 .debug_info    0x00012a6a      0x2c8 build/system_stm32f0xx.o
 .debug_info    0x00012d32      0xf7c build/SD3077.o
 .debug_info    0x00013cae      0x8f1 build/TM1637.o
 .debug_info    0x0001459f       0x30 build/startup_stm32f030x6.o

.debug_abbrev   0x00000000     0x33eb
 .debug_abbrev  0x00000000      0x3e5 build/main.o
 .debug_abbrev  0x000003e5      0x190 build/gpio.o
 .debug_abbrev  0x00000575      0x206 build/adc.o
 .debug_abbrev  0x0000077b      0x11b build/dma.o
 .debug_abbrev  0x00000896      0x22b build/i2c.o
 .debug_abbrev  0x00000ac1      0x225 build/tim.o
 .debug_abbrev  0x00000ce6      0x1f9 build/stm32f0xx_it.o
 .debug_abbrev  0x00000edf       0xbd build/stm32f0xx_hal_msp.o
 .debug_abbrev  0x00000f9c      0x2e1 build/stm32f0xx_hal_adc.o
 .debug_abbrev  0x0000127d      0x141 build/stm32f0xx_hal_adc_ex.o
 .debug_abbrev  0x000013be      0x3d3 build/stm32f0xx_hal_i2c.o
 .debug_abbrev  0x00001791      0x1c4 build/stm32f0xx_hal_i2c_ex.o
 .debug_abbrev  0x00001955      0x3bd build/stm32f0xx_hal_tim.o
 .debug_abbrev  0x00001d12      0x2ff build/stm32f0xx_hal_tim_ex.o
 .debug_abbrev  0x00002011      0x2c7 build/stm32f0xx_hal_rcc.o
 .debug_abbrev  0x000022d8      0x1aa build/stm32f0xx_hal_rcc_ex.o
 .debug_abbrev  0x00002482      0x257 build/stm32f0xx_hal.o
 .debug_abbrev  0x000026d9      0x235 build/stm32f0xx_hal_gpio.o
 .debug_abbrev  0x0000290e      0x24f build/stm32f0xx_hal_dma.o
 .debug_abbrev  0x00002b5d      0x270 build/stm32f0xx_hal_cortex.o
 .debug_abbrev  0x00002dcd      0x134 build/system_stm32f0xx.o
 .debug_abbrev  0x00002f01      0x265 build/SD3077.o
 .debug_abbrev  0x00003166      0x268 build/TM1637.o
 .debug_abbrev  0x000033ce       0x1d build/startup_stm32f030x6.o

.debug_loc      0x00000000     0xf464
 .debug_loc     0x00000000      0xfcc build/main.o
 .debug_loc     0x00000fcc       0x2c build/gpio.o
 .debug_loc     0x00000ff8       0xe8 build/adc.o
 .debug_loc     0x000010e0       0x20 build/dma.o
 .debug_loc     0x00001100       0xcf build/i2c.o
 .debug_loc     0x000011cf      0x18e build/tim.o
 .debug_loc     0x0000135d       0xc0 build/stm32f0xx_it.o
 .debug_loc     0x0000141d       0x20 build/stm32f0xx_hal_msp.o
 .debug_loc     0x0000143d      0xfca build/stm32f0xx_hal_adc.o
 .debug_loc     0x00002407      0x152 build/stm32f0xx_hal_adc_ex.o
 .debug_loc     0x00002559     0x4002 build/stm32f0xx_hal_i2c.o
 .debug_loc     0x0000655b      0x1d4 build/stm32f0xx_hal_i2c_ex.o
 .debug_loc     0x0000672f     0x4de1 build/stm32f0xx_hal_tim.o
 .debug_loc     0x0000b510     0x1160 build/stm32f0xx_hal_tim_ex.o
 .debug_loc     0x0000c670      0x721 build/stm32f0xx_hal_rcc.o
 .debug_loc     0x0000cd91      0x366 build/stm32f0xx_hal_rcc_ex.o
 .debug_loc     0x0000d0f7      0x112 build/stm32f0xx_hal.o
 .debug_loc     0x0000d209      0x414 build/stm32f0xx_hal_gpio.o
 .debug_loc     0x0000d61d      0xa90 build/stm32f0xx_hal_dma.o
 .debug_loc     0x0000e0ad      0x51a build/stm32f0xx_hal_cortex.o
 .debug_loc     0x0000e5c7      0x16f build/system_stm32f0xx.o
 .debug_loc     0x0000e736      0x478 build/SD3077.o
 .debug_loc     0x0000ebae      0x8b6 build/TM1637.o

.debug_aranges  0x00000000      0xe38
 .debug_aranges
                0x00000000       0xd8 build/main.o
 .debug_aranges
                0x000000d8       0x20 build/gpio.o
 .debug_aranges
                0x000000f8       0x30 build/adc.o
 .debug_aranges
                0x00000128       0x20 build/dma.o
 .debug_aranges
                0x00000148       0x30 build/i2c.o
 .debug_aranges
                0x00000178       0x40 build/tim.o
 .debug_aranges
                0x000001b8       0x68 build/stm32f0xx_it.o
 .debug_aranges
                0x00000220       0x20 build/stm32f0xx_hal_msp.o
 .debug_aranges
                0x00000240       0xf8 build/stm32f0xx_hal_adc.o
 .debug_aranges
                0x00000338       0x20 build/stm32f0xx_hal_adc_ex.o
 .debug_aranges
                0x00000358      0x258 build/stm32f0xx_hal_i2c.o
 .debug_aranges
                0x000005b0       0x38 build/stm32f0xx_hal_i2c_ex.o
 .debug_aranges
                0x000005e8      0x348 build/stm32f0xx_hal_tim.o
 .debug_aranges
                0x00000930      0x140 build/stm32f0xx_hal_tim_ex.o
 .debug_aranges
                0x00000a70       0x80 build/stm32f0xx_hal_rcc.o
 .debug_aranges
                0x00000af0       0x30 build/stm32f0xx_hal_rcc_ex.o
 .debug_aranges
                0x00000b20       0xb8 build/stm32f0xx_hal.o
 .debug_aranges
                0x00000bd8       0x58 build/stm32f0xx_hal_gpio.o
 .debug_aranges
                0x00000c30       0x78 build/stm32f0xx_hal_dma.o
 .debug_aranges
                0x00000ca8       0x78 build/stm32f0xx_hal_cortex.o
 .debug_aranges
                0x00000d20       0x28 build/system_stm32f0xx.o
 .debug_aranges
                0x00000d48       0x50 build/SD3077.o
 .debug_aranges
                0x00000d98       0x78 build/TM1637.o
 .debug_aranges
                0x00000e10       0x28 build/startup_stm32f030x6.o

.debug_ranges   0x00000000     0x1630
 .debug_ranges  0x00000000      0x100 build/main.o
 .debug_ranges  0x00000100       0x88 build/gpio.o
 .debug_ranges  0x00000188       0x70 build/adc.o
 .debug_ranges  0x000001f8       0x48 build/dma.o
 .debug_ranges  0x00000240       0x40 build/i2c.o
 .debug_ranges  0x00000280       0x80 build/tim.o
 .debug_ranges  0x00000300       0x58 build/stm32f0xx_it.o
 .debug_ranges  0x00000358       0x48 build/stm32f0xx_hal_msp.o
 .debug_ranges  0x000003a0       0xe8 build/stm32f0xx_hal_adc.o
 .debug_ranges  0x00000488       0x10 build/stm32f0xx_hal_adc_ex.o
 .debug_ranges  0x00000498      0x290 build/stm32f0xx_hal_i2c.o
 .debug_ranges  0x00000728       0x68 build/stm32f0xx_hal_i2c_ex.o
 .debug_ranges  0x00000790      0x5f0 build/stm32f0xx_hal_tim.o
 .debug_ranges  0x00000d80      0x130 build/stm32f0xx_hal_tim_ex.o
 .debug_ranges  0x00000eb0       0xb8 build/stm32f0xx_hal_rcc.o
 .debug_ranges  0x00000f68       0x40 build/stm32f0xx_hal_rcc_ex.o
 .debug_ranges  0x00000fa8       0xa8 build/stm32f0xx_hal.o
 .debug_ranges  0x00001050       0x70 build/stm32f0xx_hal_gpio.o
 .debug_ranges  0x000010c0       0xe8 build/stm32f0xx_hal_dma.o
 .debug_ranges  0x000011a8      0x158 build/stm32f0xx_hal_cortex.o
 .debug_ranges  0x00001300       0x18 build/system_stm32f0xx.o
 .debug_ranges  0x00001318      0x180 build/SD3077.o
 .debug_ranges  0x00001498      0x178 build/TM1637.o
 .debug_ranges  0x00001610       0x20 build/startup_stm32f030x6.o

.debug_line     0x00000000     0xfae8
 .debug_line    0x00000000     0x167d build/main.o
 .debug_line    0x0000167d      0x2d9 build/gpio.o
 .debug_line    0x00001956      0x43b build/adc.o
 .debug_line    0x00001d91      0x202 build/dma.o
 .debug_line    0x00001f93      0x392 build/i2c.o
 .debug_line    0x00002325      0x4a6 build/tim.o
 .debug_line    0x000027cb      0x341 build/stm32f0xx_it.o
 .debug_line    0x00002b0c      0x1cc build/stm32f0xx_hal_msp.o
 .debug_line    0x00002cd8     0x106d build/stm32f0xx_hal_adc.o
 .debug_line    0x00003d45      0x343 build/stm32f0xx_hal_adc_ex.o
 .debug_line    0x00004088     0x37df build/stm32f0xx_hal_i2c.o
 .debug_line    0x00007867      0x38c build/stm32f0xx_hal_i2c_ex.o
 .debug_line    0x00007bf3     0x3393 build/stm32f0xx_hal_tim.o
 .debug_line    0x0000af86      0xdfe build/stm32f0xx_hal_tim_ex.o
 .debug_line    0x0000bd84      0xcf4 build/stm32f0xx_hal_rcc.o
 .debug_line    0x0000ca78      0x52c build/stm32f0xx_hal_rcc_ex.o
 .debug_line    0x0000cfa4      0x51b build/stm32f0xx_hal.o
 .debug_line    0x0000d4bf      0x612 build/stm32f0xx_hal_gpio.o
 .debug_line    0x0000dad1      0xaca build/stm32f0xx_hal_dma.o
 .debug_line    0x0000e59b      0x5a2 build/stm32f0xx_hal_cortex.o
 .debug_line    0x0000eb3d      0x2e0 build/system_stm32f0xx.o
 .debug_line    0x0000ee1d      0x5da build/SD3077.o
 .debug_line    0x0000f3f7      0x67c build/TM1637.o
 .debug_line    0x0000fa73       0x75 build/startup_stm32f030x6.o

.debug_str      0x00000000     0x3f66
 .debug_str     0x00000000     0x3f66 build/main.o
                               0x1170 (size before relaxing)
 .debug_str     0x00003f66      0x434 build/gpio.o
 .debug_str     0x00003f66      0x6b8 build/adc.o
 .debug_str     0x00003f66      0x34f build/dma.o
 .debug_str     0x00003f66      0x7c8 build/i2c.o
 .debug_str     0x00003f66      0x8da build/tim.o
 .debug_str     0x00003f66      0x646 build/stm32f0xx_it.o
 .debug_str     0x00003f66      0x1df build/stm32f0xx_hal_msp.o
 .debug_str     0x00003f66      0x8a9 build/stm32f0xx_hal_adc.o
 .debug_str     0x00003f66      0x571 build/stm32f0xx_hal_adc_ex.o
 .debug_str     0x00003f66      0xe5a build/stm32f0xx_hal_i2c.o
 .debug_str     0x00003f66      0x791 build/stm32f0xx_hal_i2c_ex.o
 .debug_str     0x00003f66     0x1379 build/stm32f0xx_hal_tim.o
 .debug_str     0x00003f66      0xc08 build/stm32f0xx_hal_tim_ex.o
 .debug_str     0x00003f66      0x622 build/stm32f0xx_hal_rcc.o
 .debug_str     0x00003f66      0x397 build/stm32f0xx_hal_rcc_ex.o
 .debug_str     0x00003f66      0x59b build/stm32f0xx_hal.o
 .debug_str     0x00003f66      0x3e5 build/stm32f0xx_hal_gpio.o
 .debug_str     0x00003f66      0x602 build/stm32f0xx_hal_dma.o
 .debug_str     0x00003f66      0x58b build/stm32f0xx_hal_cortex.o
 .debug_str     0x00003f66      0x257 build/system_stm32f0xx.o
 .debug_str     0x00003f66      0x7f4 build/SD3077.o
 .debug_str     0x00003f66      0x2d8 build/TM1637.o
 .debug_str     0x00003f66       0x64 build/startup_stm32f030x6.o

.comment        0x00000000       0x43
 .comment       0x00000000       0x43 build/main.o
                                 0x44 (size before relaxing)
 .comment       0x00000043       0x44 build/gpio.o
 .comment       0x00000043       0x44 build/adc.o
 .comment       0x00000043       0x44 build/dma.o
 .comment       0x00000043       0x44 build/i2c.o
 .comment       0x00000043       0x44 build/tim.o
 .comment       0x00000043       0x44 build/stm32f0xx_it.o
 .comment       0x00000043       0x44 build/stm32f0xx_hal_msp.o
 .comment       0x00000043       0x44 build/stm32f0xx_hal_adc.o
 .comment       0x00000043       0x44 build/stm32f0xx_hal_adc_ex.o
 .comment       0x00000043       0x44 build/stm32f0xx_hal_i2c.o
 .comment       0x00000043       0x44 build/stm32f0xx_hal_i2c_ex.o
 .comment       0x00000043       0x44 build/stm32f0xx_hal_tim.o
 .comment       0x00000043       0x44 build/stm32f0xx_hal_tim_ex.o
 .comment       0x00000043       0x44 build/stm32f0xx_hal_rcc.o
 .comment       0x00000043       0x44 build/stm32f0xx_hal_rcc_ex.o
 .comment       0x00000043       0x44 build/stm32f0xx_hal.o
 .comment       0x00000043       0x44 build/stm32f0xx_hal_gpio.o
 .comment       0x00000043       0x44 build/stm32f0xx_hal_dma.o
 .comment       0x00000043       0x44 build/stm32f0xx_hal_cortex.o
 .comment       0x00000043       0x44 build/system_stm32f0xx.o
 .comment       0x00000043       0x44 build/SD3077.o
 .comment       0x00000043       0x44 build/TM1637.o

.debug_frame    0x00000000     0x2644
 .debug_frame   0x00000000      0x284 build/main.o
 .debug_frame   0x00000284       0x30 build/gpio.o
 .debug_frame   0x000002b4       0x64 build/adc.o
 .debug_frame   0x00000318       0x2c build/dma.o
 .debug_frame   0x00000344       0x5c build/i2c.o
 .debug_frame   0x000003a0       0x94 build/tim.o
 .debug_frame   0x00000434       0xe0 build/stm32f0xx_it.o
 .debug_frame   0x00000514       0x24 build/stm32f0xx_hal_msp.o
 .debug_frame   0x00000538      0x2c8 build/stm32f0xx_hal_adc.o
 .debug_frame   0x00000800       0x30 build/stm32f0xx_hal_adc_ex.o
 .debug_frame   0x00000830      0x7a8 build/stm32f0xx_hal_i2c.o
 .debug_frame   0x00000fd8       0x78 build/stm32f0xx_hal_i2c_ex.o
 .debug_frame   0x00001050      0x95c build/stm32f0xx_hal_tim.o
 .debug_frame   0x000019ac      0x38c build/stm32f0xx_hal_tim_ex.o
 .debug_frame   0x00001d38      0x138 build/stm32f0xx_hal_rcc.o
 .debug_frame   0x00001e70       0x58 build/stm32f0xx_hal_rcc_ex.o
 .debug_frame   0x00001ec8      0x178 build/stm32f0xx_hal.o
 .debug_frame   0x00002040       0xc0 build/stm32f0xx_hal_gpio.o
 .debug_frame   0x00002100      0x15c build/stm32f0xx_hal_dma.o
 .debug_frame   0x0000225c       0xe0 build/stm32f0xx_hal_cortex.o
 .debug_frame   0x0000233c       0x3c build/system_stm32f0xx.o
 .debug_frame   0x00002378       0xf0 build/SD3077.o
 .debug_frame   0x00002468      0x148 build/TM1637.o
 .debug_frame   0x000025b0       0x20 D:/STM32CubeCLT/STM32CubeCLT_1.18.0/GNU-tools-for-STM32/bin/../lib/gcc/arm-none-eabi/13.3.1/../../../../arm-none-eabi/lib/thumb/v6-m/nofp\libc_nano.a(libc_a-memset.o)
 .debug_frame   0x000025d0       0x2c D:/STM32CubeCLT/STM32CubeCLT_1.18.0/GNU-tools-for-STM32/bin/../lib/gcc/arm-none-eabi/13.3.1/../../../../arm-none-eabi/lib/thumb/v6-m/nofp\libc_nano.a(libc_a-init.o)
 .debug_frame   0x000025fc       0x28 D:/STM32CubeCLT/STM32CubeCLT_1.18.0/GNU-tools-for-STM32/bin/../lib/gcc/arm-none-eabi/13.3.1/../../../../arm-none-eabi/lib/thumb/v6-m/nofp\libc_nano.a(libc_a-memcpy-stub.o)
 .debug_frame   0x00002624       0x20 D:/STM32CubeCLT/STM32CubeCLT_1.18.0/GNU-tools-for-STM32/bin/../lib/gcc/arm-none-eabi/13.3.1/thumb/v6-m/nofp\libgcc.a(_udivsi3.o)

Cross Reference Table

Symbol                                            File
ADC1_IRQHandler                                   build/startup_stm32f030x6.o
AHBPrescTable                                     build/system_stm32f0xx.o
                                                  build/stm32f0xx_hal_rcc.o
APBPrescTable                                     build/system_stm32f0xx.o
                                                  build/stm32f0xx_hal_rcc.o
DMA1_Channel1_IRQHandler                          build/stm32f0xx_it.o
DMA1_Channel2_3_IRQHandler                        build/startup_stm32f030x6.o
DMA1_Channel4_5_IRQHandler                        build/startup_stm32f030x6.o
Default_Handler                                   build/startup_stm32f030x6.o
EXTI0_1_IRQHandler                                build/stm32f0xx_it.o
EXTI2_3_IRQHandler                                build/stm32f0xx_it.o
EXTI4_15_IRQHandler                               build/startup_stm32f030x6.o
EnableSencodInterruptOuput                        build/SD3077.o
                                                  build/main.o
Error_Handler                                     build/main.o
                                                  build/tim.o
                                                  build/i2c.o
                                                  build/adc.o
FLASH_IRQHandler                                  build/startup_stm32f030x6.o
FLASH_PageErase                                   build/stm32f0xx_hal_flash_ex.o
                                                  build/stm32f0xx_hal_flash.o
FLASH_WaitForLastOperation                        build/stm32f0xx_hal_flash.o
                                                  build/stm32f0xx_hal_flash_ex.o
HAL_ADCEx_Calibration_Start                       build/stm32f0xx_hal_adc_ex.o
                                                  build/main.o
HAL_ADC_AnalogWDGConfig                           build/stm32f0xx_hal_adc.o
HAL_ADC_ConfigChannel                             build/stm32f0xx_hal_adc.o
                                                  build/adc.o
HAL_ADC_ConvCpltCallback                          build/stm32f0xx_hal_adc.o
HAL_ADC_ConvHalfCpltCallback                      build/stm32f0xx_hal_adc.o
HAL_ADC_DeInit                                    build/stm32f0xx_hal_adc.o
HAL_ADC_ErrorCallback                             build/stm32f0xx_hal_adc.o
HAL_ADC_GetError                                  build/stm32f0xx_hal_adc.o
HAL_ADC_GetState                                  build/stm32f0xx_hal_adc.o
HAL_ADC_GetValue                                  build/stm32f0xx_hal_adc.o
HAL_ADC_IRQHandler                                build/stm32f0xx_hal_adc.o
HAL_ADC_Init                                      build/stm32f0xx_hal_adc.o
                                                  build/adc.o
HAL_ADC_LevelOutOfWindowCallback                  build/stm32f0xx_hal_adc.o
HAL_ADC_MspDeInit                                 build/adc.o
HAL_ADC_MspInit                                   build/adc.o
HAL_ADC_PollForConversion                         build/stm32f0xx_hal_adc.o
HAL_ADC_PollForEvent                              build/stm32f0xx_hal_adc.o
HAL_ADC_Start                                     build/stm32f0xx_hal_adc.o
HAL_ADC_Start_DMA                                 build/stm32f0xx_hal_adc.o
                                                  build/main.o
HAL_ADC_Start_IT                                  build/stm32f0xx_hal_adc.o
HAL_ADC_Stop                                      build/stm32f0xx_hal_adc.o
HAL_ADC_Stop_DMA                                  build/stm32f0xx_hal_adc.o
HAL_ADC_Stop_IT                                   build/stm32f0xx_hal_adc.o
HAL_DBGMCU_DisableDBGStandbyMode                  build/stm32f0xx_hal.o
HAL_DBGMCU_DisableDBGStopMode                     build/stm32f0xx_hal.o
HAL_DBGMCU_EnableDBGStandbyMode                   build/stm32f0xx_hal.o
HAL_DBGMCU_EnableDBGStopMode                      build/stm32f0xx_hal.o
HAL_DMA_Abort                                     build/stm32f0xx_hal_dma.o
                                                  build/stm32f0xx_hal_tim.o
                                                  build/stm32f0xx_hal_adc.o
HAL_DMA_Abort_IT                                  build/stm32f0xx_hal_dma.o
                                                  build/stm32f0xx_hal_i2c.o
HAL_DMA_DeInit                                    build/stm32f0xx_hal_dma.o
                                                  build/adc.o
HAL_DMA_GetError                                  build/stm32f0xx_hal_dma.o
HAL_DMA_GetState                                  build/stm32f0xx_hal_dma.o
HAL_DMA_IRQHandler                                build/stm32f0xx_hal_dma.o
                                                  build/stm32f0xx_it.o
HAL_DMA_Init                                      build/stm32f0xx_hal_dma.o
                                                  build/adc.o
HAL_DMA_PollForTransfer                           build/stm32f0xx_hal_dma.o
HAL_DMA_RegisterCallback                          build/stm32f0xx_hal_dma.o
HAL_DMA_Start                                     build/stm32f0xx_hal_dma.o
HAL_DMA_Start_IT                                  build/stm32f0xx_hal_dma.o
                                                  build/stm32f0xx_hal_tim_ex.o
                                                  build/stm32f0xx_hal_tim.o
                                                  build/stm32f0xx_hal_i2c.o
                                                  build/stm32f0xx_hal_adc.o
HAL_DMA_UnRegisterCallback                        build/stm32f0xx_hal_dma.o
HAL_DeInit                                        build/stm32f0xx_hal.o
HAL_Delay                                         build/stm32f0xx_hal.o
HAL_FLASHEx_Erase                                 build/stm32f0xx_hal_flash_ex.o
HAL_FLASHEx_Erase_IT                              build/stm32f0xx_hal_flash_ex.o
HAL_FLASHEx_OBErase                               build/stm32f0xx_hal_flash_ex.o
HAL_FLASHEx_OBGetConfig                           build/stm32f0xx_hal_flash_ex.o
HAL_FLASHEx_OBGetUserData                         build/stm32f0xx_hal_flash_ex.o
HAL_FLASHEx_OBProgram                             build/stm32f0xx_hal_flash_ex.o
HAL_FLASH_EndOfOperationCallback                  build/stm32f0xx_hal_flash.o
HAL_FLASH_GetError                                build/stm32f0xx_hal_flash.o
HAL_FLASH_IRQHandler                              build/stm32f0xx_hal_flash.o
HAL_FLASH_Lock                                    build/stm32f0xx_hal_flash.o
HAL_FLASH_OB_Launch                               build/stm32f0xx_hal_flash.o
HAL_FLASH_OB_Lock                                 build/stm32f0xx_hal_flash.o
HAL_FLASH_OB_Unlock                               build/stm32f0xx_hal_flash.o
HAL_FLASH_OperationErrorCallback                  build/stm32f0xx_hal_flash.o
HAL_FLASH_Program                                 build/stm32f0xx_hal_flash.o
HAL_FLASH_Program_IT                              build/stm32f0xx_hal_flash.o
HAL_FLASH_Unlock                                  build/stm32f0xx_hal_flash.o
HAL_GPIO_DeInit                                   build/stm32f0xx_hal_gpio.o
                                                  build/i2c.o
                                                  build/adc.o
HAL_GPIO_EXTI_Callback                            build/main.o
HAL_GPIO_EXTI_IRQHandler                          build/stm32f0xx_hal_gpio.o
                                                  build/stm32f0xx_it.o
HAL_GPIO_Init                                     build/stm32f0xx_hal_gpio.o
                                                  build/stm32f0xx_hal_rcc.o
                                                  build/i2c.o
                                                  build/adc.o
                                                  build/gpio.o
HAL_GPIO_LockPin                                  build/stm32f0xx_hal_gpio.o
HAL_GPIO_ReadPin                                  build/stm32f0xx_hal_gpio.o
                                                  build/main.o
HAL_GPIO_TogglePin                                build/stm32f0xx_hal_gpio.o
HAL_GPIO_WritePin                                 build/stm32f0xx_hal_gpio.o
                                                  build/gpio.o
                                                  build/main.o
HAL_GetDEVID                                      build/stm32f0xx_hal.o
HAL_GetHalVersion                                 build/stm32f0xx_hal.o
HAL_GetREVID                                      build/stm32f0xx_hal.o
HAL_GetTick                                       build/stm32f0xx_hal.o
                                                  build/stm32f0xx_hal_flash.o
                                                  build/stm32f0xx_hal_dma.o
                                                  build/stm32f0xx_hal_rcc_ex.o
                                                  build/stm32f0xx_hal_rcc.o
                                                  build/stm32f0xx_hal_i2c.o
                                                  build/stm32f0xx_hal_adc_ex.o
                                                  build/stm32f0xx_hal_adc.o
                                                  build/main.o
HAL_GetUIDw0                                      build/stm32f0xx_hal.o
HAL_GetUIDw1                                      build/stm32f0xx_hal.o
HAL_GetUIDw2                                      build/stm32f0xx_hal.o
HAL_I2CEx_ConfigAnalogFilter                      build/stm32f0xx_hal_i2c_ex.o
                                                  build/i2c.o
HAL_I2CEx_ConfigDigitalFilter                     build/stm32f0xx_hal_i2c_ex.o
                                                  build/i2c.o
HAL_I2CEx_DisableFastModePlus                     build/stm32f0xx_hal_i2c_ex.o
HAL_I2CEx_EnableFastModePlus                      build/stm32f0xx_hal_i2c_ex.o
HAL_I2C_AbortCpltCallback                         build/stm32f0xx_hal_i2c.o
HAL_I2C_AddrCallback                              build/stm32f0xx_hal_i2c.o
HAL_I2C_DeInit                                    build/stm32f0xx_hal_i2c.o
HAL_I2C_DisableListen_IT                          build/stm32f0xx_hal_i2c.o
HAL_I2C_ER_IRQHandler                             build/stm32f0xx_hal_i2c.o
HAL_I2C_EV_IRQHandler                             build/stm32f0xx_hal_i2c.o
HAL_I2C_EnableListen_IT                           build/stm32f0xx_hal_i2c.o
HAL_I2C_ErrorCallback                             build/stm32f0xx_hal_i2c.o
HAL_I2C_GetError                                  build/stm32f0xx_hal_i2c.o
HAL_I2C_GetMode                                   build/stm32f0xx_hal_i2c.o
HAL_I2C_GetState                                  build/stm32f0xx_hal_i2c.o
HAL_I2C_Init                                      build/stm32f0xx_hal_i2c.o
                                                  build/i2c.o
HAL_I2C_IsDeviceReady                             build/stm32f0xx_hal_i2c.o
HAL_I2C_ListenCpltCallback                        build/stm32f0xx_hal_i2c.o
HAL_I2C_MasterRxCpltCallback                      build/stm32f0xx_hal_i2c.o
HAL_I2C_MasterTxCpltCallback                      build/stm32f0xx_hal_i2c.o
HAL_I2C_Master_Abort_IT                           build/stm32f0xx_hal_i2c.o
HAL_I2C_Master_Receive                            build/stm32f0xx_hal_i2c.o
HAL_I2C_Master_Receive_DMA                        build/stm32f0xx_hal_i2c.o
HAL_I2C_Master_Receive_IT                         build/stm32f0xx_hal_i2c.o
HAL_I2C_Master_Sequential_Receive_IT              build/stm32f0xx_hal_i2c.o
HAL_I2C_Master_Sequential_Transmit_IT             build/stm32f0xx_hal_i2c.o
HAL_I2C_Master_Transmit                           build/stm32f0xx_hal_i2c.o
HAL_I2C_Master_Transmit_DMA                       build/stm32f0xx_hal_i2c.o
HAL_I2C_Master_Transmit_IT                        build/stm32f0xx_hal_i2c.o
HAL_I2C_MemRxCpltCallback                         build/stm32f0xx_hal_i2c.o
HAL_I2C_MemTxCpltCallback                         build/stm32f0xx_hal_i2c.o
HAL_I2C_Mem_Read                                  build/stm32f0xx_hal_i2c.o
                                                  build/SD3077.o
HAL_I2C_Mem_Read_DMA                              build/stm32f0xx_hal_i2c.o
HAL_I2C_Mem_Read_IT                               build/stm32f0xx_hal_i2c.o
HAL_I2C_Mem_Write                                 build/stm32f0xx_hal_i2c.o
                                                  build/SD3077.o
HAL_I2C_Mem_Write_DMA                             build/stm32f0xx_hal_i2c.o
HAL_I2C_Mem_Write_IT                              build/stm32f0xx_hal_i2c.o
HAL_I2C_MspDeInit                                 build/i2c.o
HAL_I2C_MspInit                                   build/i2c.o
HAL_I2C_SlaveRxCpltCallback                       build/stm32f0xx_hal_i2c.o
HAL_I2C_SlaveTxCpltCallback                       build/stm32f0xx_hal_i2c.o
HAL_I2C_Slave_Receive                             build/stm32f0xx_hal_i2c.o
HAL_I2C_Slave_Receive_DMA                         build/stm32f0xx_hal_i2c.o
HAL_I2C_Slave_Receive_IT                          build/stm32f0xx_hal_i2c.o
HAL_I2C_Slave_Sequential_Receive_IT               build/stm32f0xx_hal_i2c.o
HAL_I2C_Slave_Sequential_Transmit_IT              build/stm32f0xx_hal_i2c.o
HAL_I2C_Slave_Transmit                            build/stm32f0xx_hal_i2c.o
HAL_I2C_Slave_Transmit_DMA                        build/stm32f0xx_hal_i2c.o
HAL_I2C_Slave_Transmit_IT                         build/stm32f0xx_hal_i2c.o
HAL_IncTick                                       build/stm32f0xx_hal.o
                                                  build/stm32f0xx_it.o
HAL_Init                                          build/stm32f0xx_hal.o
                                                  build/main.o
HAL_InitTick                                      build/stm32f0xx_hal.o
                                                  build/stm32f0xx_hal_rcc.o
HAL_MspDeInit                                     build/stm32f0xx_hal.o
HAL_MspInit                                       build/stm32f0xx_hal_msp.o
HAL_NVIC_ClearPendingIRQ                          build/stm32f0xx_hal_cortex.o
HAL_NVIC_DisableIRQ                               build/stm32f0xx_hal_cortex.o
                                                  build/tim.o
HAL_NVIC_EnableIRQ                                build/stm32f0xx_hal_cortex.o
                                                  build/tim.o
                                                  build/dma.o
                                                  build/gpio.o
HAL_NVIC_GetPendingIRQ                            build/stm32f0xx_hal_cortex.o
HAL_NVIC_GetPriority                              build/stm32f0xx_hal_cortex.o
HAL_NVIC_SetPendingIRQ                            build/stm32f0xx_hal_cortex.o
HAL_NVIC_SetPriority                              build/stm32f0xx_hal_cortex.o
                                                  build/stm32f0xx_hal.o
                                                  build/tim.o
                                                  build/dma.o
                                                  build/gpio.o
HAL_NVIC_SystemReset                              build/stm32f0xx_hal_cortex.o
HAL_PWR_DeInit                                    build/stm32f0xx_hal_pwr.o
HAL_PWR_DisableBkUpAccess                         build/stm32f0xx_hal_pwr.o
HAL_PWR_DisableSEVOnPend                          build/stm32f0xx_hal_pwr.o
HAL_PWR_DisableSleepOnExit                        build/stm32f0xx_hal_pwr.o
HAL_PWR_DisableWakeUpPin                          build/stm32f0xx_hal_pwr.o
HAL_PWR_EnableBkUpAccess                          build/stm32f0xx_hal_pwr.o
HAL_PWR_EnableSEVOnPend                           build/stm32f0xx_hal_pwr.o
HAL_PWR_EnableSleepOnExit                         build/stm32f0xx_hal_pwr.o
HAL_PWR_EnableWakeUpPin                           build/stm32f0xx_hal_pwr.o
HAL_PWR_EnterSLEEPMode                            build/stm32f0xx_hal_pwr.o
HAL_PWR_EnterSTANDBYMode                          build/stm32f0xx_hal_pwr.o
HAL_PWR_EnterSTOPMode                             build/stm32f0xx_hal_pwr.o
HAL_RCCEx_GetPeriphCLKConfig                      build/stm32f0xx_hal_rcc_ex.o
HAL_RCCEx_GetPeriphCLKFreq                        build/stm32f0xx_hal_rcc_ex.o
HAL_RCCEx_PeriphCLKConfig                         build/stm32f0xx_hal_rcc_ex.o
                                                  build/main.o
HAL_RCC_CSSCallback                               build/stm32f0xx_hal_rcc.o
HAL_RCC_ClockConfig                               build/stm32f0xx_hal_rcc.o
                                                  build/main.o
HAL_RCC_DeInit                                    build/stm32f0xx_hal_rcc.o
HAL_RCC_DisableCSS                                build/stm32f0xx_hal_rcc.o
HAL_RCC_EnableCSS                                 build/stm32f0xx_hal_rcc.o
HAL_RCC_GetClockConfig                            build/stm32f0xx_hal_rcc.o
HAL_RCC_GetHCLKFreq                               build/stm32f0xx_hal_rcc.o
                                                  build/stm32f0xx_hal.o
HAL_RCC_GetOscConfig                              build/stm32f0xx_hal_rcc.o
HAL_RCC_GetPCLK1Freq                              build/stm32f0xx_hal_rcc.o
                                                  build/stm32f0xx_hal_rcc_ex.o
HAL_RCC_GetSysClockFreq                           build/stm32f0xx_hal_rcc.o
                                                  build/stm32f0xx_hal_rcc_ex.o
HAL_RCC_MCOConfig                                 build/stm32f0xx_hal_rcc.o
HAL_RCC_NMI_IRQHandler                            build/stm32f0xx_hal_rcc.o
HAL_RCC_OscConfig                                 build/stm32f0xx_hal_rcc.o
                                                  build/main.o
HAL_ResumeTick                                    build/stm32f0xx_hal.o
HAL_SYSTICK_CLKSourceConfig                       build/stm32f0xx_hal_cortex.o
HAL_SYSTICK_Callback                              build/stm32f0xx_hal_cortex.o
HAL_SYSTICK_Config                                build/stm32f0xx_hal_cortex.o
                                                  build/stm32f0xx_hal.o
HAL_SYSTICK_IRQHandler                            build/stm32f0xx_hal_cortex.o
HAL_SuspendTick                                   build/stm32f0xx_hal.o
HAL_TIMEx_BreakCallback                           build/stm32f0xx_hal_tim_ex.o
                                                  build/stm32f0xx_hal_tim.o
HAL_TIMEx_CommutationCallback                     build/stm32f0xx_hal_tim_ex.o
                                                  build/stm32f0xx_hal_tim.o
HAL_TIMEx_ConfigBreakDeadTime                     build/stm32f0xx_hal_tim_ex.o
HAL_TIMEx_ConfigCommutationEvent                  build/stm32f0xx_hal_tim_ex.o
HAL_TIMEx_ConfigCommutationEvent_DMA              build/stm32f0xx_hal_tim_ex.o
HAL_TIMEx_ConfigCommutationEvent_IT               build/stm32f0xx_hal_tim_ex.o
HAL_TIMEx_HallSensor_DeInit                       build/stm32f0xx_hal_tim_ex.o
HAL_TIMEx_HallSensor_GetState                     build/stm32f0xx_hal_tim_ex.o
HAL_TIMEx_HallSensor_Init                         build/stm32f0xx_hal_tim_ex.o
HAL_TIMEx_HallSensor_MspDeInit                    build/stm32f0xx_hal_tim_ex.o
HAL_TIMEx_HallSensor_MspInit                      build/stm32f0xx_hal_tim_ex.o
HAL_TIMEx_HallSensor_Start                        build/stm32f0xx_hal_tim_ex.o
HAL_TIMEx_HallSensor_Start_DMA                    build/stm32f0xx_hal_tim_ex.o
HAL_TIMEx_HallSensor_Start_IT                     build/stm32f0xx_hal_tim_ex.o
HAL_TIMEx_HallSensor_Stop                         build/stm32f0xx_hal_tim_ex.o
HAL_TIMEx_HallSensor_Stop_DMA                     build/stm32f0xx_hal_tim_ex.o
HAL_TIMEx_HallSensor_Stop_IT                      build/stm32f0xx_hal_tim_ex.o
HAL_TIMEx_MasterConfigSynchronization             build/stm32f0xx_hal_tim_ex.o
                                                  build/tim.o
HAL_TIMEx_OCN_Start                               build/stm32f0xx_hal_tim_ex.o
HAL_TIMEx_OCN_Start_DMA                           build/stm32f0xx_hal_tim_ex.o
HAL_TIMEx_OCN_Start_IT                            build/stm32f0xx_hal_tim_ex.o
HAL_TIMEx_OCN_Stop                                build/stm32f0xx_hal_tim_ex.o
HAL_TIMEx_OCN_Stop_DMA                            build/stm32f0xx_hal_tim_ex.o
HAL_TIMEx_OCN_Stop_IT                             build/stm32f0xx_hal_tim_ex.o
HAL_TIMEx_OnePulseN_Start                         build/stm32f0xx_hal_tim_ex.o
HAL_TIMEx_OnePulseN_Start_IT                      build/stm32f0xx_hal_tim_ex.o
HAL_TIMEx_OnePulseN_Stop                          build/stm32f0xx_hal_tim_ex.o
HAL_TIMEx_OnePulseN_Stop_IT                       build/stm32f0xx_hal_tim_ex.o
HAL_TIMEx_PWMN_Start                              build/stm32f0xx_hal_tim_ex.o
HAL_TIMEx_PWMN_Start_DMA                          build/stm32f0xx_hal_tim_ex.o
HAL_TIMEx_PWMN_Start_IT                           build/stm32f0xx_hal_tim_ex.o
HAL_TIMEx_PWMN_Stop                               build/stm32f0xx_hal_tim_ex.o
HAL_TIMEx_PWMN_Stop_DMA                           build/stm32f0xx_hal_tim_ex.o
HAL_TIMEx_PWMN_Stop_IT                            build/stm32f0xx_hal_tim_ex.o
HAL_TIMEx_RemapConfig                             build/stm32f0xx_hal_tim_ex.o
HAL_TIM_Base_DeInit                               build/stm32f0xx_hal_tim.o
HAL_TIM_Base_GetState                             build/stm32f0xx_hal_tim.o
HAL_TIM_Base_Init                                 build/stm32f0xx_hal_tim.o
                                                  build/tim.o
HAL_TIM_Base_MspDeInit                            build/tim.o
HAL_TIM_Base_MspInit                              build/tim.o
HAL_TIM_Base_Start                                build/stm32f0xx_hal_tim.o
                                                  build/main.o
HAL_TIM_Base_Start_DMA                            build/stm32f0xx_hal_tim.o
HAL_TIM_Base_Start_IT                             build/stm32f0xx_hal_tim.o
                                                  build/main.o
HAL_TIM_Base_Stop                                 build/stm32f0xx_hal_tim.o
HAL_TIM_Base_Stop_DMA                             build/stm32f0xx_hal_tim.o
HAL_TIM_Base_Stop_IT                              build/stm32f0xx_hal_tim.o
                                                  build/main.o
HAL_TIM_ConfigClockSource                         build/stm32f0xx_hal_tim.o
                                                  build/tim.o
HAL_TIM_ConfigOCrefClear                          build/stm32f0xx_hal_tim.o
HAL_TIM_ConfigTI1Input                            build/stm32f0xx_hal_tim.o
HAL_TIM_DMABurst_MultiReadStart                   build/stm32f0xx_hal_tim.o
HAL_TIM_DMABurst_MultiWriteStart                  build/stm32f0xx_hal_tim.o
HAL_TIM_DMABurst_ReadStart                        build/stm32f0xx_hal_tim.o
HAL_TIM_DMABurst_ReadStop                         build/stm32f0xx_hal_tim.o
HAL_TIM_DMABurst_WriteStart                       build/stm32f0xx_hal_tim.o
HAL_TIM_DMABurst_WriteStop                        build/stm32f0xx_hal_tim.o
HAL_TIM_Encoder_DeInit                            build/stm32f0xx_hal_tim.o
HAL_TIM_Encoder_GetState                          build/stm32f0xx_hal_tim.o
HAL_TIM_Encoder_Init                              build/stm32f0xx_hal_tim.o
HAL_TIM_Encoder_MspDeInit                         build/stm32f0xx_hal_tim.o
HAL_TIM_Encoder_MspInit                           build/stm32f0xx_hal_tim.o
HAL_TIM_Encoder_Start                             build/stm32f0xx_hal_tim.o
HAL_TIM_Encoder_Start_DMA                         build/stm32f0xx_hal_tim.o
HAL_TIM_Encoder_Start_IT                          build/stm32f0xx_hal_tim.o
HAL_TIM_Encoder_Stop                              build/stm32f0xx_hal_tim.o
HAL_TIM_Encoder_Stop_DMA                          build/stm32f0xx_hal_tim.o
HAL_TIM_Encoder_Stop_IT                           build/stm32f0xx_hal_tim.o
HAL_TIM_ErrorCallback                             build/stm32f0xx_hal_tim.o
HAL_TIM_GenerateEvent                             build/stm32f0xx_hal_tim.o
HAL_TIM_IC_CaptureCallback                        build/stm32f0xx_hal_tim.o
HAL_TIM_IC_ConfigChannel                          build/stm32f0xx_hal_tim.o
HAL_TIM_IC_DeInit                                 build/stm32f0xx_hal_tim.o
HAL_TIM_IC_GetState                               build/stm32f0xx_hal_tim.o
HAL_TIM_IC_Init                                   build/stm32f0xx_hal_tim.o
HAL_TIM_IC_MspDeInit                              build/stm32f0xx_hal_tim.o
HAL_TIM_IC_MspInit                                build/stm32f0xx_hal_tim.o
HAL_TIM_IC_Start                                  build/stm32f0xx_hal_tim.o
HAL_TIM_IC_Start_DMA                              build/stm32f0xx_hal_tim.o
HAL_TIM_IC_Start_IT                               build/stm32f0xx_hal_tim.o
HAL_TIM_IC_Stop                                   build/stm32f0xx_hal_tim.o
HAL_TIM_IC_Stop_DMA                               build/stm32f0xx_hal_tim.o
HAL_TIM_IC_Stop_IT                                build/stm32f0xx_hal_tim.o
HAL_TIM_IRQHandler                                build/stm32f0xx_hal_tim.o
                                                  build/stm32f0xx_it.o
HAL_TIM_OC_ConfigChannel                          build/stm32f0xx_hal_tim.o
HAL_TIM_OC_DeInit                                 build/stm32f0xx_hal_tim.o
HAL_TIM_OC_DelayElapsedCallback                   build/stm32f0xx_hal_tim.o
HAL_TIM_OC_GetState                               build/stm32f0xx_hal_tim.o
HAL_TIM_OC_Init                                   build/stm32f0xx_hal_tim.o
HAL_TIM_OC_MspDeInit                              build/stm32f0xx_hal_tim.o
HAL_TIM_OC_MspInit                                build/stm32f0xx_hal_tim.o
HAL_TIM_OC_Start                                  build/stm32f0xx_hal_tim.o
HAL_TIM_OC_Start_DMA                              build/stm32f0xx_hal_tim.o
HAL_TIM_OC_Start_IT                               build/stm32f0xx_hal_tim.o
HAL_TIM_OC_Stop                                   build/stm32f0xx_hal_tim.o
HAL_TIM_OC_Stop_DMA                               build/stm32f0xx_hal_tim.o
HAL_TIM_OC_Stop_IT                                build/stm32f0xx_hal_tim.o
HAL_TIM_OnePulse_ConfigChannel                    build/stm32f0xx_hal_tim.o
HAL_TIM_OnePulse_DeInit                           build/stm32f0xx_hal_tim.o
HAL_TIM_OnePulse_GetState                         build/stm32f0xx_hal_tim.o
HAL_TIM_OnePulse_Init                             build/stm32f0xx_hal_tim.o
HAL_TIM_OnePulse_MspDeInit                        build/stm32f0xx_hal_tim.o
HAL_TIM_OnePulse_MspInit                          build/stm32f0xx_hal_tim.o
HAL_TIM_OnePulse_Start                            build/stm32f0xx_hal_tim.o
HAL_TIM_OnePulse_Start_IT                         build/stm32f0xx_hal_tim.o
HAL_TIM_OnePulse_Stop                             build/stm32f0xx_hal_tim.o
HAL_TIM_OnePulse_Stop_IT                          build/stm32f0xx_hal_tim.o
HAL_TIM_PWM_ConfigChannel                         build/stm32f0xx_hal_tim.o
HAL_TIM_PWM_DeInit                                build/stm32f0xx_hal_tim.o
HAL_TIM_PWM_GetState                              build/stm32f0xx_hal_tim.o
HAL_TIM_PWM_Init                                  build/stm32f0xx_hal_tim.o
HAL_TIM_PWM_MspDeInit                             build/stm32f0xx_hal_tim.o
HAL_TIM_PWM_MspInit                               build/stm32f0xx_hal_tim.o
HAL_TIM_PWM_PulseFinishedCallback                 build/stm32f0xx_hal_tim.o
HAL_TIM_PWM_Start                                 build/stm32f0xx_hal_tim.o
HAL_TIM_PWM_Start_DMA                             build/stm32f0xx_hal_tim.o
HAL_TIM_PWM_Start_IT                              build/stm32f0xx_hal_tim.o
HAL_TIM_PWM_Stop                                  build/stm32f0xx_hal_tim.o
HAL_TIM_PWM_Stop_DMA                              build/stm32f0xx_hal_tim.o
HAL_TIM_PWM_Stop_IT                               build/stm32f0xx_hal_tim.o
HAL_TIM_PeriodElapsedCallback                     build/main.o
HAL_TIM_ReadCapturedValue                         build/stm32f0xx_hal_tim.o
HAL_TIM_SlaveConfigSynchronization                build/stm32f0xx_hal_tim.o
HAL_TIM_SlaveConfigSynchronization_IT             build/stm32f0xx_hal_tim.o
HAL_TIM_TriggerCallback                           build/stm32f0xx_hal_tim.o
HardFault_Handler                                 build/stm32f0xx_it.o
I2C1_IRQHandler                                   build/startup_stm32f030x6.o
MX_ADC_Init                                       build/adc.o
                                                  build/main.o
MX_DMA_Init                                       build/dma.o
                                                  build/main.o
MX_GPIO_Init                                      build/gpio.o
                                                  build/main.o
MX_I2C1_Init                                      build/i2c.o
                                                  build/main.o
MX_TIM16_Init                                     build/tim.o
                                                  build/main.o
MX_TIM17_Init                                     build/tim.o
                                                  build/main.o
MX_TIM3_Init                                      build/tim.o
                                                  build/main.o
NMI_Handler                                       build/stm32f0xx_it.o
PendSV_Handler                                    build/stm32f0xx_it.o
RCC_IRQHandler                                    build/startup_stm32f030x6.o
RTC_IRQHandler                                    build/startup_stm32f030x6.o
ReadBackData                                      build/SD3077.o
                                                  build/main.o
Reset_Handler                                     build/startup_stm32f030x6.o
SPI1_IRQHandler                                   build/startup_stm32f030x6.o
SVC_Handler                                       build/stm32f0xx_it.o
SetInterruptOuput                                 build/SD3077.o
                                                  build/main.o
SetTime                                           build/SD3077.o
                                                  build/main.o
SysTick_Handler                                   build/stm32f0xx_it.o
SystemClock_Config                                build/main.o
SystemCoreClock                                   build/system_stm32f0xx.o
                                                  build/stm32f0xx_hal_rcc.o
                                                  build/stm32f0xx_hal_adc.o
SystemCoreClockUpdate                             build/system_stm32f0xx.o
SystemInit                                        build/system_stm32f0xx.o
                                                  build/startup_stm32f030x6.o
TIM14_IRQHandler                                  build/startup_stm32f030x6.o
TIM16_IRQHandler                                  build/stm32f0xx_it.o
TIM17_IRQHandler                                  build/stm32f0xx_it.o
TIM1_BRK_UP_TRG_COM_IRQHandler                    build/startup_stm32f030x6.o
TIM1_CC_IRQHandler                                build/startup_stm32f030x6.o
TIM3_IRQHandler                                   build/startup_stm32f030x6.o
TIMEx_DMACommutationCplt                          build/stm32f0xx_hal_tim_ex.o
                                                  build/stm32f0xx_hal_tim.o
TIM_Base_SetConfig                                build/stm32f0xx_hal_tim.o
                                                  build/stm32f0xx_hal_tim_ex.o
TIM_CCxChannelCmd                                 build/stm32f0xx_hal_tim.o
                                                  build/stm32f0xx_hal_tim_ex.o
TIM_DMACaptureCplt                                build/stm32f0xx_hal_tim.o
                                                  build/stm32f0xx_hal_tim_ex.o
TIM_DMADelayPulseCplt                             build/stm32f0xx_hal_tim.o
                                                  build/stm32f0xx_hal_tim_ex.o
TIM_DMAError                                      build/stm32f0xx_hal_tim.o
                                                  build/stm32f0xx_hal_tim_ex.o
TIM_ETR_SetConfig                                 build/stm32f0xx_hal_tim.o
TIM_OC2_SetConfig                                 build/stm32f0xx_hal_tim.o
                                                  build/stm32f0xx_hal_tim_ex.o
TIM_TI1_SetConfig                                 build/stm32f0xx_hal_tim.o
                                                  build/stm32f0xx_hal_tim_ex.o
TM1637Init                                        build/TM1637.o
                                                  build/main.o
TM1637SetBrightness                               build/TM1637.o
                                                  build/main.o
TM1637SetChar                                     build/TM1637.o
                                                  build/main.o
TM1637SetRawData                                  build/TM1637.o
TM1637ShowNumberLeft                              build/TM1637.o
TM1637ShowNumberRight                             build/TM1637.o
                                                  build/main.o
TimeNow                                           build/SD3077.o
                                                  build/main.o
USART1_IRQHandler                                 build/startup_stm32f030x6.o
WWDG_IRQHandler                                   build/startup_stm32f030x6.o
WriteBackData                                     build/SD3077.o
                                                  build/main.o
__aeabi_idiv                                      D:/STM32CubeCLT/STM32CubeCLT_1.18.0/GNU-tools-for-STM32/bin/../lib/gcc/arm-none-eabi/13.3.1/thumb/v6-m/nofp\libgcc.a(_divsi3.o)
                                                  build/system_stm32f0xx.o
                                                  build/stm32f0xx_hal_rcc.o
__aeabi_idiv0                                     D:/STM32CubeCLT/STM32CubeCLT_1.18.0/GNU-tools-for-STM32/bin/../lib/gcc/arm-none-eabi/13.3.1/thumb/v6-m/nofp\libgcc.a(_dvmd_tls.o)
                                                  D:/STM32CubeCLT/STM32CubeCLT_1.18.0/GNU-tools-for-STM32/bin/../lib/gcc/arm-none-eabi/13.3.1/thumb/v6-m/nofp\libgcc.a(_divsi3.o)
                                                  D:/STM32CubeCLT/STM32CubeCLT_1.18.0/GNU-tools-for-STM32/bin/../lib/gcc/arm-none-eabi/13.3.1/thumb/v6-m/nofp\libgcc.a(_udivsi3.o)
__aeabi_idivmod                                   D:/STM32CubeCLT/STM32CubeCLT_1.18.0/GNU-tools-for-STM32/bin/../lib/gcc/arm-none-eabi/13.3.1/thumb/v6-m/nofp\libgcc.a(_divsi3.o)
__aeabi_ldiv0                                     D:/STM32CubeCLT/STM32CubeCLT_1.18.0/GNU-tools-for-STM32/bin/../lib/gcc/arm-none-eabi/13.3.1/thumb/v6-m/nofp\libgcc.a(_dvmd_tls.o)
__aeabi_llsr                                      D:/STM32CubeCLT/STM32CubeCLT_1.18.0/GNU-tools-for-STM32/bin/../lib/gcc/arm-none-eabi/13.3.1/thumb/v6-m/nofp\libgcc.a(_lshrdi3.o)
                                                  build/stm32f0xx_hal_flash.o
__aeabi_uidiv                                     D:/STM32CubeCLT/STM32CubeCLT_1.18.0/GNU-tools-for-STM32/bin/../lib/gcc/arm-none-eabi/13.3.1/thumb/v6-m/nofp\libgcc.a(_udivsi3.o)
                                                  build/TM1637.o
                                                  build/SD3077.o
                                                  build/system_stm32f0xx.o
                                                  build/stm32f0xx_hal_dma.o
                                                  build/stm32f0xx_hal.o
                                                  build/stm32f0xx_hal_rcc.o
                                                  build/stm32f0xx_hal_adc.o
                                                  build/main.o
__aeabi_uidivmod                                  D:/STM32CubeCLT/STM32CubeCLT_1.18.0/GNU-tools-for-STM32/bin/../lib/gcc/arm-none-eabi/13.3.1/thumb/v6-m/nofp\libgcc.a(_udivsi3.o)
                                                  build/TM1637.o
                                                  build/main.o
__bss_end__                                       D:/STM32CubeCLT/STM32CubeCLT_1.18.0/GNU-tools-for-STM32/bin/../lib/gcc/arm-none-eabi/13.3.1/../../../../arm-none-eabi/lib/thumb/v6-m/nofp/crt0.o
__bss_start__                                     D:/STM32CubeCLT/STM32CubeCLT_1.18.0/GNU-tools-for-STM32/bin/../lib/gcc/arm-none-eabi/13.3.1/../../../../arm-none-eabi/lib/thumb/v6-m/nofp/crt0.o
__call_exitprocs                                  D:/STM32CubeCLT/STM32CubeCLT_1.18.0/GNU-tools-for-STM32/bin/../lib/gcc/arm-none-eabi/13.3.1/../../../../arm-none-eabi/lib/thumb/v6-m/nofp\libc_nano.a(libc_a-exit.o)
__deregister_frame_info                           D:/STM32CubeCLT/STM32CubeCLT_1.18.0/GNU-tools-for-STM32/bin/../lib/gcc/arm-none-eabi/13.3.1/thumb/v6-m/nofp/crtbegin.o
__divsi3                                          D:/STM32CubeCLT/STM32CubeCLT_1.18.0/GNU-tools-for-STM32/bin/../lib/gcc/arm-none-eabi/13.3.1/thumb/v6-m/nofp\libgcc.a(_divsi3.o)
__dso_handle                                      D:/STM32CubeCLT/STM32CubeCLT_1.18.0/GNU-tools-for-STM32/bin/../lib/gcc/arm-none-eabi/13.3.1/thumb/v6-m/nofp/crtbegin.o
__fp_lock_all                                     D:/STM32CubeCLT/STM32CubeCLT_1.18.0/GNU-tools-for-STM32/bin/../lib/gcc/arm-none-eabi/13.3.1/../../../../arm-none-eabi/lib/thumb/v6-m/nofp\libc_nano.a(libc_a-findfp.o)
__fp_unlock_all                                   D:/STM32CubeCLT/STM32CubeCLT_1.18.0/GNU-tools-for-STM32/bin/../lib/gcc/arm-none-eabi/13.3.1/../../../../arm-none-eabi/lib/thumb/v6-m/nofp\libc_nano.a(libc_a-findfp.o)
__gnu_thumb1_case_uhi                             D:/STM32CubeCLT/STM32CubeCLT_1.18.0/GNU-tools-for-STM32/bin/../lib/gcc/arm-none-eabi/13.3.1/thumb/v6-m/nofp\libgcc.a(_thumb1_case_uhi.o)
                                                  build/main.o
__gnu_thumb1_case_uqi                             D:/STM32CubeCLT/STM32CubeCLT_1.18.0/GNU-tools-for-STM32/bin/../lib/gcc/arm-none-eabi/13.3.1/thumb/v6-m/nofp\libgcc.a(_thumb1_case_uqi.o)
                                                  build/stm32f0xx_hal_dma.o
                                                  build/main.o
__init_array_end                                  D:/STM32CubeCLT/STM32CubeCLT_1.18.0/GNU-tools-for-STM32/bin/../lib/gcc/arm-none-eabi/13.3.1/../../../../arm-none-eabi/lib/thumb/v6-m/nofp\libc_nano.a(libc_a-init.o)
__init_array_start                                D:/STM32CubeCLT/STM32CubeCLT_1.18.0/GNU-tools-for-STM32/bin/../lib/gcc/arm-none-eabi/13.3.1/../../../../arm-none-eabi/lib/thumb/v6-m/nofp\libc_nano.a(libc_a-init.o)
__libc_fini_array                                 D:/STM32CubeCLT/STM32CubeCLT_1.18.0/GNU-tools-for-STM32/bin/../lib/gcc/arm-none-eabi/13.3.1/../../../../arm-none-eabi/lib/thumb/v6-m/nofp/crt0.o
__libc_init_array                                 D:/STM32CubeCLT/STM32CubeCLT_1.18.0/GNU-tools-for-STM32/bin/../lib/gcc/arm-none-eabi/13.3.1/../../../../arm-none-eabi/lib/thumb/v6-m/nofp\libc_nano.a(libc_a-init.o)
                                                  build/startup_stm32f030x6.o
                                                  D:/STM32CubeCLT/STM32CubeCLT_1.18.0/GNU-tools-for-STM32/bin/../lib/gcc/arm-none-eabi/13.3.1/../../../../arm-none-eabi/lib/thumb/v6-m/nofp/crt0.o
__lock___arc4random_mutex                         D:/STM32CubeCLT/STM32CubeCLT_1.18.0/GNU-tools-for-STM32/bin/../lib/gcc/arm-none-eabi/13.3.1/../../../../arm-none-eabi/lib/thumb/v6-m/nofp\libc_nano.a(libc_a-lock.o)
__lock___at_quick_exit_mutex                      D:/STM32CubeCLT/STM32CubeCLT_1.18.0/GNU-tools-for-STM32/bin/../lib/gcc/arm-none-eabi/13.3.1/../../../../arm-none-eabi/lib/thumb/v6-m/nofp\libc_nano.a(libc_a-lock.o)
__lock___atexit_recursive_mutex                   D:/STM32CubeCLT/STM32CubeCLT_1.18.0/GNU-tools-for-STM32/bin/../lib/gcc/arm-none-eabi/13.3.1/../../../../arm-none-eabi/lib/thumb/v6-m/nofp\libc_nano.a(libc_a-lock.o)
__lock___dd_hash_mutex                            D:/STM32CubeCLT/STM32CubeCLT_1.18.0/GNU-tools-for-STM32/bin/../lib/gcc/arm-none-eabi/13.3.1/../../../../arm-none-eabi/lib/thumb/v6-m/nofp\libc_nano.a(libc_a-lock.o)
__lock___env_recursive_mutex                      D:/STM32CubeCLT/STM32CubeCLT_1.18.0/GNU-tools-for-STM32/bin/../lib/gcc/arm-none-eabi/13.3.1/../../../../arm-none-eabi/lib/thumb/v6-m/nofp\libc_nano.a(libc_a-lock.o)
__lock___malloc_recursive_mutex                   D:/STM32CubeCLT/STM32CubeCLT_1.18.0/GNU-tools-for-STM32/bin/../lib/gcc/arm-none-eabi/13.3.1/../../../../arm-none-eabi/lib/thumb/v6-m/nofp\libc_nano.a(libc_a-lock.o)
                                                  D:/STM32CubeCLT/STM32CubeCLT_1.18.0/GNU-tools-for-STM32/bin/../lib/gcc/arm-none-eabi/13.3.1/../../../../arm-none-eabi/lib/thumb/v6-m/nofp\libc_nano.a(libc_a-mlock.o)
__lock___sfp_recursive_mutex                      D:/STM32CubeCLT/STM32CubeCLT_1.18.0/GNU-tools-for-STM32/bin/../lib/gcc/arm-none-eabi/13.3.1/../../../../arm-none-eabi/lib/thumb/v6-m/nofp\libc_nano.a(libc_a-lock.o)
                                                  D:/STM32CubeCLT/STM32CubeCLT_1.18.0/GNU-tools-for-STM32/bin/../lib/gcc/arm-none-eabi/13.3.1/../../../../arm-none-eabi/lib/thumb/v6-m/nofp\libc_nano.a(libc_a-findfp.o)
__lock___tz_mutex                                 D:/STM32CubeCLT/STM32CubeCLT_1.18.0/GNU-tools-for-STM32/bin/../lib/gcc/arm-none-eabi/13.3.1/../../../../arm-none-eabi/lib/thumb/v6-m/nofp\libc_nano.a(libc_a-lock.o)
__lshrdi3                                         D:/STM32CubeCLT/STM32CubeCLT_1.18.0/GNU-tools-for-STM32/bin/../lib/gcc/arm-none-eabi/13.3.1/thumb/v6-m/nofp\libgcc.a(_lshrdi3.o)