Archive member included to satisfy reference by file (symbol)

D:/STM32CubeCLT/STM32CubeCLT_1.18.0/GNU-tools-for-STM32/bin/../lib/gcc/arm-none-eabi/13.3.1/../../../../arm-none-eabi/lib/thumb/v6-m/nofp\libc_nano.a(libc_a-exit.o)
                              D:/STM32CubeCLT/STM32CubeCLT_1.18.0/GNU-tools-for-STM32/bin/../lib/gcc/arm-none-eabi/13.3.1/../../../../arm-none-eabi/lib/thumb/v6-m/nofp/crt0.o (exit)
D:/STM32CubeCLT/STM32CubeCLT_1.18.0/GNU-tools-for-STM32/bin/../lib/gcc/arm-none-eabi/13.3.1/../../../../arm-none-eabi/lib/thumb/v6-m/nofp\libc_nano.a(libc_a-findfp.o)
                              D:/STM32CubeCLT/STM32CubeCLT_1.18.0/GNU-tools-for-STM32/bin/../lib/gcc/arm-none-eabi/13.3.1/../../../../arm-none-eabi/lib/thumb/v6-m/nofp\libc_nano.a(libc_a-exit.o) (__stdio_exit_handler)
D:/STM32CubeCLT/STM32CubeCLT_1.18.0/GNU-tools-for-STM32/bin/../lib/gcc/arm-none-eabi/13.3.1/../../../../arm-none-eabi/lib/thumb/v6-m/nofp\libc_nano.a(libc_a-fwalk.o)
                              D:/STM32CubeCLT/STM32CubeCLT_1.18.0/GNU-tools-for-STM32/bin/../lib/gcc/arm-none-eabi/13.3.1/../../../../arm-none-eabi/lib/thumb/v6-m/nofp\libc_nano.a(libc_a-findfp.o) (_fwalk_sglue)
D:/STM32CubeCLT/STM32CubeCLT_1.18.0/GNU-tools-for-STM32/bin/../lib/gcc/arm-none-eabi/13.3.1/../../../../arm-none-eabi/lib/thumb/v6-m/nofp\libc_nano.a(libc_a-stdio.o)
                              D:/STM32CubeCLT/STM32CubeCLT_1.18.0/GNU-tools-for-STM32/bin/../lib/gcc/arm-none-eabi/13.3.1/../../../../arm-none-eabi/lib/thumb/v6-m/nofp\libc_nano.a(libc_a-findfp.o) (__sread)
D:/STM32CubeCLT/STM32CubeCLT_1.18.0/GNU-tools-for-STM32/bin/../lib/gcc/arm-none-eabi/13.3.1/../../../../arm-none-eabi/lib/thumb/v6-m/nofp\libc_nano.a(libc_a-memset.o)
                              D:/STM32CubeCLT/STM32CubeCLT_1.18.0/GNU-tools-for-STM32/bin/../lib/gcc/arm-none-eabi/13.3.1/../../../../arm-none-eabi/lib/thumb/v6-m/nofp/crt0.o (memset)
D:/STM32CubeCLT/STM32CubeCLT_1.18.0/GNU-tools-for-STM32/bin/../lib/gcc/arm-none-eabi/13.3.1/../../../../arm-none-eabi/lib/thumb/v6-m/nofp\libc_nano.a(libc_a-closer.o)
                              D:/STM32CubeCLT/STM32CubeCLT_1.18.0/GNU-tools-for-STM32/bin/../lib/gcc/arm-none-eabi/13.3.1/../../../../arm-none-eabi/lib/thumb/v6-m/nofp\libc_nano.a(libc_a-stdio.o) (_close_r)
D:/STM32CubeCLT/STM32CubeCLT_1.18.0/GNU-tools-for-STM32/bin/../lib/gcc/arm-none-eabi/13.3.1/../../../../arm-none-eabi/lib/thumb/v6-m/nofp\libc_nano.a(libc_a-reent.o)
                              D:/STM32CubeCLT/STM32CubeCLT_1.18.0/GNU-tools-for-STM32/bin/../lib/gcc/arm-none-eabi/13.3.1/../../../../arm-none-eabi/lib/thumb/v6-m/nofp\libc_nano.a(libc_a-closer.o) (errno)
D:/STM32CubeCLT/STM32CubeCLT_1.18.0/GNU-tools-for-STM32/bin/../lib/gcc/arm-none-eabi/13.3.1/../../../../arm-none-eabi/lib/thumb/v6-m/nofp\libc_nano.a(libc_a-impure.o)
                              D:/STM32CubeCLT/STM32CubeCLT_1.18.0/GNU-tools-for-STM32/bin/../lib/gcc/arm-none-eabi/13.3.1/../../../../arm-none-eabi/lib/thumb/v6-m/nofp\libc_nano.a(libc_a-reent.o) (_impure_ptr)
D:/STM32CubeCLT/STM32CubeCLT_1.18.0/GNU-tools-for-STM32/bin/../lib/gcc/arm-none-eabi/13.3.1/../../../../arm-none-eabi/lib/thumb/v6-m/nofp\libc_nano.a(libc_a-lseekr.o)
                              D:/STM32CubeCLT/STM32CubeCLT_1.18.0/GNU-tools-for-STM32/bin/../lib/gcc/arm-none-eabi/13.3.1/../../../../arm-none-eabi/lib/thumb/v6-m/nofp\libc_nano.a(libc_a-stdio.o) (_lseek_r)
D:/STM32CubeCLT/STM32CubeCLT_1.18.0/GNU-tools-for-STM32/bin/../lib/gcc/arm-none-eabi/13.3.1/../../../../arm-none-eabi/lib/thumb/v6-m/nofp\libc_nano.a(libc_a-readr.o)
                              D:/STM32CubeCLT/STM32CubeCLT_1.18.0/GNU-tools-for-STM32/bin/../lib/gcc/arm-none-eabi/13.3.1/../../../../arm-none-eabi/lib/thumb/v6-m/nofp\libc_nano.a(libc_a-stdio.o) (_read_r)
D:/STM32CubeCLT/STM32CubeCLT_1.18.0/GNU-tools-for-STM32/bin/../lib/gcc/arm-none-eabi/13.3.1/../../../../arm-none-eabi/lib/thumb/v6-m/nofp\libc_nano.a(libc_a-writer.o)
                              D:/STM32CubeCLT/STM32CubeCLT_1.18.0/GNU-tools-for-STM32/bin/../lib/gcc/arm-none-eabi/13.3.1/../../../../arm-none-eabi/lib/thumb/v6-m/nofp\libc_nano.a(libc_a-stdio.o) (_write_r)
D:/STM32CubeCLT/STM32CubeCLT_1.18.0/GNU-tools-for-STM32/bin/../lib/gcc/arm-none-eabi/13.3.1/../../../../arm-none-eabi/lib/thumb/v6-m/nofp\libc_nano.a(libc_a-init.o)
                              D:/STM32CubeCLT/STM32CubeCLT_1.18.0/GNU-tools-for-STM32/bin/../lib/gcc/arm-none-eabi/13.3.1/../../../../arm-none-eabi/lib/thumb/v6-m/nofp/crt0.o (__libc_init_array)
D:/STM32CubeCLT/STM32CubeCLT_1.18.0/GNU-tools-for-STM32/bin/../lib/gcc/arm-none-eabi/13.3.1/../../../../arm-none-eabi/lib/thumb/v6-m/nofp\libc_nano.a(libc_a-lock.o)
                              D:/STM32CubeCLT/STM32CubeCLT_1.18.0/GNU-tools-for-STM32/bin/../lib/gcc/arm-none-eabi/13.3.1/../../../../arm-none-eabi/lib/thumb/v6-m/nofp\libc_nano.a(libc_a-findfp.o) (__retarget_lock_init_recursive)
[...]
Memory Configuration

Name             Origin             Length             Attributes
RAM              0x20000000         0x00001000         xrw
FLASH            0x08000000         0x00004000         xr
*default*        0x00000000         0xffffffff

Linker script and memory map

LOAD D:/STM32CubeCLT/STM32CubeCLT_1.18.0/GNU-tools-for-STM32/bin/../lib/gcc/arm-none-eabi/13.3.1/thumb/v6-m/nofp/crti.o
LOAD D:/STM32CubeCLT/STM32CubeCLT_1.18.0/GNU-tools-for-STM32/bin/../lib/gcc/arm-none-eabi/13.3.1/thumb/v6-m/nofp/crtbegin.o
LOAD D:/STM32CubeCLT/STM32CubeCLT_1.18.0/GNU-tools-for-STM32/bin/../lib/gcc/arm-none-eabi/13.3.1/../../../../arm-none-eabi/lib/thumb/v6-m/nofp/crt0.o
LOAD build/main.o
LOAD build/gpio.o
LOAD build/adc.o
LOAD build/dma.o
LOAD build/i2c.o
LOAD build/tim.o
LOAD build/stm32f0xx_it.o
LOAD build/stm32f0xx_hal_msp.o
LOAD build/settings.o
LOAD build/display.o
LOAD build/temperature.o
LOAD build/alarm.o
LOAD build/ring.o
LOAD build/app.o
LOAD build/stm32f0xx_hal_adc.o
LOAD build/stm32f0xx_hal_adc_ex.o
LOAD build/stm32f0xx_hal_i2c.o
LOAD build/stm32f0xx_hal_i2c_ex.o
LOAD build/stm32f0xx_hal_tim.o
LOAD build/stm32f0xx_hal_tim_ex.o
LOAD build/stm32f0xx_hal_rcc.o
LOAD build/stm32f0xx_hal_rcc_ex.o
LOAD build/stm32f0xx_hal.o
LOAD build/stm32f0xx_hal_gpio.o
LOAD build/stm32f0xx_hal_dma.o
LOAD build/stm32f0xx_hal_cortex.o
LOAD build/stm32f0xx_hal_pwr.o
LOAD build/stm32f0xx_hal_pwr_ex.o
LOAD build/stm32f0xx_hal_flash.o
LOAD build/stm32f0xx_hal_flash_ex.o
LOAD build/system_stm32f0xx.o
LOAD build/SD3077.o
LOAD build/TM1637.o
LOAD build/startup_stm32f030x6.o
LOAD D:/STM32CubeCLT/STM32CubeCLT_1.18.0/GNU-tools-for-STM32/bin/../lib/gcc/arm-none-eabi/13.3.1/../../../../arm-none-eabi/lib/thumb/v6-m/nofp\libc_nano.a
LOAD D:/STM32CubeCLT/STM32CubeCLT_1.18.0/GNU-tools-for-STM32/bin/../lib/gcc/arm-none-eabi/13.3.1/../../../../arm-none-eabi/lib/thumb/v6-m/nofp\libm.a
LOAD D:/STM32CubeCLT/STM32CubeCLT_1.18.0/GNU-tools-for-STM32/bin/../lib/gcc/arm-none-eabi/13.3.1/../../../../arm-none-eabi/lib/thumb/v6-m/nofp\libnosys.a
START GROUP
LOAD D:/STM32CubeCLT/STM32CubeCLT_1.18.0/GNU-tools-for-STM32/bin/../lib/gcc/arm-none-eabi/13.3.1/thumb/v6-m/nofp\libgcc.a
LOAD D:/STM32CubeCLT/STM32CubeCLT_1.18.0/GNU-tools-for-STM32/bin/../lib/gcc/arm-none-eabi/13.3.1/../../../../arm-none-eabi/lib/thumb/v6-m/nofp\libc_nano.a
END GROUP
START GROUP
LOAD D:/STM32CubeCLT/STM32CubeCLT_1.18.0/GNU-tools-for-STM32/bin/../lib/gcc/arm-none-eabi/13.3.1/thumb/v6-m/nofp\libgcc.a
LOAD D:/STM32CubeCLT/STM32CubeCLT_1.18.0/GNU-tools-for-STM32/bin/../lib/gcc/arm-none-eabi/13.3.1/../../../../arm-none-eabi/lib/thumb/v6-m/nofp\libc_nano.a
END GROUP
LOAD D:/STM32CubeCLT/STM32CubeCLT_1.18.0/GNU-tools-for-STM32/bin/../lib/gcc/arm-none-eabi/13.3.1/thumb/v6-m/nofp/crtend.o
LOAD D:/STM32CubeCLT/STM32CubeCLT_1.18.0/GNU-tools-for-STM32/bin/../lib/gcc/arm-none-eabi/13.3.1/thumb/v6-m/nofp/crtn.o
                0x20001000                        _estack = 0x20001000
                0x00000200                        _Min_Heap_Size = 0x200
                0x00000400                        _Min_Stack_Size = 0x400

.isr_vector     0x08000000       0xc0
                0x08000000                        . = ALIGN (0x4)
 *(.isr_vector)
 .isr_vector    0x08000000       0xc0 build/startup_stm32f030x6.o
                0x08000000                g_pfnVectors
                0x080000c0                        . = ALIGN (0x4)

.text           0x080000c0     0x3920
                0x080000c0                        . = ALIGN (0x4)
 *(.text)
 .text          0x080000c0       0x48 D:/STM32CubeCLT/STM32CubeCLT_1.18.0/GNU-tools-for-STM32/bin/../lib/gcc/arm-none-eabi/13.3.1/thumb/v6-m/nofp/crtbegin.o
 .text          0x08000108       0x14 D:/STM32CubeCLT/STM32CubeCLT_1.18.0/GNU-tools-for-STM32/bin/../lib/gcc/arm-none-eabi/13.3.1/thumb/v6-m/nofp\libgcc.a(_thumb1_case_uqi.o)
                0x08000108                __gnu_thumb1_case_uqi
 .text          0x0800011c       0x14 D:/STM32CubeCLT/STM32CubeCLT_1.18.0/GNU-tools-for-STM32/bin/../lib/gcc/arm-none-eabi/13.3.1/thumb/v6-m/nofp\libgcc.a(_thumb1_case_uhi.o)
                0x0800011c                __gnu_thumb1_case_uhi
 .text          0x08000130      0x114 D:/STM32CubeCLT/STM32CubeCLT_1.18.0/GNU-tools-for-STM32/bin/../lib/gcc/arm-none-eabi/13.3.1/thumb/v6-m/nofp\libgcc.a(_udivsi3.o)
                0x08000130                __aeabi_uidiv
                0x08000130                __udivsi3
                0x0800023c                __aeabi_uidivmod
 .text          0x08000244      0x1d4 D:/STM32CubeCLT/STM32CubeCLT_1.18.0/GNU-tools-for-STM32/bin/../lib/gcc/arm-none-eabi/13.3.1/thumb/v6-m/nofp\libgcc.a(_divsi3.o)
                0x08000244                __divsi3
                0x08000244                __aeabi_idiv
                0x08000410                __aeabi_idivmod
 .text          0x08000418        0x4 D:/STM32CubeCLT/STM32CubeCLT_1.18.0/GNU-tools-for-STM32/bin/../lib/gcc/arm-none-eabi/13.3.1/thumb/v6-m/nofp\libgcc.a(_dvmd_tls.o)
                0x08000418                __aeabi_idiv0
                0x08000418                __aeabi_ldiv0
 *(.text*)
 .text.SystemClock_Config
                0x0800041c       0x66 build/main.o
                0x0800041c                SystemClock_Config
 .text.startup.main
                0x08000482       0x30 build/main.o
                0x08000482                main
 .text.HAL_GPIO_EXTI_Callback
                0x080004b2        0x8 build/main.o
                0x080004b2                HAL_GPIO_EXTI_Callback
 .text.HAL_TIM_PeriodElapsedCallback
                0x080004ba        0x8 build/main.o
                0x080004ba                HAL_TIM_PeriodElapsedCallback
 .text.Error_Handler
                0x080004c2        0x2 build/main.o
                0x080004c2                Error_Handler
 .text.MX_GPIO_Init
                0x080004c4       0xe8 build/gpio.o
                0x080004c4                MX_GPIO_Init
 .text.MX_ADC_Init
                0x080005ac       0x84 build/adc.o
                0x080005ac                MX_ADC_Init
 .text.HAL_ADC_MspInit
                0x08000630       0x94 build/adc.o
                0x08000630                HAL_ADC_MspInit
 .text.MX_DMA_Init
                0x080006c4       0x2c build/dma.o
                0x080006c4                MX_DMA_Init
 .text.MX_I2C1_Init
                0x080006f0       0x5c build/i2c.o
                0x080006f0                MX_I2C1_Init
 .text.HAL_I2C_MspInit
                0x0800074c       0x6c build/i2c.o
                0x0800074c                HAL_I2C_MspInit
 .text.MX_TIM3_Init
                0x080007b8       0x7c build/tim.o
                0x080007b8                MX_TIM3_Init
 .text.MX_TIM16_Init
                0x08000834       0x3c build/tim.o
                0x08000834                MX_TIM16_Init
 .text.MX_TIM17_Init
                0x08000870       0x38 build/tim.o
                0x08000870                MX_TIM17_Init
 .text.HAL_TIM_Base_MspInit
                0x080008a8       0x84 build/tim.o
                0x080008a8                HAL_TIM_Base_MspInit
 .text.NMI_Handler
                0x0800092c        0x2 build/stm32f0xx_it.o
                0x0800092c                NMI_Handler
 .text.HardFault_Handler
                0x0800092e        0x2 build/stm32f0xx_it.o
                0x0800092e                HardFault_Handler
 .text.SVC_Handler
                0x08000930        0x2 build/stm32f0xx_it.o
                0x08000930                SVC_Handler
 .text.PendSV_Handler
                0x08000932        0x2 build/stm32f0xx_it.o
                0x08000932                PendSV_Handler
 .text.SysTick_Handler
                0x08000934        0x8 build/stm32f0xx_it.o
                0x08000934                SysTick_Handler
 .text.EXTI0_1_IRQHandler
                0x0800093c        0xa build/stm32f0xx_it.o
                0x0800093c                EXTI0_1_IRQHandler
 .text.EXTI2_3_IRQHandler
                0x08000946       0x10 build/stm32f0xx_it.o
                0x08000946                EXTI2_3_IRQHandler
 *fill*         0x08000956        0x2 
 .text.DMA1_Channel1_IRQHandler
                0x08000958       0x10 build/stm32f0xx_it.o
                0x08000958                DMA1_Channel1_IRQHandler
 .text.TIM16_IRQHandler
                0x08000968       0x10 build/stm32f0xx_it.o
                0x08000968                TIM16_IRQHandler
 .text.TIM17_IRQHandler
                0x08000978       0x10 build/stm32f0xx_it.o
                0x08000978                TIM17_IRQHandler
 .text.HAL_MspInit
                0x08000988       0x30 build/stm32f0xx_hal_msp.o
                0x08000988                HAL_MspInit
 .text.Settings_Get
                0x080009b8        0x8 build/settings.o
                0x080009b8                Settings_Get
 .text.Settings_ReadBackup
                0x080009c0       0x60 build/settings.o
                0x080009c0                Settings_ReadBackup
 .text.Settings_Save
                0x08000a20       0x4c build/settings.o
                0x08000a20                Settings_Save
 .text.Settings_ResetToDefault
                0x08000a6c       0x2c build/settings.o
                0x08000a6c                Settings_ResetToDefault
 .text.Settings_Validate
                0x08000a98       0x40 build/settings.o
                0x08000a98                Settings_Validate
 .text.Settings_Init
                0x08000ad8       0x4c build/settings.o
                0x08000ad8                Settings_Init
 .text.Display_Init
                0x08000b24       0x18 build/display.o
                0x08000b24                Display_Init
 .text.Display_ShowTime
                0x08000b3c       0x20 build/display.o
                0x08000b3c                Display_ShowTime
 .text.Display_ShowSecond
                0x08000b5c       0x42 build/display.o
                0x08000b5c                Display_ShowSecond
 .text.Display_ShowTemperature
                0x08000b9e       0x4a build/display.o
                0x08000b9e                Display_ShowTemperature
 .text.Display_ShowSettings
                0x08000be8      0x278 build/display.o
                0x08000be8                Display_ShowSettings
 .text.Display_SetBrightness
                0x08000e60        0x8 build/display.o
                0x08000e60                Display_SetBrightness
 .text.Display_GetMode
                0x08000e68        0xc build/display.o
                0x08000e68                Display_GetMode
 .text.Display_SetMode
                0x08000e74        0xc build/display.o
                0x08000e74                Display_SetMode
 .text.Display_SetBlink
                0x08000e80        0xc build/display.o
                0x08000e80                Display_SetBlink
 .text.Display_GetBlink
                0x08000e8c        0xc build/display.o
                0x08000e8c                Display_GetBlink
 .text.Display_SetTime
                0x08000e98       0x14 build/display.o
                0x08000e98                Display_SetTime
 .text.Temperature_Init
                0x08000eac       0x24 build/temperature.o
                0x08000eac                Temperature_Init
 .text.Temperature_Update
                0x08000ed0       0x5c build/temperature.o
                0x08000ed0                Temperature_Update
 .text.Temperature_Get
                0x08000f2c       0x14 build/temperature.o
                0x08000f2c                Temperature_Get
 .text.Alarm_Init
                0x08000f40       0x24 build/alarm.o
                0x08000f40                Alarm_Init
 .text.Alarm_Start
                0x08000f64       0x1c build/alarm.o
                0x08000f64                Alarm_Start
 .text.Alarm_Stop
                0x08000f80       0x24 build/alarm.o
                0x08000f80                Alarm_Stop
 .text.Alarm_TimerTick
                0x08000fa4       0x78 build/alarm.o
                0x08000fa4                Alarm_TimerTick
 .text.Alarm_Check
                0x0800101c       0x4c build/alarm.o
                0x0800101c                Alarm_Check
 .text.Alarm_IsEnabled
                0x08001068        0xc build/alarm.o
                0x08001068                Alarm_IsEnabled
 .text.Alarm_IsAlarming
                0x08001074        0xc build/alarm.o
                0x08001074                Alarm_IsAlarming
 .text.Alarm_IsAlarmSet
                0x08001080       0x1c build/alarm.o
                0x08001080                Alarm_IsAlarmSet
 .text.IsInTimeRange
                0x0800109c       0x2c build/ring.o
 .text.Ring_Init
                0x080010c8       0x18 build/ring.o
                0x080010c8                Ring_Init
 .text.Ring_SetStartTime
                0x080010e0        0xc build/ring.o
                0x080010e0                Ring_SetStartTime
 .text.Ring_Check
                0x080010ec       0xc4 build/ring.o
                0x080010ec                Ring_Check
 .text.Ring_IsEnabled
                0x080011b0        0xc build/ring.o
                0x080011b0                Ring_IsEnabled
 .text.SetKey_Clicked
                0x080011bc      0x208 build/app.o
 .text.ModeKey_Clicked
                0x080013c4      0x224 build/app.o
 .text.App_Init
                0x080015e8       0x94 build/app.o
                0x080015e8                App_Init
 .text.App_MainLoop
                0x0800167c      0x1cc build/app.o
                0x0800167c                App_MainLoop
 .text.App_TIM_PeriodElapsedCallback
                0x08001848       0x68 build/app.o
                0x08001848                App_TIM_PeriodElapsedCallback
 .text.App_GPIO_EXTI_Callback
                0x080018b0      0x154 build/app.o
                0x080018b0                App_GPIO_EXTI_Callback
 .text.ADC_Enable.constprop.0
                0x08001a04       0x98 build/stm32f0xx_hal_adc.o
 .text.HAL_ADC_Init
                0x08001a9c      0x144 build/stm32f0xx_hal_adc.o
                0x08001a9c                HAL_ADC_Init
 .text.HAL_ADC_Start_DMA
                0x08001be0       0x94 build/stm32f0xx_hal_adc.o
                0x08001be0                HAL_ADC_Start_DMA
 .text.HAL_ADC_ConvCpltCallback
                0x08001c74        0x2 build/stm32f0xx_hal_adc.o
                0x08001c74                HAL_ADC_ConvCpltCallback
 *fill*         0x08001c76        0x2 
 .text.ADC_DMAConvCplt
                0x08001c78       0x70 build/stm32f0xx_hal_adc.o
 .text.HAL_ADC_ConvHalfCpltCallback
                0x08001ce8        0x2 build/stm32f0xx_hal_adc.o
                0x08001ce8                HAL_ADC_ConvHalfCpltCallback
 .text.ADC_DMAHalfConvCplt
                0x08001cea        0xa build/stm32f0xx_hal_adc.o
 .text.HAL_ADC_ErrorCallback
                0x08001cf4        0x2 build/stm32f0xx_hal_adc.o
                0x08001cf4                HAL_ADC_ErrorCallback
 .text.ADC_DMAError
                0x08001cf6       0x1a build/stm32f0xx_hal_adc.o
 .text.HAL_ADC_ConfigChannel
                0x08001d10       0xec build/stm32f0xx_hal_adc.o
                0x08001d10                HAL_ADC_ConfigChannel
 .text.HAL_ADCEx_Calibration_Start
                0x08001dfc       0xa8 build/stm32f0xx_hal_adc_ex.o
                0x08001dfc                HAL_ADCEx_Calibration_Start
 .text.I2C_Flush_TXDR
                0x08001ea4       0x1c build/stm32f0xx_hal_i2c.o
 .text.I2C_TransferConfig
                0x08001ec0       0x24 build/stm32f0xx_hal_i2c.o
 .text.I2C_WaitOnFlagUntilTimeout
                0x08001ee4       0x4c build/stm32f0xx_hal_i2c.o
 .text.I2C_IsAcknowledgeFailed
                0x08001f30       0x80 build/stm32f0xx_hal_i2c.o
 .text.I2C_WaitOnTXISFlagUntilTimeout
                0x08001fb0       0x5a build/stm32f0xx_hal_i2c.o
 .text.I2C_RequestMemoryWrite
                0x0800200a       0x68 build/stm32f0xx_hal_i2c.o
 .text.I2C_RequestMemoryRead
                0x08002072       0x66 build/stm32f0xx_hal_i2c.o
 .text.I2C_WaitOnSTOPFlagUntilTimeout
                0x080020d8       0x56 build/stm32f0xx_hal_i2c.o
 *fill*         0x0800212e        0x2 
 .text.HAL_I2C_Init
                0x08002130       0xac build/stm32f0xx_hal_i2c.o
                0x08002130                HAL_I2C_Init
 .text.HAL_I2C_Mem_Write
                0x080021dc      0x16c build/stm32f0xx_hal_i2c.o
                0x080021dc                HAL_I2C_Mem_Write
 .text.HAL_I2C_Mem_Read
                0x08002348      0x174 build/stm32f0xx_hal_i2c.o
                0x08002348                HAL_I2C_Mem_Read
 .text.HAL_I2CEx_ConfigAnalogFilter
                0x080024bc       0x4c build/stm32f0xx_hal_i2c_ex.o
                0x080024bc                HAL_I2CEx_ConfigAnalogFilter
 .text.HAL_I2CEx_ConfigDigitalFilter
                0x08002508       0x48 build/stm32f0xx_hal_i2c_ex.o
                0x08002508                HAL_I2CEx_ConfigDigitalFilter
 .text.HAL_TIM_Base_Start
                0x08002550       0x18 build/stm32f0xx_hal_tim.o
                0x08002550                HAL_TIM_Base_Start
 .text.HAL_TIM_Base_Start_IT
                0x08002568       0x14 build/stm32f0xx_hal_tim.o
                0x08002568                HAL_TIM_Base_Start_IT
 .text.HAL_TIM_Base_Stop_IT
                0x0800257c       0x2c build/stm32f0xx_hal_tim.o
                0x0800257c                HAL_TIM_Base_Stop_IT
 .text.HAL_TIM_OC_DelayElapsedCallback
                0x080025a8        0x2 build/stm32f0xx_hal_tim.o
                0x080025a8                HAL_TIM_OC_DelayElapsedCallback
 .text.HAL_TIM_IC_CaptureCallback
                0x080025aa        0x2 build/stm32f0xx_hal_tim.o
                0x080025aa                HAL_TIM_IC_CaptureCallback
 .text.HAL_TIM_PWM_PulseFinishedCallback
                0x080025ac        0x2 build/stm32f0xx_hal_tim.o
                0x080025ac                HAL_TIM_PWM_PulseFinishedCallback
 .text.HAL_TIM_TriggerCallback
                0x080025ae        0x2 build/stm32f0xx_hal_tim.o
                0x080025ae                HAL_TIM_TriggerCallback
 .text.HAL_TIM_IRQHandler
                0x080025b0      0x148 build/stm32f0xx_hal_tim.o
                0x080025b0                HAL_TIM_IRQHandler
 .text.TIM_Base_SetConfig
                0x080026f8       0x7c build/stm32f0xx_hal_tim.o
                0x080026f8                TIM_Base_SetConfig
 .text.HAL_TIM_Base_Init
                0x08002774       0x36 build/stm32f0xx_hal_tim.o
                0x08002774                HAL_TIM_Base_Init
 *fill*         0x080027aa        0x2 
 .text.TIM_ETR_SetConfig
                0x080027ac       0x18 build/stm32f0xx_hal_tim.o
                0x080027ac                TIM_ETR_SetConfig
 .text.HAL_TIM_ConfigClockSource
                0x080027c4      0x154 build/stm32f0xx_hal_tim.o
                0x080027c4                HAL_TIM_ConfigClockSource
 .text.HAL_TIMEx_MasterConfigSynchronization
                0x08002918       0x44 build/stm32f0xx_hal_tim_ex.o
                0x08002918                HAL_TIMEx_MasterConfigSynchronization
 .text.HAL_TIMEx_CommutationCallback
                0x0800295c        0x2 build/stm32f0xx_hal_tim_ex.o
                0x0800295c                HAL_TIMEx_CommutationCallback
 .text.HAL_TIMEx_BreakCallback
                0x0800295e        0x2 build/stm32f0xx_hal_tim_ex.o
                0x0800295e                HAL_TIMEx_BreakCallback
 .text.HAL_RCC_OscConfig
                0x08002960      0x3bc build/stm32f0xx_hal_rcc.o
                0x08002960                HAL_RCC_OscConfig
 .text.HAL_RCC_GetSysClockFreq
                0x08002d1c       0x64 build/stm32f0xx_hal_rcc.o
                0x08002d1c                HAL_RCC_GetSysClockFreq
 .text.HAL_RCC_ClockConfig
                0x08002d80      0x130 build/stm32f0xx_hal_rcc.o
                0x08002d80                HAL_RCC_ClockConfig
 .text.HAL_RCC_GetHCLKFreq
                0x08002eb0        0xc build/stm32f0xx_hal_rcc.o
                0x08002eb0                HAL_RCC_GetHCLKFreq
 .text.HAL_RCCEx_PeriphCLKConfig
                0x08002ebc      0x10c build/stm32f0xx_hal_rcc_ex.o
                0x08002ebc                HAL_RCCEx_PeriphCLKConfig
 .text.HAL_InitTick
                0x08002fc8       0x24 build/stm32f0xx_hal.o
                0x08002fc8                HAL_InitTick
 .text.HAL_Init
                0x08002fec       0x20 build/stm32f0xx_hal.o
                0x08002fec                HAL_Init
 .text.HAL_IncTick
                0x0800300c       0x10 build/stm32f0xx_hal.o
                0x0800300c                HAL_IncTick
 .text.HAL_GetTick
                0x0800301c        0xc build/stm32f0xx_hal.o
                0x0800301c                HAL_GetTick
 .text.HAL_GPIO_Init
                0x08003028      0x164 build/stm32f0xx_hal_gpio.o
                0x08003028                HAL_GPIO_Init
 .text.HAL_GPIO_ReadPin
                0x0800318c        0xc build/stm32f0xx_hal_gpio.o
                0x0800318c                HAL_GPIO_ReadPin
 .text.HAL_GPIO_WritePin
                0x08003198        0xc build/stm32f0xx_hal_gpio.o
                0x08003198                HAL_GPIO_WritePin
 .text.HAL_GPIO_EXTI_IRQHandler
                0x080031a4       0x18 build/stm32f0xx_hal_gpio.o
                0x080031a4                HAL_GPIO_EXTI_IRQHandler
 .text.HAL_DMA_Init
                0x080031bc       0x6c build/stm32f0xx_hal_dma.o
                0x080031bc                HAL_DMA_Init
 .text.HAL_DMA_Start_IT
                0x08003228       0x78 build/stm32f0xx_hal_dma.o
                0x08003228                HAL_DMA_Start_IT
 .text.HAL_DMA_IRQHandler
                0x080032a0       0x92 build/stm32f0xx_hal_dma.o
                0x080032a0                HAL_DMA_IRQHandler
 *fill*         0x08003332        0x2 
 .text.HAL_NVIC_SetPriority
                0x08003334       0x50 build/stm32f0xx_hal_cortex.o
                0x08003334                HAL_NVIC_SetPriority
 .text.HAL_NVIC_EnableIRQ
                0x08003384       0x14 build/stm32f0xx_hal_cortex.o
                0x08003384                HAL_NVIC_EnableIRQ
 .text.HAL_SYSTICK_Config
                0x08003398       0x34 build/stm32f0xx_hal_cortex.o
                0x08003398                HAL_SYSTICK_Config
 .text.SystemInit
                0x080033cc       0x60 build/system_stm32f0xx.o
                0x080033cc                SystemInit
 .text.UnlockWriteProtect
                0x0800342c       0x88 build/SD3077.o
 .text.TimeNow  0x080034b4       0xa0 build/SD3077.o
                0x080034b4                TimeNow
 .text.SetTime  0x08003554       0xc0 build/SD3077.o
                0x08003554                SetTime
 .text.EnableSencodInterruptOuput
                0x08003614       0x50 build/SD3077.o
                0x08003614                EnableSencodInterruptOuput
 .text.SetInterruptOuput
                0x08003664       0x58 build/SD3077.o
                0x08003664                SetInterruptOuput
 .text.WriteBackData
                0x080036bc       0x30 build/SD3077.o
                0x080036bc                WriteBackData
 .text.ReadBackData
                0x080036ec       0x28 build/SD3077.o
                0x080036ec                ReadBackData
 .text.delay    0x08003714       0x12 build/TM1637.o
 *fill*         0x08003726        0x2 
 .text.start    0x08003728       0x1c build/TM1637.o
 .text.WriteByte
                0x08003744       0x38 build/TM1637.o
 .text.waitACK  0x0800377c       0x20 build/TM1637.o
 .text.stop     0x0800379c       0x28 build/TM1637.o
 .text.TM1637SetBrightness
                0x080037c4       0x1a build/TM1637.o
                0x080037c4                TM1637SetBrightness
 .text.TM1637Init
                0x080037de        0xa build/TM1637.o
                0x080037de                TM1637Init
 .text.TM1637ShowNumberRight
                0x080037e8       0xc4 build/TM1637.o
                0x080037e8                TM1637ShowNumberRight
 .text.TM1637SetRawData
                0x080038ac       0x38 build/TM1637.o
                0x080038ac                TM1637SetRawData
 .text.TM1637SetChar
                0x080038e4       0x24 build/TM1637.o
                0x080038e4                TM1637SetChar
 .text.Reset_Handler
                0x08003908       0x50 build/startup_stm32f030x6.o
                0x08003908                Reset_Handler
 .text.Default_Handler
                0x08003958        0x2 build/startup_stm32f030x6.o
                0x08003958                TIM1_CC_IRQHandler
                0x08003958                I2C1_IRQHandler
                0x08003958                SPI1_IRQHandler
                0x08003958                ADC1_IRQHandler
                0x08003958                RTC_IRQHandler
                0x08003958                TIM3_IRQHandler
                0x08003958                EXTI4_15_IRQHandler
                0x08003958                RCC_IRQHandler
                0x08003958                Default_Handler
                0x08003958                TIM14_IRQHandler
                0x08003958                DMA1_Channel4_5_IRQHandler
                0x08003958                WWDG_IRQHandler
                0x08003958                DMA1_Channel2_3_IRQHandler
                0x08003958                FLASH_IRQHandler
                0x08003958                USART1_IRQHandler
                0x08003958                TIM1_BRK_UP_TRG_COM_IRQHandler
 .text.memset   0x0800395a       0x10 D:/STM32CubeCLT/STM32CubeCLT_1.18.0/GNU-tools-for-STM32/bin/../lib/gcc/arm-none-eabi/13.3.1/../../../../arm-none-eabi/lib/thumb/v6-m/nofp\libc_nano.a(libc_a-memset.o)
                0x0800395a                memset
 *fill*         0x0800396a        0x2 
 .text.__libc_init_array
                0x0800396c       0x48 D:/STM32CubeCLT/STM32CubeCLT_1.18.0/GNU-tools-for-STM32/bin/../lib/gcc/arm-none-eabi/13.3.1/../../../../arm-none-eabi/lib/thumb/v6-m/nofp\libc_nano.a(libc_a-init.o)
                0x0800396c                __libc_init_array
 .text.memcpy   0x080039b4       0x12 D:/STM32CubeCLT/STM32CubeCLT_1.18.0/GNU-tools-for-STM32/bin/../lib/gcc/arm-none-eabi/13.3.1/../../../../arm-none-eabi/lib/thumb/v6-m/nofp\libc_nano.a(libc_a-memcpy-stub.o)
                0x080039b4                memcpy
 *(.glue_7)
 .glue_7        0x080039c6        0x0 linker stubs
 *(.glue_7t)
 .glue_7t       0x080039c6        0x0 linker stubs
 *(.eh_frame)
 *fill*         0x080039c6        0x2 
 .eh_frame      0x080039c8        0x0 D:/STM32CubeCLT/STM32CubeCLT_1.18.0/GNU-tools-for-STM32/bin/../lib/gcc/arm-none-eabi/13.3.1/thumb/v6-m/nofp/crtbegin.o
 *(.init)
 .init          0x080039c8        0x4 D:/STM32CubeCLT/STM32CubeCLT_1.18.0/GNU-tools-for-STM32/bin/../lib/gcc/arm-none-eabi/13.3.1/thumb/v6-m/nofp/crti.o
                0x080039c8                _init
 .init          0x080039cc        0x8 D:/STM32CubeCLT/STM32CubeCLT_1.18.0/GNU-tools-for-STM32/bin/../lib/gcc/arm-none-eabi/13.3.1/thumb/v6-m/nofp/crtn.o
 *(.fini)
 .fini          0x080039d4        0x4 D:/STM32CubeCLT/STM32CubeCLT_1.18.0/GNU-tools-for-STM32/bin/../lib/gcc/arm-none-eabi/13.3.1/thumb/v6-m/nofp/crti.o
                0x080039d4                _fini
 .fini          0x080039d8        0x8 D:/STM32CubeCLT/STM32CubeCLT_1.18.0/GNU-tools-for-STM32/bin/../lib/gcc/arm-none-eabi/13.3.1/thumb/v6-m/nofp/crtn.o
                0x080039e0                        . = ALIGN (0x4)
                0x080039e0                        _etext = .

.vfp11_veneer   0x080039e0        0x0
 .vfp11_veneer  0x080039e0        0x0 linker stubs

.v4_bx          0x080039e0        0x0
 .v4_bx         0x080039e0        0x0 linker stubs

.iplt           0x080039e0        0x0
 .iplt          0x080039e0        0x0 D:/STM32CubeCLT/STM32CubeCLT_1.18.0/GNU-tools-for-STM32/bin/../lib/gcc/arm-none-eabi/13.3.1/thumb/v6-m/nofp/crtbegin.o

.rodata         0x080039e0      0x184
                0x080039e0                        . = ALIGN (0x4)
 *(.rodata)
 *(.rodata*)
 .rodata.tempertureMap
                0x080039e0       0xfc build/temperature.o
 .rodata.HAL_RCC_GetSysClockFreq.str1.1
                0x08003adc       0x22 build/stm32f0xx_hal_rcc.o
 .rodata.AHBPrescTable
                0x08003afe       0x10 build/system_stm32f0xx.o
                0x08003afe                AHBPrescTable
 .rodata.CSWTCH.10
                0x08003b0e       0x49 build/TM1637.o
 .rodata.numbersMap
                0x08003b57        0xa build/TM1637.o
                0x08003b57                numbersMap
                0x08003b64                        . = ALIGN (0x4)
 *fill*         0x08003b61        0x3 

.rel.dyn        0x08003b64        0x0
 .rel.iplt      0x08003b64        0x0 D:/STM32CubeCLT/STM32CubeCLT_1.18.0/GNU-tools-for-STM32/bin/../lib/gcc/arm-none-eabi/13.3.1/thumb/v6-m/nofp/crtbegin.o

.ARM.extab
 *(.ARM.extab* .gnu.linkonce.armextab.*)

.ARM            0x08003b64        0x0
                0x08003b64                        __exidx_start = .
 *(.ARM.exidx*)
                0x08003b64                        __exidx_end = .

.preinit_array  0x08003b64        0x0
                0x08003b64                        PROVIDE (__preinit_array_start = .)
 *(.preinit_array*)
                0x08003b64                        PROVIDE (__preinit_array_end = .)

.init_array     0x08003b64        0x4
                0x08003b64                        PROVIDE (__init_array_start = .)
 *(SORT_BY_NAME(.init_array.*))
 *(.init_array*)
 .init_array    0x08003b64        0x4 D:/STM32CubeCLT/STM32CubeCLT_1.18.0/GNU-tools-for-STM32/bin/../lib/gcc/arm-none-eabi/13.3.1/thumb/v6-m/nofp/crtbegin.o
                0x08003b68                        PROVIDE (__init_array_end = .)

.fini_array     0x08003b68        0x4
                [!provide]                        PROVIDE (__fini_array_start = .)
 *(SORT_BY_NAME(.fini_array.*))
 *(.fini_array*)
 .fini_array    0x08003b68        0x4 D:/STM32CubeCLT/STM32CubeCLT_1.18.0/GNU-tools-for-STM32/bin/../lib/gcc/arm-none-eabi/13.3.1/thumb/v6-m/nofp/crtbegin.o
                [!provide]                        PROVIDE (__fini_array_end = .)
                0x08003b6c                        _sidata = LOADADDR (.data)

.data           0x20000000        0x8 load address 0x08003b6c
                0x20000000                        . = ALIGN (0x4)
                0x20000000                        _sdata = .
 *(.data)
 *(.data*)
 .data.currentTemp
                0x20000000        0x1 build/temperature.o
 *fill*         0x20000001        0x3 
 .data.SystemCoreClock
                0x20000004        0x4 build/system_stm32f0xx.o
                0x20000004                SystemCoreClock
                0x20000008                        . = ALIGN (0x4)
                0x20000008                        _edata = .

.igot.plt       0x20000008        0x0 load address 0x08003b74
 .igot.plt      0x20000008        0x0 D:/STM32CubeCLT/STM32CubeCLT_1.18.0/GNU-tools-for-STM32/bin/../lib/gcc/arm-none-eabi/13.3.1/thumb/v6-m/nofp/crtbegin.o
                0x20000008                        . = ALIGN (0x4)

.bss            0x20000008      0x230 load address 0x08003b74
                0x20000008                        _sbss = .
                0x20000008                        __bss_start__ = _sbss
 *(.bss)
 .bss           0x20000008       0x1c D:/STM32CubeCLT/STM32CubeCLT_1.18.0/GNU-tools-for-STM32/bin/../lib/gcc/arm-none-eabi/13.3.1/thumb/v6-m/nofp/crtbegin.o
 *(.bss*)
 .bss.hdma_adc  0x20000024       0x44 build/adc.o
                0x20000024                hdma_adc
 .bss.hadc      0x20000068       0x4c build/adc.o
                0x20000068                hadc
 .bss.hi2c1     0x200000b4       0x4c build/i2c.o
                0x200000b4                hi2c1
 .bss.htim17    0x20000100       0x40 build/tim.o
                0x20000100                htim17
 .bss.htim16    0x20000140       0x40 build/tim.o
                0x20000140                htim16
 .bss.htim3     0x20000180       0x40 build/tim.o
                0x20000180                htim3
 .bss.g_Settings
                0x200001c0        0xb build/settings.o
 .bss.g_DisplayTime
                0x200001cb        0x8 build/display.o
 .bss.g_BlinkControl
                0x200001d3        0x1 build/display.o
 .bss.g_CurrentMode
                0x200001d4        0x1 build/display.o
 .bss.tempBuffered
                0x200001d5        0x1 build/temperature.o
 .bss.tempBuffer
                0x200001d6       0x12 build/temperature.o
 .bss.alarmBeepCount
                0x200001e8        0x1 build/alarm.o
 *fill*         0x200001e9        0x3 
 .bss.alarmTimestamp
                0x200001ec        0x4 build/alarm.o
 .bss.g_Alarm   0x200001f0        0x5 build/alarm.o
 *fill*         0x200001f5        0x3 
 .bss.g_Ring    0x200001f8        0xc build/ring.o
 .bss.g_App     0x20000204       0x30 build/app.o
                0x20000204                g_App
 .bss.uwTick    0x20000234        0x4 build/stm32f0xx_hal.o
                0x20000234                uwTick
 *(COMMON)
                0x20000238                        . = ALIGN (0x4)
                0x20000238                        _ebss = .
                0x20000238                        __bss_end__ = _ebss

._user_heap_stack
                0x20000238      0x600 load address 0x08003b74
                0x20000238                        . = ALIGN (0x8)
                0x20000238                        PROVIDE (end = .)
                [!provide]                        PROVIDE (_end = .)
                0x20000438                        . = (. + _Min_Heap_Size)
 *fill*         0x20000238      0x200 
                0x20000838                        . = (. + _Min_Stack_Size)
 *fill*         0x20000438      0x400 
                0x20000838                        . = ALIGN (0x8)

/DISCARD/
 libc.a(*)
 libm.a(*)
 libgcc.a(*)

.ARM.attributes
                0x00000000       0x28
 *(.ARM.attributes)
 .ARM.attributes
                0x00000000       0x1e D:/STM32CubeCLT/STM32CubeCLT_1.18.0/GNU-tools-for-STM32/bin/../lib/gcc/arm-none-eabi/13.3.1/thumb/v6-m/nofp/crti.o
 .ARM.attributes
                0x0000001e       0x2c D:/STM32CubeCLT/STM32CubeCLT_1.18.0/GNU-tools-for-STM32/bin/../lib/gcc/arm-none-eabi/13.3.1/thumb/v6-m/nofp/crtbegin.o
 .ARM.attributes
                0x0000004a       0x2c build/main.o
 .ARM.attributes
                0x00000076       0x2c build/gpio.o
 .ARM.attributes
                0x000000a2       0x2c build/adc.o
 .ARM.attributes
                0x000000ce       0x2c build/dma.o
 .ARM.attributes
                0x000000fa       0x2c build/i2c.o
 .ARM.attributes
                0x00000126       0x2c build/tim.o
 .ARM.attributes
                0x00000152       0x2c build/stm32f0xx_it.o
 .ARM.attributes
                0x0000017e       0x2c build/stm32f0xx_hal_msp.o
 .ARM.attributes
                0x000001aa       0x2c build/settings.o
 .ARM.attributes
                0x000001d6       0x2c build/display.o
 .ARM.attributes
                0x00000202       0x2c build/temperature.o
 .ARM.attributes
                0x0000022e       0x2c build/alarm.o
 .ARM.attributes
                0x0000025a       0x2c build/ring.o
 .ARM.attributes
                0x00000286       0x2c build/app.o
 .ARM.attributes
                0x000002b2       0x2c build/stm32f0xx_hal_adc.o
 .ARM.attributes
                0x000002de       0x2c build/stm32f0xx_hal_adc_ex.o
 .ARM.attributes
                0x0000030a       0x2c build/stm32f0xx_hal_i2c.o
 .ARM.attributes
                0x00000336       0x2c build/stm32f0xx_hal_i2c_ex.o
 .ARM.attributes
                0x00000362       0x2c build/stm32f0xx_hal_tim.o
 .ARM.attributes
                0x0000038e       0x2c build/stm32f0xx_hal_tim_ex.o
 .ARM.attributes
                0x000003ba       0x2c build/stm32f0xx_hal_rcc.o
 .ARM.attributes
                0x000003e6       0x2c build/stm32f0xx_hal_rcc_ex.o
 .ARM.attributes
                0x00000412       0x2c build/stm32f0xx_hal.o
 .ARM.attributes
                0x0000043e       0x2c build/stm32f0xx_hal_gpio.o
 .ARM.attributes
                0x0000046a       0x2c build/stm32f0xx_hal_dma.o
 .ARM.attributes
                0x00000496       0x2c build/stm32f0xx_hal_cortex.o
 .ARM.attributes
                0x000004c2       0x2c build/system_stm32f0xx.o
 .ARM.attributes
                0x000004ee       0x2c build/SD3077.o
 .ARM.attributes
                0x0000051a       0x2c build/TM1637.o
 .ARM.attributes
                0x00000546       0x21 build/startup_stm32f030x6.o
 .ARM.attributes
                0x00000567       0x2c D:/STM32CubeCLT/STM32CubeCLT_1.18.0/GNU-tools-for-STM32/bin/../lib/gcc/arm-none-eabi/13.3.1/../../../../arm-none-eabi/lib/thumb/v6-m/nofp\libc_nano.a(libc_a-memset.o)
 .ARM.attributes
                0x00000593       0x2c D:/STM32CubeCLT/STM32CubeCLT_1.18.0/GNU-tools-for-STM32/bin/../lib/gcc/arm-none-eabi/13.3.1/../../../../arm-none-eabi/lib/thumb/v6-m/nofp\libc_nano.a(libc_a-init.o)
 .ARM.attributes
                0x000005bf       0x2c D:/STM32CubeCLT/STM32CubeCLT_1.18.0/GNU-tools-for-STM32/bin/../lib/gcc/arm-none-eabi/13.3.1/../../../../arm-none-eabi/lib/thumb/v6-m/nofp\libc_nano.a(libc_a-memcpy-stub.o)
 .ARM.attributes
                0x000005eb       0x1e D:/STM32CubeCLT/STM32CubeCLT_1.18.0/GNU-tools-for-STM32/bin/../lib/gcc/arm-none-eabi/13.3.1/thumb/v6-m/nofp\libgcc.a(_thumb1_case_uqi.o)
 .ARM.attributes
                0x00000609       0x1e D:/STM32CubeCLT/STM32CubeCLT_1.18.0/GNU-tools-for-STM32/bin/../lib/gcc/arm-none-eabi/13.3.1/thumb/v6-m/nofp\libgcc.a(_thumb1_case_uhi.o)
 .ARM.attributes
                0x00000627       0x1e D:/STM32CubeCLT/STM32CubeCLT_1.18.0/GNU-tools-for-STM32/bin/../lib/gcc/arm-none-eabi/13.3.1/thumb/v6-m/nofp\libgcc.a(_udivsi3.o)
 .ARM.attributes
                0x00000645       0x1e D:/STM32CubeCLT/STM32CubeCLT_1.18.0/GNU-tools-for-STM32/bin/../lib/gcc/arm-none-eabi/13.3.1/thumb/v6-m/nofp\libgcc.a(_divsi3.o)
 .ARM.attributes
                0x00000663       0x1e D:/STM32CubeCLT/STM32CubeCLT_1.18.0/GNU-tools-for-STM32/bin/../lib/gcc/arm-none-eabi/13.3.1/thumb/v6-m/nofp\libgcc.a(_dvmd_tls.o)
 .ARM.attributes
                0x00000681       0x1e D:/STM32CubeCLT/STM32CubeCLT_1.18.0/GNU-tools-for-STM32/bin/../lib/gcc/arm-none-eabi/13.3.1/thumb/v6-m/nofp/crtn.o
OUTPUT(build/STM32F030F4-LEDClock.elf elf32-littlearm)
LOAD linker stubs
LOAD D:/STM32CubeCLT/STM32CubeCLT_1.18.0/GNU-tools-for-STM32/bin/../lib/gcc/arm-none-eabi/13.3.1/../../../../arm-none-eabi/lib/thumb/v6-m/nofp\libc.a
LOAD D:/STM32CubeCLT/STM32CubeCLT_1.18.0/GNU-tools-for-STM32/bin/../lib/gcc/arm-none-eabi/13.3.1/../../../../arm-none-eabi/lib/thumb/v6-m/nofp\libm.a
LOAD D:/STM32CubeCLT/STM32CubeCLT_1.18.0/GNU-tools-for-STM32/bin/../lib/gcc/arm-none-eabi/13.3.1/thumb/v6-m/nofp\libgcc.a

.debug_info     0x00000000    0x16e35
 .debug_info    0x00000000      0xaf5 build/main.o
 .debug_info    0x00000af5      0x5cb build/gpio.o
 .debug_info    0x000010c0      0xaca build/adc.o
 .debug_info    0x00001b8a      0x2d4 build/dma.o
 .debug_info    0x00001e5e      0xadb build/i2c.o
 .debug_info    0x00002939      0xba0 build/tim.o
 .debug_info    0x000034d9      0x7b1 build/stm32f0xx_it.o
 .debug_info    0x00003c8a      0x1d8 build/stm32f0xx_hal_msp.o
 .debug_info    0x00003e62      0x422 build/settings.o
 .debug_info    0x00004284      0x939 build/display.o
 .debug_info    0x00004bbd      0x22c build/temperature.o
 .debug_info    0x00004de9      0xb1c build/alarm.o
 .debug_info    0x00005905      0x662 build/ring.o
 .debug_info    0x00005f67     0x1c61 build/app.o
 .debug_info    0x00007bc8     0x10c0 build/stm32f0xx_hal_adc.o
 .debug_info    0x00008c88      0x623 build/stm32f0xx_hal_adc_ex.o
 .debug_info    0x000092ab     0x359d build/stm32f0xx_hal_i2c.o
 .debug_info    0x0000c848      0x90c build/stm32f0xx_hal_i2c_ex.o
 .debug_info    0x0000d154     0x3d66 build/stm32f0xx_hal_tim.o
 .debug_info    0x00010eba     0x14bc build/stm32f0xx_hal_tim_ex.o
 .debug_info    0x00012376      0xb27 build/stm32f0xx_hal_rcc.o
 .debug_info    0x00012e9d      0x419 build/stm32f0xx_hal_rcc_ex.o
 .debug_info    0x000132b6      0x6e5 build/stm32f0xx_hal.o
 .debug_info    0x0001399b      0x6e1 build/stm32f0xx_hal_gpio.o
 .debug_info    0x0001407c      0x94d build/stm32f0xx_hal_dma.o
 .debug_info    0x000149c9      0x8cf build/stm32f0xx_hal_cortex.o
 .debug_info    0x00015298      0x2c8 build/system_stm32f0xx.o
 .debug_info    0x00015560      0xfb4 build/SD3077.o
 .debug_info    0x00016514      0x8f1 build/TM1637.o
 .debug_info    0x00016e05       0x30 build/startup_stm32f030x6.o

.debug_abbrev   0x00000000     0x3f45
 .debug_abbrev  0x00000000      0x23c build/main.o
 .debug_abbrev  0x0000023c      0x190 build/gpio.o
 .debug_abbrev  0x000003cc      0x206 build/adc.o
 .debug_abbrev  0x000005d2      0x11b build/dma.o
 .debug_abbrev  0x000006ed      0x22b build/i2c.o
 .debug_abbrev  0x00000918      0x225 build/tim.o
 .debug_abbrev  0x00000b3d      0x1f9 build/stm32f0xx_it.o
 .debug_abbrev  0x00000d36       0xbd build/stm32f0xx_hal_msp.o
 .debug_abbrev  0x00000df3      0x18f build/settings.o
 .debug_abbrev  0x00000f82      0x1e7 build/display.o
 .debug_abbrev  0x00001169      0x114 build/temperature.o
 .debug_abbrev  0x0000127d      0x25e build/alarm.o
 .debug_abbrev  0x000014db      0x295 build/ring.o
 .debug_abbrev  0x00001770      0x386 build/app.o
 .debug_abbrev  0x00001af6      0x2e1 build/stm32f0xx_hal_adc.o
 .debug_abbrev  0x00001dd7      0x141 build/stm32f0xx_hal_adc_ex.o
 .debug_abbrev  0x00001f18      0x3d3 build/stm32f0xx_hal_i2c.o
 .debug_abbrev  0x000022eb      0x1c4 build/stm32f0xx_hal_i2c_ex.o
 .debug_abbrev  0x000024af      0x3bd build/stm32f0xx_hal_tim.o
 .debug_abbrev  0x0000286c      0x2ff build/stm32f0xx_hal_tim_ex.o
 .debug_abbrev  0x00002b6b      0x2c7 build/stm32f0xx_hal_rcc.o
 .debug_abbrev  0x00002e32      0x1aa build/stm32f0xx_hal_rcc_ex.o
 .debug_abbrev  0x00002fdc      0x257 build/stm32f0xx_hal.o
 .debug_abbrev  0x00003233      0x235 build/stm32f0xx_hal_gpio.o
 .debug_abbrev  0x00003468      0x24f build/stm32f0xx_hal_dma.o
 .debug_abbrev  0x000036b7      0x270 build/stm32f0xx_hal_cortex.o
 .debug_abbrev  0x00003927      0x134 build/system_stm32f0xx.o
 .debug_abbrev  0x00003a5b      0x265 build/SD3077.o
 .debug_abbrev  0x00003cc0      0x268 build/TM1637.o
 .debug_abbrev  0x00003f28       0x1d build/startup_stm32f030x6.o

.debug_loc      0x00000000     0xfaf6
 .debug_loc     0x00000000       0xe3 build/main.o
 .debug_loc     0x000000e3       0x2c build/gpio.o
 .debug_loc     0x0000010f       0xe8 build/adc.o
 .debug_loc     0x000001f7       0x20 build/dma.o
 .debug_loc     0x00000217       0xcf build/i2c.o
 .debug_loc     0x000002e6      0x18e build/tim.o
 .debug_loc     0x00000474       0xc0 build/stm32f0xx_it.o
 .debug_loc     0x00000534       0x20 build/stm32f0xx_hal_msp.o
 .debug_loc     0x00000554       0x60 build/settings.o
 .debug_loc     0x000005b4      0xc6b build/display.o
 .debug_loc     0x0000121f      0x14b build/temperature.o
 .debug_loc     0x0000136a      0x11d build/alarm.o
 .debug_loc     0x00001487      0x12d build/ring.o
 .debug_loc     0x000015b4      0x50a build/app.o
 .debug_loc     0x00001abe      0xfca build/stm32f0xx_hal_adc.o
 .debug_loc     0x00002a88      0x152 build/stm32f0xx_hal_adc_ex.o
 .debug_loc     0x00002bda     0x4002 build/stm32f0xx_hal_i2c.o
 .debug_loc     0x00006bdc      0x1d4 build/stm32f0xx_hal_i2c_ex.o
 .debug_loc     0x00006db0     0x4de1 build/stm32f0xx_hal_tim.o
 .debug_loc     0x0000bb91     0x1160 build/stm32f0xx_hal_tim_ex.o
 .debug_loc     0x0000ccf1      0x721 build/stm32f0xx_hal_rcc.o
 .debug_loc     0x0000d412      0x366 build/stm32f0xx_hal_rcc_ex.o
 .debug_loc     0x0000d778      0x112 build/stm32f0xx_hal.o
 .debug_loc     0x0000d88a      0x414 build/stm32f0xx_hal_gpio.o
 .debug_loc     0x0000dc9e      0xa90 build/stm32f0xx_hal_dma.o
 .debug_loc     0x0000e72e      0x51a build/stm32f0xx_hal_cortex.o
 .debug_loc     0x0000ec48      0x16f build/system_stm32f0xx.o
 .debug_loc     0x0000edb7      0x489 build/SD3077.o
 .debug_loc     0x0000f240      0x8b6 build/TM1637.o

.debug_aranges  0x00000000      0xfa8
 .debug_aranges
                0x00000000       0x40 build/main.o
 .debug_aranges
                0x00000040       0x20 build/gpio.o
 .debug_aranges
                0x00000060       0x30 build/adc.o
 .debug_aranges
                0x00000090       0x20 build/dma.o
 .debug_aranges
                0x000000b0       0x30 build/i2c.o
 .debug_aranges
                0x000000e0       0x40 build/tim.o
 .debug_aranges
                0x00000120       0x68 build/stm32f0xx_it.o
 .debug_aranges
                0x00000188       0x20 build/stm32f0xx_hal_msp.o
 .debug_aranges
                0x000001a8       0x48 build/settings.o
 .debug_aranges
                0x000001f0       0x80 build/display.o
 .debug_aranges
                0x00000270       0x30 build/temperature.o
 .debug_aranges
                0x000002a0       0x60 build/alarm.o
 .debug_aranges
                0x00000300       0x60 build/ring.o
 .debug_aranges
                0x00000360       0x50 build/app.o
 .debug_aranges
                0x000003b0       0xf8 build/stm32f0xx_hal_adc.o
 .debug_aranges
                0x000004a8       0x20 build/stm32f0xx_hal_adc_ex.o
 .debug_aranges
                0x000004c8      0x258 build/stm32f0xx_hal_i2c.o
 .debug_aranges
                0x00000720       0x38 build/stm32f0xx_hal_i2c_ex.o
 .debug_aranges
                0x00000758      0x348 build/stm32f0xx_hal_tim.o
 .debug_aranges
                0x00000aa0      0x140 build/stm32f0xx_hal_tim_ex.o
 .debug_aranges
                0x00000be0       0x80 build/stm32f0xx_hal_rcc.o
 .debug_aranges
                0x00000c60       0x30 build/stm32f0xx_hal_rcc_ex.o
 .debug_aranges
                0x00000c90       0xb8 build/stm32f0xx_hal.o
 .debug_aranges
                0x00000d48       0x58 build/stm32f0xx_hal_gpio.o
 .debug_aranges
                0x00000da0       0x78 build/stm32f0xx_hal_dma.o
 .debug_aranges
                0x00000e18       0x78 build/stm32f0xx_hal_cortex.o
 .debug_aranges
                0x00000e90       0x28 build/system_stm32f0xx.o
 .debug_aranges
                0x00000eb8       0x50 build/SD3077.o
 .debug_aranges
                0x00000f08       0x78 build/TM1637.o
 .debug_aranges
                0x00000f80       0x28 build/startup_stm32f030x6.o

.debug_ranges   0x00000000     0x1770
 .debug_ranges  0x00000000       0x30 build/main.o
 .debug_ranges  0x00000030       0x88 build/gpio.o
 .debug_ranges  0x000000b8       0x70 build/adc.o
 .debug_ranges  0x00000128       0x48 build/dma.o
 .debug_ranges  0x00000170       0x40 build/i2c.o
 .debug_ranges  0x000001b0       0x80 build/tim.o
 .debug_ranges  0x00000230       0x58 build/stm32f0xx_it.o
 .debug_ranges  0x00000288       0x48 build/stm32f0xx_hal_msp.o
 .debug_ranges  0x000002d0       0x38 build/settings.o
 .debug_ranges  0x00000308       0x88 build/display.o
 .debug_ranges  0x00000390       0x50 build/temperature.o
 .debug_ranges  0x000003e0       0x50 build/alarm.o
 .debug_ranges  0x00000430       0x68 build/ring.o
 .debug_ranges  0x00000498       0xb0 build/app.o
 .debug_ranges  0x00000548       0xe8 build/stm32f0xx_hal_adc.o
 .debug_ranges  0x00000630       0x10 build/stm32f0xx_hal_adc_ex.o
 .debug_ranges  0x00000640      0x290 build/stm32f0xx_hal_i2c.o
 .debug_ranges  0x000008d0       0x68 build/stm32f0xx_hal_i2c_ex.o
 .debug_ranges  0x00000938      0x5f0 build/stm32f0xx_hal_tim.o
 .debug_ranges  0x00000f28      0x130 build/stm32f0xx_hal_tim_ex.o
 .debug_ranges  0x00001058       0xb8 build/stm32f0xx_hal_rcc.o
 .debug_ranges  0x00001110       0x40 build/stm32f0xx_hal_rcc_ex.o
 .debug_ranges  0x00001150       0xa8 build/stm32f0xx_hal.o
 .debug_ranges  0x000011f8       0x70 build/stm32f0xx_hal_gpio.o
 .debug_ranges  0x00001268       0xe8 build/stm32f0xx_hal_dma.o
 .debug_ranges  0x00001350      0x158 build/stm32f0xx_hal_cortex.o
 .debug_ranges  0x000014a8       0x18 build/system_stm32f0xx.o
 .debug_ranges  0x000014c0      0x118 build/SD3077.o
 .debug_ranges  0x000015d8      0x178 build/TM1637.o
 .debug_ranges  0x00001750       0x20 build/startup_stm32f030x6.o

.debug_line     0x00000000    0x10b5d
 .debug_line    0x00000000      0x3e2 build/main.o
 .debug_line    0x000003e2      0x2d9 build/gpio.o
 .debug_line    0x000006bb      0x43b build/adc.o
 .debug_line    0x00000af6      0x202 build/dma.o
 .debug_line    0x00000cf8      0x392 build/i2c.o
 .debug_line    0x0000108a      0x4aa build/tim.o
 .debug_line    0x00001534      0x341 build/stm32f0xx_it.o
 .debug_line    0x00001875      0x1cc build/stm32f0xx_hal_msp.o
 .debug_line    0x00001a41      0x388 build/settings.o
 .debug_line    0x00001dc9      0x7bd build/display.o
 .debug_line    0x00002586      0x2a1 build/temperature.o
 .debug_line    0x00002827      0x4a7 build/alarm.o
 .debug_line    0x00002cce      0x4ee build/ring.o
 .debug_line    0x000031bc      0xb7f build/app.o
 .debug_line    0x00003d3b     0x106d build/stm32f0xx_hal_adc.o
 .debug_line    0x00004da8      0x343 build/stm32f0xx_hal_adc_ex.o
 .debug_line    0x000050eb     0x37df build/stm32f0xx_hal_i2c.o
 .debug_line    0x000088ca      0x38c build/stm32f0xx_hal_i2c_ex.o
 .debug_line    0x00008c56     0x3393 build/stm32f0xx_hal_tim.o
 .debug_line    0x0000bfe9      0xdfe build/stm32f0xx_hal_tim_ex.o
 .debug_line    0x0000cde7      0xcf4 build/stm32f0xx_hal_rcc.o
 .debug_line    0x0000dadb      0x52c build/stm32f0xx_hal_rcc_ex.o
 .debug_line    0x0000e007      0x51b build/stm32f0xx_hal.o
 .debug_line    0x0000e522      0x612 build/stm32f0xx_hal_gpio.o
 .debug_line    0x0000eb34      0xaca build/stm32f0xx_hal_dma.o
 .debug_line    0x0000f5fe      0x5a2 build/stm32f0xx_hal_cortex.o
 .debug_line    0x0000fba0      0x2e0 build/system_stm32f0xx.o
 .debug_line    0x0000fe80      0x5ec build/SD3077.o
 .debug_line    0x0001046c      0x67c build/TM1637.o
 .debug_line    0x00010ae8       0x75 build/startup_stm32f030x6.o

.debug_str      0x00000000     0x4214
 .debug_str     0x00000000     0x4214 build/main.o
                                0x870 (size before relaxing)
 .debug_str     0x00004214      0x434 build/gpio.o
 .debug_str     0x00004214      0x6b8 build/adc.o
 .debug_str     0x00004214      0x34f build/dma.o
 .debug_str     0x00004214      0x7c8 build/i2c.o
 .debug_str     0x00004214      0x8da build/tim.o
 .debug_str     0x00004214      0x646 build/stm32f0xx_it.o
 .debug_str     0x00004214      0x1df build/stm32f0xx_hal_msp.o
 .debug_str     0x00004214      0x329 build/settings.o
 .debug_str     0x00004214      0x5c3 build/display.o
 .debug_str     0x00004214      0x229 build/temperature.o
 .debug_str     0x00004214      0x767 build/alarm.o
 .debug_str     0x00004214      0x3b9 build/ring.o
 .debug_str     0x00004214      0xe43 build/app.o
 .debug_str     0x00004214      0x8a9 build/stm32f0xx_hal_adc.o
 .debug_str     0x00004214      0x571 build/stm32f0xx_hal_adc_ex.o
 .debug_str     0x00004214      0xe5a build/stm32f0xx_hal_i2c.o
 .debug_str     0x00004214      0x791 build/stm32f0xx_hal_i2c_ex.o
 .debug_str     0x00004214     0x1379 build/stm32f0xx_hal_tim.o
 .debug_str     0x00004214      0xc08 build/stm32f0xx_hal_tim_ex.o
 .debug_str     0x00004214      0x622 build/stm32f0xx_hal_rcc.o
 .debug_str     0x00004214      0x397 build/stm32f0xx_hal_rcc_ex.o
 .debug_str     0x00004214      0x59b build/stm32f0xx_hal.o
 .debug_str     0x00004214      0x3e5 build/stm32f0xx_hal_gpio.o
 .debug_str     0x00004214      0x602 build/stm32f0xx_hal_dma.o
 .debug_str     0x00004214      0x58b build/stm32f0xx_hal_cortex.o
 .debug_str     0x00004214      0x257 build/system_stm32f0xx.o
 .debug_str     0x00004214      0x7f4 build/SD3077.o
 .debug_str     0x00004214      0x2d8 build/TM1637.o
 .debug_str     0x00004214       0x64 build/startup_stm32f030x6.o

.comment        0x00000000       0x43
 .comment       0x00000000       0x43 build/main.o
                                 0x44 (size before relaxing)
 .comment       0x00000043       0x44 build/gpio.o
 .comment       0x00000043       0x44 build/adc.o
 .comment       0x00000043       0x44 build/dma.o
 .comment       0x00000043       0x44 build/i2c.o
 .comment       0x00000043       0x44 build/tim.o
 .comment       0x00000043       0x44 build/stm32f0xx_it.o
 .comment       0x00000043       0x44 build/stm32f0xx_hal_msp.o
 .comment       0x00000043       0x44 build/settings.o
 .comment       0x00000043       0x44 build/display.o
 .comment       0x00000043       0x44 build/temperature.o
 .comment       0x00000043       0x44 build/alarm.o
 .comment       0x00000043       0x44 build/ring.o
 .comment       0x00000043       0x44 build/app.o
 .comment       0x00000043       0x44 build/stm32f0xx_hal_adc.o
 .comment       0x00000043       0x44 build/stm32f0xx_hal_adc_ex.o
 .comment       0x00000043       0x44 build/stm32f0xx_hal_i2c.o
 .comment       0x00000043       0x44 build/stm32f0xx_hal_i2c_ex.o
 .comment       0x00000043       0x44 build/stm32f0xx_hal_tim.o
 .comment       0x00000043       0x44 build/stm32f0xx_hal_tim_ex.o
 .comment       0x00000043       0x44 build/stm32f0xx_hal_rcc.o
 .comment       0x00000043       0x44 build/stm32f0xx_hal_rcc_ex.o
 .comment       0x00000043       0x44 build/stm32f0xx_hal.o
 .comment       0x00000043       0x44 build/stm32f0xx_hal_gpio.o
 .comment       0x00000043       0x44 build/stm32f0xx_hal_dma.o
 .comment       0x00000043       0x44 build/stm32f0xx_hal_cortex.o
 .comment       0x00000043       0x44 build/system_stm32f0xx.o
 .comment       0x00000043       0x44 build/SD3077.o
 .comment       0x00000043       0x44 build/TM1637.o

.debug_frame    0x00000000     0x2900
 .debug_frame   0x00000000       0x84 build/main.o
 .debug_frame   0x00000084       0x30 build/gpio.o
 .debug_frame   0x000000b4       0x64 build/adc.o
 .debug_frame   0x00000118       0x2c build/dma.o
 .debug_frame   0x00000144       0x5c build/i2c.o
 .debug_frame   0x000001a0       0x94 build/tim.o
 .debug_frame   0x00000234       0xe0 build/stm32f0xx_it.o
 .debug_frame   0x00000314       0x24 build/stm32f0xx_hal_msp.o
 .debug_frame   0x00000338       0xa4 build/settings.o
 .debug_frame   0x000003dc      0x130 build/display.o
 .debug_frame   0x0000050c       0x54 build/temperature.o
 .debug_frame   0x00000560       0xd0 build/alarm.o
 .debug_frame   0x00000630       0xc4 build/ring.o
 .debug_frame   0x000006f4       0xe0 build/app.o
 .debug_frame   0x000007d4      0x2c8 build/stm32f0xx_hal_adc.o
 .debug_frame   0x00000a9c       0x30 build/stm32f0xx_hal_adc_ex.o
 .debug_frame   0x00000acc      0x7a8 build/stm32f0xx_hal_i2c.o
 .debug_frame   0x00001274       0x78 build/stm32f0xx_hal_i2c_ex.o
 .debug_frame   0x000012ec      0x95c build/stm32f0xx_hal_tim.o
 .debug_frame   0x00001c48      0x38c build/stm32f0xx_hal_tim_ex.o
 .debug_frame   0x00001fd4      0x138 build/stm32f0xx_hal_rcc.o
 .debug_frame   0x0000210c       0x58 build/stm32f0xx_hal_rcc_ex.o
 .debug_frame   0x00002164      0x178 build/stm32f0xx_hal.o
 .debug_frame   0x000022dc       0xc0 build/stm32f0xx_hal_gpio.o
 .debug_frame   0x0000239c      0x15c build/stm32f0xx_hal_dma.o
 .debug_frame   0x000024f8       0xe0 build/stm32f0xx_hal_cortex.o
 .debug_frame   0x000025d8       0x3c build/system_stm32f0xx.o
 .debug_frame   0x00002614       0xf0 build/SD3077.o
 .debug_frame   0x00002704      0x148 build/TM1637.o
 .debug_frame   0x0000284c       0x20 D:/STM32CubeCLT/STM32CubeCLT_1.18.0/GNU-tools-for-STM32/bin/../lib/gcc/arm-none-eabi/13.3.1/../../../../arm-none-eabi/lib/thumb/v6-m/nofp\libc_nano.a(libc_a-memset.o)
 .debug_frame   0x0000286c       0x2c D:/STM32CubeCLT/STM32CubeCLT_1.18.0/GNU-tools-for-STM32/bin/../lib/gcc/arm-none-eabi/13.3.1/../../../../arm-none-eabi/lib/thumb/v6-m/nofp\libc_nano.a(libc_a-init.o)
 .debug_frame   0x00002898       0x28 D:/STM32CubeCLT/STM32CubeCLT_1.18.0/GNU-tools-for-STM32/bin/../lib/gcc/arm-none-eabi/13.3.1/../../../../arm-none-eabi/lib/thumb/v6-m/nofp\libc_nano.a(libc_a-memcpy-stub.o)
 .debug_frame   0x000028c0       0x20 D:/STM32CubeCLT/STM32CubeCLT_1.18.0/GNU-tools-for-STM32/bin/../lib/gcc/arm-none-eabi/13.3.1/thumb/v6-m/nofp\libgcc.a(_udivsi3.o)
 .debug_frame   0x000028e0       0x20 D:/STM32CubeCLT/STM32CubeCLT_1.18.0/GNU-tools-for-STM32/bin/../lib/gcc/arm-none-eabi/13.3.1/thumb/v6-m/nofp\libgcc.a(_divsi3.o)

Cross Reference Table

Symbol                                            File
ADC1_IRQHandler                                   build/startup_stm32f030x6.o
AHBPrescTable                                     build/system_stm32f0xx.o
                                                  build/stm32f0xx_hal_rcc.o
APBPrescTable                                     build/system_stm32f0xx.o
                                                  build/stm32f0xx_hal_rcc.o
Alarm_Check                                       build/alarm.o
                                                  build/app.o
Alarm_Init                                        build/alarm.o
                                                  build/app.o
Alarm_IsAlarmSet                                  build/alarm.o
                                                  build/ring.o
Alarm_IsAlarming                                  build/alarm.o
                                                  build/app.o
Alarm_IsEnabled                                   build/alarm.o
                                                  build/app.o
                                                  build/ring.o
Alarm_Set                                         build/alarm.o
Alarm_Start                                       build/alarm.o
Alarm_Stop                                        build/alarm.o
                                                  build/app.o
Alarm_TimerTick                                   build/alarm.o
                                                  build/app.o
App_GPIO_EXTI_Callback                            build/app.o
                                                  build/main.o
App_GetState                                      build/app.o
App_Init                                          build/app.o
                                                  build/main.o
App_MainLoop                                      build/app.o
                                                  build/main.o
App_TIM_PeriodElapsedCallback                     build/app.o
                                                  build/main.o
DMA1_Channel1_IRQHandler                          build/stm32f0xx_it.o
DMA1_Channel2_3_IRQHandler                        build/startup_stm32f030x6.o
DMA1_Channel4_5_IRQHandler                        build/startup_stm32f030x6.o
Default_Handler                                   build/startup_stm32f030x6.o
Display_Clear                                     build/display.o
Display_GetBlink                                  build/display.o
                                                  build/app.o
Display_GetMode                                   build/display.o
                                                  build/app.o
Display_GetTime                                   build/display.o
Display_Init                                      build/display.o
                                                  build/app.o
Display_SetBlink                                  build/display.o
                                                  build/app.o
Display_SetBrightness                             build/display.o
                                                  build/app.o
Display_SetMode                                   build/display.o
                                                  build/app.o
Display_SetTime                                   build/display.o
                                                  build/app.o
Display_ShowSecond                                build/display.o
                                                  build/app.o
Display_ShowSettings                              build/display.o
                                                  build/app.o
Display_ShowTemperature                           build/display.o
                                                  build/app.o
Display_ShowTime                                  build/display.o
                                                  build/app.o
EXTI0_1_IRQHandler                                build/stm32f0xx_it.o
EXTI2_3_IRQHandler                                build/stm32f0xx_it.o
EXTI4_15_IRQHandler                               build/startup_stm32f030x6.o
EnableSencodInterruptOuput                        build/SD3077.o
                                                  build/app.o
Error_Handler                                     build/main.o
                                                  build/tim.o
                                                  build/i2c.o
                                                  build/adc.o
FLASH_IRQHandler                                  build/startup_stm32f030x6.o
FLASH_PageErase                                   build/stm32f0xx_hal_flash_ex.o
                                                  build/stm32f0xx_hal_flash.o
FLASH_WaitForLastOperation                        build/stm32f0xx_hal_flash.o
                                                  build/stm32f0xx_hal_flash_ex.o
HAL_ADCEx_Calibration_Start                       build/stm32f0xx_hal_adc_ex.o
                                                  build/app.o
HAL_ADC_AnalogWDGConfig                           build/stm32f0xx_hal_adc.o
HAL_ADC_ConfigChannel                             build/stm32f0xx_hal_adc.o
                                                  build/adc.o
HAL_ADC_ConvCpltCallback                          build/stm32f0xx_hal_adc.o
HAL_ADC_ConvHalfCpltCallback                      build/stm32f0xx_hal_adc.o
HAL_ADC_DeInit                                    build/stm32f0xx_hal_adc.o
HAL_ADC_ErrorCallback                             build/stm32f0xx_hal_adc.o
HAL_ADC_GetError                                  build/stm32f0xx_hal_adc.o
HAL_ADC_GetState                                  build/stm32f0xx_hal_adc.o
HAL_ADC_GetValue                                  build/stm32f0xx_hal_adc.o
HAL_ADC_IRQHandler                                build/stm32f0xx_hal_adc.o
HAL_ADC_Init                                      build/stm32f0xx_hal_adc.o
                                                  build/adc.o
HAL_ADC_LevelOutOfWindowCallback                  build/stm32f0xx_hal_adc.o
HAL_ADC_MspDeInit                                 build/adc.o
HAL_ADC_MspInit                                   build/adc.o
HAL_ADC_PollForConversion                         build/stm32f0xx_hal_adc.o
HAL_ADC_PollForEvent                              build/stm32f0xx_hal_adc.o
HAL_ADC_Start                                     build/stm32f0xx_hal_adc.o
HAL_ADC_Start_DMA                                 build/stm32f0xx_hal_adc.o
                                                  build/app.o
HAL_ADC_Start_IT                                  build/stm32f0xx_hal_adc.o
HAL_ADC_Stop                                      build/stm32f0xx_hal_adc.o
HAL_ADC_Stop_DMA                                  build/stm32f0xx_hal_adc.o
HAL_ADC_Stop_IT                                   build/stm32f0xx_hal_adc.o
HAL_DBGMCU_DisableDBGStandbyMode                  build/stm32f0xx_hal.o
HAL_DBGMCU_DisableDBGStopMode                     build/stm32f0xx_hal.o
HAL_DBGMCU_EnableDBGStandbyMode                   build/stm32f0xx_hal.o
HAL_DBGMCU_EnableDBGStopMode                      build/stm32f0xx_hal.o
HAL_DMA_Abort                                     build/stm32f0xx_hal_dma.o
                                                  build/stm32f0xx_hal_tim.o
                                                  build/stm32f0xx_hal_adc.o
HAL_DMA_Abort_IT                                  build/stm32f0xx_hal_dma.o
                                                  build/stm32f0xx_hal_i2c.o
HAL_DMA_DeInit                                    build/stm32f0xx_hal_dma.o
                                                  build/adc.o
HAL_DMA_GetError                                  build/stm32f0xx_hal_dma.o
HAL_DMA_GetState                                  build/stm32f0xx_hal_dma.o
HAL_DMA_IRQHandler                                build/stm32f0xx_hal_dma.o
                                                  build/stm32f0xx_it.o
HAL_DMA_Init                                      build/stm32f0xx_hal_dma.o
                                                  build/adc.o
HAL_DMA_PollForTransfer                           build/stm32f0xx_hal_dma.o
HAL_DMA_RegisterCallback                          build/stm32f0xx_hal_dma.o
HAL_DMA_Start                                     build/stm32f0xx_hal_dma.o
HAL_DMA_Start_IT                                  build/stm32f0xx_hal_dma.o
                                                  build/stm32f0xx_hal_tim_ex.o
                                                  build/stm32f0xx_hal_tim.o
                                                  build/stm32f0xx_hal_i2c.o
                                                  build/stm32f0xx_hal_adc.o
HAL_DMA_UnRegisterCallback                        build/stm32f0xx_hal_dma.o
HAL_DeInit                                        build/stm32f0xx_hal.o
HAL_Delay                                         build/stm32f0xx_hal.o
HAL_FLASHEx_Erase                                 build/stm32f0xx_hal_flash_ex.o
HAL_FLASHEx_Erase_IT                              build/stm32f0xx_hal_flash_ex.o
HAL_FLASHEx_OBErase                               build/stm32f0xx_hal_flash_ex.o
HAL_FLASHEx_OBGetConfig                           build/stm32f0xx_hal_flash_ex.o
HAL_FLASHEx_OBGetUserData                         build/stm32f0xx_hal_flash_ex.o
HAL_FLASHEx_OBProgram                             build/stm32f0xx_hal_flash_ex.o
HAL_FLASH_EndOfOperationCallback                  build/stm32f0xx_hal_flash.o
HAL_FLASH_GetError                                build/stm32f0xx_hal_flash.o
HAL_FLASH_IRQHandler                              build/stm32f0xx_hal_flash.o
HAL_FLASH_Lock                                    build/stm32f0xx_hal_flash.o
HAL_FLASH_OB_Launch                               build/stm32f0xx_hal_flash.o
HAL_FLASH_OB_Lock                                 build/stm32f0xx_hal_flash.o
HAL_FLASH_OB_Unlock                               build/stm32f0xx_hal_flash.o
HAL_FLASH_OperationErrorCallback                  build/stm32f0xx_hal_flash.o
HAL_FLASH_Program                                 build/stm32f0xx_hal_flash.o
HAL_FLASH_Program_IT                              build/stm32f0xx_hal_flash.o
HAL_FLASH_Unlock                                  build/stm32f0xx_hal_flash.o
HAL_GPIO_DeInit                                   build/stm32f0xx_hal_gpio.o
                                                  build/i2c.o
                                                  build/adc.o
HAL_GPIO_EXTI_Callback                            build/main.o
HAL_GPIO_EXTI_IRQHandler                          build/stm32f0xx_hal_gpio.o
                                                  build/stm32f0xx_it.o
HAL_GPIO_Init                                     build/stm32f0xx_hal_gpio.o
                                                  build/stm32f0xx_hal_rcc.o
                                                  build/i2c.o
                                                  build/adc.o
                                                  build/gpio.o
HAL_GPIO_LockPin                                  build/stm32f0xx_hal_gpio.o
HAL_GPIO_ReadPin                                  build/stm32f0xx_hal_gpio.o
                                                  build/app.o
                                                  build/ring.o
                                                  build/alarm.o
HAL_GPIO_TogglePin                                build/stm32f0xx_hal_gpio.o
HAL_GPIO_WritePin                                 build/stm32f0xx_hal_gpio.o
                                                  build/ring.o
                                                  build/alarm.o
                                                  build/gpio.o
HAL_GetDEVID                                      build/stm32f0xx_hal.o
HAL_GetHalVersion                                 build/stm32f0xx_hal.o
HAL_GetREVID                                      build/stm32f0xx_hal.o
HAL_GetTick                                       build/stm32f0xx_hal.o
                                                  build/stm32f0xx_hal_flash.o
                                                  build/stm32f0xx_hal_dma.o
                                                  build/stm32f0xx_hal_rcc_ex.o
                                                  build/stm32f0xx_hal_rcc.o
                                                  build/stm32f0xx_hal_i2c.o
                                                  build/stm32f0xx_hal_adc_ex.o
                                                  build/stm32f0xx_hal_adc.o
                                                  build/app.o
                                                  build/ring.o
HAL_GetUIDw0                                      build/stm32f0xx_hal.o
HAL_GetUIDw1                                      build/stm32f0xx_hal.o
HAL_GetUIDw2                                      build/stm32f0xx_hal.o
HAL_I2CEx_ConfigAnalogFilter                      build/stm32f0xx_hal_i2c_ex.o
                                                  build/i2c.o
HAL_I2CEx_ConfigDigitalFilter                     build/stm32f0xx_hal_i2c_ex.o
                                                  build/i2c.o
HAL_I2CEx_DisableFastModePlus                     build/stm32f0xx_hal_i2c_ex.o
HAL_I2CEx_EnableFastModePlus                      build/stm32f0xx_hal_i2c_ex.o
HAL_I2C_AbortCpltCallback                         build/stm32f0xx_hal_i2c.o
HAL_I2C_AddrCallback                              build/stm32f0xx_hal_i2c.o
HAL_I2C_DeInit                                    build/stm32f0xx_hal_i2c.o
HAL_I2C_DisableListen_IT                          build/stm32f0xx_hal_i2c.o
HAL_I2C_ER_IRQHandler                             build/stm32f0xx_hal_i2c.o
HAL_I2C_EV_IRQHandler                             build/stm32f0xx_hal_i2c.o
HAL_I2C_EnableListen_IT                           build/stm32f0xx_hal_i2c.o
HAL_I2C_ErrorCallback                             build/stm32f0xx_hal_i2c.o
HAL_I2C_GetError                                  build/stm32f0xx_hal_i2c.o
HAL_I2C_GetMode                                   build/stm32f0xx_hal_i2c.o
HAL_I2C_GetState                                  build/stm32f0xx_hal_i2c.o
HAL_I2C_Init                                      build/stm32f0xx_hal_i2c.o
                                                  build/i2c.o
HAL_I2C_IsDeviceReady                             build/stm32f0xx_hal_i2c.o
HAL_I2C_ListenCpltCallback                        build/stm32f0xx_hal_i2c.o
HAL_I2C_MasterRxCpltCallback                      build/stm32f0xx_hal_i2c.o
HAL_I2C_MasterTxCpltCallback                      build/stm32f0xx_hal_i2c.o
HAL_I2C_Master_Abort_IT                           build/stm32f0xx_hal_i2c.o
HAL_I2C_Master_Receive                            build/stm32f0xx_hal_i2c.o
HAL_I2C_Master_Receive_DMA                        build/stm32f0xx_hal_i2c.o
HAL_I2C_Master_Receive_IT                         build/stm32f0xx_hal_i2c.o
HAL_I2C_Master_Sequential_Receive_IT              build/stm32f0xx_hal_i2c.o
HAL_I2C_Master_Sequential_Transmit_IT             build/stm32f0xx_hal_i2c.o
HAL_I2C_Master_Transmit                           build/stm32f0xx_hal_i2c.o
HAL_I2C_Master_Transmit_DMA                       build/stm32f0xx_hal_i2c.o
HAL_I2C_Master_Transmit_IT                        build/stm32f0xx_hal_i2c.o
HAL_I2C_MemRxCpltCallback                         build/stm32f0xx_hal_i2c.o
HAL_I2C_MemTxCpltCallback                         build/stm32f0xx_hal_i2c.o
HAL_I2C_Mem_Read                                  build/stm32f0xx_hal_i2c.o
                                                  build/SD3077.o
HAL_I2C_Mem_Read_DMA                              build/stm32f0xx_hal_i2c.o
HAL_I2C_Mem_Read_IT                               build/stm32f0xx_hal_i2c.o
HAL_I2C_Mem_Write                                 build/stm32f0xx_hal_i2c.o
                                                  build/SD3077.o
HAL_I2C_Mem_Write_DMA                             build/stm32f0xx_hal_i2c.o
HAL_I2C_Mem_Write_IT                              build/stm32f0xx_hal_i2c.o
HAL_I2C_MspDeInit                                 build/i2c.o
HAL_I2C_MspInit                                   build/i2c.o
HAL_I2C_SlaveRxCpltCallback                       build/stm32f0xx_hal_i2c.o
HAL_I2C_SlaveTxCpltCallback                       build/stm32f0xx_hal_i2c.o
HAL_I2C_Slave_Receive                             build/stm32f0xx_hal_i2c.o
HAL_I2C_Slave_Receive_DMA                         build/stm32f0xx_hal_i2c.o
HAL_I2C_Slave_Receive_IT                          build/stm32f0xx_hal_i2c.o
HAL_I2C_Slave_Sequential_Receive_IT               build/stm32f0xx_hal_i2c.o
HAL_I2C_Slave_Sequential_Transmit_IT              build/stm32f0xx_hal_i2c.o
HAL_I2C_Slave_Transmit                            build/stm32f0xx_hal_i2c.o
HAL_I2C_Slave_Transmit_DMA                        build/stm32f0xx_hal_i2c.o
HAL_I2C_Slave_Transmit_IT                         build/stm32f0xx_hal_i2c.o
HAL_IncTick                                       build/stm32f0xx_hal.o
                                                  build/stm32f0xx_it.o
HAL_Init                                          build/stm32f0xx_hal.o
                                                  build/main.o
HAL_InitTick                                      build/stm32f0xx_hal.o
                                                  build/stm32f0xx_hal_rcc.o
HAL_MspDeInit                                     build/stm32f0xx_hal.o
HAL_MspInit                                       build/stm32f0xx_hal_msp.o
HAL_NVIC_ClearPendingIRQ                          build/stm32f0xx_hal_cortex.o
HAL_NVIC_DisableIRQ                               build/stm32f0xx_hal_cortex.o
                                                  build/tim.o
HAL_NVIC_EnableIRQ                                build/stm32f0xx_hal_cortex.o
                                                  build/tim.o
                                                  build/dma.o
                                                  build/gpio.o
HAL_NVIC_GetPendingIRQ                            build/stm32f0xx_hal_cortex.o
HAL_NVIC_GetPriority                              build/stm32f0xx_hal_cortex.o
HAL_NVIC_SetPendingIRQ                            build/stm32f0xx_hal_cortex.o
HAL_NVIC_SetPriority                              build/stm32f0xx_hal_cortex.o
                                                  build/stm32f0xx_hal.o
                                                  build/tim.o
                                                  build/dma.o
                                                  build/gpio.o
HAL_NVIC_SystemReset                              build/stm32f0xx_hal_cortex.o
HAL_PWR_DeInit                                    build/stm32f0xx_hal_pwr.o
HAL_PWR_DisableBkUpAccess                         build/stm32f0xx_hal_pwr.o
HAL_PWR_DisableSEVOnPend                          build/stm32f0xx_hal_pwr.o
HAL_PWR_DisableSleepOnExit                        build/stm32f0xx_hal_pwr.o
HAL_PWR_DisableWakeUpPin                          build/stm32f0xx_hal_pwr.o
HAL_PWR_EnableBkUpAccess                          build/stm32f0xx_hal_pwr.o
HAL_PWR_EnableSEVOnPend                           build/stm32f0xx_hal_pwr.o
HAL_PWR_EnableSleepOnExit                         build/stm32f0xx_hal_pwr.o
HAL_PWR_EnableWakeUpPin                           build/stm32f0xx_hal_pwr.o
HAL_PWR_EnterSLEEPMode                            build/stm32f0xx_hal_pwr.o
HAL_PWR_EnterSTANDBYMode                          build/stm32f0xx_hal_pwr.o
HAL_PWR_EnterSTOPMode                             build/stm32f0xx_hal_pwr.o
HAL_RCCEx_GetPeriphCLKConfig                      build/stm32f0xx_hal_rcc_ex.o
HAL_RCCEx_GetPeriphCLKFreq                        build/stm32f0xx_hal_rcc_ex.o
HAL_RCCEx_PeriphCLKConfig                         build/stm32f0xx_hal_rcc_ex.o
                                                  build/main.o
HAL_RCC_CSSCallback                               build/stm32f0xx_hal_rcc.o
HAL_RCC_ClockConfig                               build/stm32f0xx_hal_rcc.o
                                                  build/main.o
HAL_RCC_DeInit                                    build/stm32f0xx_hal_rcc.o
HAL_RCC_DisableCSS                                build/stm32f0xx_hal_rcc.o
HAL_RCC_EnableCSS                                 build/stm32f0xx_hal_rcc.o
HAL_RCC_GetClockConfig                            build/stm32f0xx_hal_rcc.o
HAL_RCC_GetHCLKFreq                               build/stm32f0xx_hal_rcc.o
                                                  build/stm32f0xx_hal.o
HAL_RCC_GetOscConfig                              build/stm32f0xx_hal_rcc.o
HAL_RCC_GetPCLK1Freq                              build/stm32f0xx_hal_rcc.o
                                                  build/stm32f0xx_hal_rcc_ex.o
HAL_RCC_GetSysClockFreq                           build/stm32f0xx_hal_rcc.o
                                                  build/stm32f0xx_hal_rcc_ex.o
HAL_RCC_MCOConfig                                 build/stm32f0xx_hal_rcc.o
HAL_RCC_NMI_IRQHandler                            build/stm32f0xx_hal_rcc.o
HAL_RCC_OscConfig                                 build/stm32f0xx_hal_rcc.o
                                                  build/main.o
HAL_ResumeTick                                    build/stm32f0xx_hal.o
HAL_SYSTICK_CLKSourceConfig                       build/stm32f0xx_hal_cortex.o
HAL_SYSTICK_Callback                              build/stm32f0xx_hal_cortex.o
HAL_SYSTICK_Config                                build/stm32f0xx_hal_cortex.o
                                                  build/stm32f0xx_hal.o
HAL_SYSTICK_IRQHandler                            build/stm32f0xx_hal_cortex.o
HAL_SuspendTick                                   build/stm32f0xx_hal.o
HAL_TIMEx_BreakCallback                           build/stm32f0xx_hal_tim_ex.o
                                                  build/stm32f0xx_hal_tim.o
HAL_TIMEx_CommutationCallback                     build/stm32f0xx_hal_tim_ex.o
                                                  build/stm32f0xx_hal_tim.o
HAL_TIMEx_ConfigBreakDeadTime                     build/stm32f0xx_hal_tim_ex.o
HAL_TIMEx_ConfigCommutationEvent                  build/stm32f0xx_hal_tim_ex.o
HAL_TIMEx_ConfigCommutationEvent_DMA              build/stm32f0xx_hal_tim_ex.o
HAL_TIMEx_ConfigCommutationEvent_IT               build/stm32f0xx_hal_tim_ex.o
HAL_TIMEx_HallSensor_DeInit                       build/stm32f0xx_hal_tim_ex.o
HAL_TIMEx_HallSensor_GetState                     build/stm32f0xx_hal_tim_ex.o
HAL_TIMEx_HallSensor_Init                         build/stm32f0xx_hal_tim_ex.o
HAL_TIMEx_HallSensor_MspDeInit                    build/stm32f0xx_hal_tim_ex.o
HAL_TIMEx_HallSensor_MspInit                      build/stm32f0xx_hal_tim_ex.o
HAL_TIMEx_HallSensor_Start                        build/stm32f0xx_hal_tim_ex.o
HAL_TIMEx_HallSensor_Start_DMA                    build/stm32f0xx_hal_tim_ex.o
HAL_TIMEx_HallSensor_Start_IT                     build/stm32f0xx_hal_tim_ex.o
HAL_TIMEx_HallSensor_Stop                         build/stm32f0xx_hal_tim_ex.o
HAL_TIMEx_HallSensor_Stop_DMA                     build/stm32f0xx_hal_tim_ex.o
HAL_TIMEx_HallSensor_Stop_IT                      build/stm32f0xx_hal_tim_ex.o
HAL_TIMEx_MasterConfigSynchronization             build/stm32f0xx_hal_tim_ex.o
                                                  build/tim.o
HAL_TIMEx_OCN_Start                               build/stm32f0xx_hal_tim_ex.o
HAL_TIMEx_OCN_Start_DMA                           build/stm32f0xx_hal_tim_ex.o
HAL_TIMEx_OCN_Start_IT                            build/stm32f0xx_hal_tim_ex.o
HAL_TIMEx_OCN_Stop                                build/stm32f0xx_hal_tim_ex.o
HAL_TIMEx_OCN_Stop_DMA                            build/stm32f0xx_hal_tim_ex.o
HAL_TIMEx_OCN_Stop_IT                             build/stm32f0xx_hal_tim_ex.o
HAL_TIMEx_OnePulseN_Start                         build/stm32f0xx_hal_tim_ex.o
HAL_TIMEx_OnePulseN_Start_IT                      build/stm32f0xx_hal_tim_ex.o
HAL_TIMEx_OnePulseN_Stop                          build/stm32f0xx_hal_tim_ex.o
HAL_TIMEx_OnePulseN_Stop_IT                       build/stm32f0xx_hal_tim_ex.o
HAL_TIMEx_PWMN_Start                              build/stm32f0xx_hal_tim_ex.o
HAL_TIMEx_PWMN_Start_DMA                          build/stm32f0xx_hal_tim_ex.o
HAL_TIMEx_PWMN_Start_IT                           build/stm32f0xx_hal_tim_ex.o
HAL_TIMEx_PWMN_Stop                               build/stm32f0xx_hal_tim_ex.o
HAL_TIMEx_PWMN_Stop_DMA                           build/stm32f0xx_hal_tim_ex.o
HAL_TIMEx_PWMN_Stop_IT                            build/stm32f0xx_hal_tim_ex.o
HAL_TIMEx_RemapConfig                             build/stm32f0xx_hal_tim_ex.o
HAL_TIM_Base_DeInit                               build/stm32f0xx_hal_tim.o
HAL_TIM_Base_GetState                             build/stm32f0xx_hal_tim.o
HAL_TIM_Base_Init                                 build/stm32f0xx_hal_tim.o
                                                  build/tim.o
HAL_TIM_Base_MspDeInit                            build/tim.o
HAL_TIM_Base_MspInit                              build/tim.o
HAL_TIM_Base_Start                                build/stm32f0xx_hal_tim.o
                                                  build/app.o
HAL_TIM_Base_Start_DMA                            build/stm32f0xx_hal_tim.o
HAL_TIM_Base_Start_IT                             build/stm32f0xx_hal_tim.o
                                                  build/app.o
                                                  build/alarm.o
HAL_TIM_Base_Stop                                 build/stm32f0xx_hal_tim.o
HAL_TIM_Base_Stop_DMA                             build/stm32f0xx_hal_tim.o
HAL_TIM_Base_Stop_IT                              build/stm32f0xx_hal_tim.o
                                                  build/alarm.o
HAL_TIM_ConfigClockSource                         build/stm32f0xx_hal_tim.o
                                                  build/tim.o
HAL_TIM_ConfigOCrefClear                          build/stm32f0xx_hal_tim.o
HAL_TIM_ConfigTI1Input                            build/stm32f0xx_hal_tim.o
HAL_TIM_DMABurst_MultiReadStart                   build/stm32f0xx_hal_tim.o
HAL_TIM_DMABurst_MultiWriteStart                  build/stm32f0xx_hal_tim.o
HAL_TIM_DMABurst_ReadStart                        build/stm32f0xx_hal_tim.o
HAL_TIM_DMABurst_ReadStop                         build/stm32f0xx_hal_tim.o
HAL_TIM_DMABurst_WriteStart                       build/stm32f0xx_hal_tim.o
HAL_TIM_DMABurst_WriteStop                        build/stm32f0xx_hal_tim.o
HAL_TIM_Encoder_DeInit                            build/stm32f0xx_hal_tim.o
HAL_TIM_Encoder_GetState                          build/stm32f0xx_hal_tim.o
HAL_TIM_Encoder_Init                              build/stm32f0xx_hal_tim.o
HAL_TIM_Encoder_MspDeInit                         build/stm32f0xx_hal_tim.o
HAL_TIM_Encoder_MspInit                           build/stm32f0xx_hal_tim.o
HAL_TIM_Encoder_Start                             build/stm32f0xx_hal_tim.o
HAL_TIM_Encoder_Start_DMA                         build/stm32f0xx_hal_tim.o
HAL_TIM_Encoder_Start_IT                          build/stm32f0xx_hal_tim.o
HAL_TIM_Encoder_Stop                              build/stm32f0xx_hal_tim.o
HAL_TIM_Encoder_Stop_DMA                          build/stm32f0xx_hal_tim.o
HAL_TIM_Encoder_Stop_IT                           build/stm32f0xx_hal_tim.o
HAL_TIM_ErrorCallback                             build/stm32f0xx_hal_tim.o
HAL_TIM_GenerateEvent                             build/stm32f0xx_hal_tim.o
HAL_TIM_IC_CaptureCallback                        build/stm32f0xx_hal_tim.o
HAL_TIM_IC_ConfigChannel                          build/stm32f0xx_hal_tim.o
HAL_TIM_IC_DeInit                                 build/stm32f0xx_hal_tim.o
HAL_TIM_IC_GetState                               build/stm32f0xx_hal_tim.o
HAL_TIM_IC_Init                                   build/stm32f0xx_hal_tim.o
HAL_TIM_IC_MspDeInit                              build/stm32f0xx_hal_tim.o
HAL_TIM_IC_MspInit                                build/stm32f0xx_hal_tim.o
HAL_TIM_IC_Start                                  build/stm32f0xx_hal_tim.o
HAL_TIM_IC_Start_DMA                              build/stm32f0xx_hal_tim.o
HAL_TIM_IC_Start_IT                               build/stm32f0xx_hal_tim.o
HAL_TIM_IC_Stop                                   build/stm32f0xx_hal_tim.o
HAL_TIM_IC_Stop_DMA                               build/stm32f0xx_hal_tim.o
HAL_TIM_IC_Stop_IT                                build/stm32f0xx_hal_tim.o
HAL_TIM_IRQHandler                                build/stm32f0xx_hal_tim.o
                                                  build/stm32f0xx_it.o
HAL_TIM_OC_ConfigChannel                          build/stm32f0xx_hal_tim.o
HAL_TIM_OC_DeInit                                 build/stm32f0xx_hal_tim.o
HAL_TIM_OC_DelayElapsedCallback                   build/stm32f0xx_hal_tim.o
HAL_TIM_OC_GetState                               build/stm32f0xx_hal_tim.o
HAL_TIM_OC_Init                                   build/stm32f0xx_hal_tim.o
HAL_TIM_OC_MspDeInit                              build/stm32f0xx_hal_tim.o
HAL_TIM_OC_MspInit                                build/stm32f0xx_hal_tim.o
HAL_TIM_OC_Start                                  build/stm32f0xx_hal_tim.o
HAL_TIM_OC_Start_DMA                              build/stm32f0xx_hal_tim.o
HAL_TIM_OC_Start_IT                               build/stm32f0xx_hal_tim.o
HAL_TIM_OC_Stop                                   build/stm32f0xx_hal_tim.o
HAL_TIM_OC_Stop_DMA                               build/stm32f0xx_hal_tim.o
HAL_TIM_OC_Stop_IT                                build/stm32f0xx_hal_tim.o
HAL_TIM_OnePulse_ConfigChannel                    build/stm32f0xx_hal_tim.o
HAL_TIM_OnePulse_DeInit                           build/stm32f0xx_hal_tim.o
HAL_TIM_OnePulse_GetState                         build/stm32f0xx_hal_tim.o
HAL_TIM_OnePulse_Init                             build/stm32f0xx_hal_tim.o
HAL_TIM_OnePulse_MspDeInit                        build/stm32f0xx_hal_tim.o
HAL_TIM_OnePulse_MspInit                          build/stm32f0xx_hal_tim.o
HAL_TIM_OnePulse_Start                            build/stm32f0xx_hal_tim.o
HAL_TIM_OnePulse_Start_IT                         build/stm32f0xx_hal_tim.o
HAL_TIM_OnePulse_Stop                             build/stm32f0xx_hal_tim.o
HAL_TIM_OnePulse_Stop_IT                          build/stm32f0xx_hal_tim.o
HAL_TIM_PWM_ConfigChannel                         build/stm32f0xx_hal_tim.o
HAL_TIM_PWM_DeInit                                build/stm32f0xx_hal_tim.o
HAL_TIM_PWM_GetState                              build/stm32f0xx_hal_tim.o
HAL_TIM_PWM_Init                                  build/stm32f0xx_hal_tim.o
HAL_TIM_PWM_MspDeInit                             build/stm32f0xx_hal_tim.o
HAL_TIM_PWM_MspInit                               build/stm32f0xx_hal_tim.o
HAL_TIM_PWM_PulseFinishedCallback                 build/stm32f0xx_hal_tim.o
HAL_TIM_PWM_Start                                 build/stm32f0xx_hal_tim.o
HAL_TIM_PWM_Start_DMA                             build/stm32f0xx_hal_tim.o
HAL_TIM_PWM_Start_IT                              build/stm32f0xx_hal_tim.o
HAL_TIM_PWM_Stop                                  build/stm32f0xx_hal_tim.o
HAL_TIM_PWM_Stop_DMA                              build/stm32f0xx_hal_tim.o
HAL_TIM_PWM_Stop_IT                               build/stm32f0xx_hal_tim.o
HAL_TIM_PeriodElapsedCallback                     build/main.o
HAL_TIM_ReadCapturedValue                         build/stm32f0xx_hal_tim.o
HAL_TIM_SlaveConfigSynchronization                build/stm32f0xx_hal_tim.o
HAL_TIM_SlaveConfigSynchronization_IT             build/stm32f0xx_hal_tim.o
HAL_TIM_TriggerCallback                           build/stm32f0xx_hal_tim.o
HardFault_Handler                                 build/stm32f0xx_it.o
I2C1_IRQHandler                                   build/startup_stm32f030x6.o
MX_ADC_Init                                       build/adc.o
                                                  build/main.o
MX_DMA_Init                                       build/dma.o
                                                  build/main.o
MX_GPIO_Init                                      build/gpio.o
                                                  build/main.o
MX_I2C1_Init                                      build/i2c.o
                                                  build/main.o
MX_TIM16_Init                                     build/tim.o
                                                  build/main.o
MX_TIM17_Init                                     build/tim.o
                                                  build/main.o
MX_TIM3_Init                                      build/tim.o
                                                  build/main.o
NMI_Handler                                       build/stm32f0xx_it.o
PendSV_Handler                                    build/stm32f0xx_it.o
RCC_IRQHandler                                    build/startup_stm32f030x6.o
RTC_IRQHandler                                    build/startup_stm32f030x6.o
ReadBackData                                      build/SD3077.o
                                                  build/settings.o
Reset_Handler                                     build/startup_stm32f030x6.o
Ring_Check                                        build/ring.o
                                                  build/app.o
Ring_GetStartTime                                 build/ring.o
Ring_Init                                         build/ring.o
                                                  build/app.o
Ring_IsChiming                                    build/ring.o
Ring_IsEnabled                                    build/ring.o
                                                  build/app.o
Ring_Set                                          build/ring.o
Ring_SetStartTime                                 build/ring.o
                                                  build/app.o
Ring_Update                                       build/ring.o
SPI1_IRQHandler                                   build/startup_stm32f030x6.o
SVC_Handler                                       build/stm32f0xx_it.o
SetInterruptOuput                                 build/SD3077.o
                                                  build/app.o
SetTime                                           build/SD3077.o
                                                  build/app.o
                                                  build/settings.o
Settings_Get                                      build/settings.o
                                                  build/app.o
                                                  build/display.o
Settings_Init                                     build/settings.o
                                                  build/app.o
Settings_ReadBackup                               build/settings.o
Settings_ResetToDefault                           build/settings.o
Settings_Save                                     build/settings.o
                                                  build/app.o
Settings_Validate                                 build/settings.o
SysTick_Handler                                   build/stm32f0xx_it.o
SystemClock_Config                                build/main.o
SystemCoreClock                                   build/system_stm32f0xx.o
                                                  build/stm32f0xx_hal_rcc.o
                                                  build/stm32f0xx_hal_adc.o
SystemCoreClockUpdate                             build/system_stm32f0xx.o
SystemInit                                        build/system_stm32f0xx.o
                                                  build/startup_stm32f030x6.o
TIM14_IRQHandler                                  build/startup_stm32f030x6.o
TIM16_IRQHandler                                  build/stm32f0xx_it.o
TIM17_IRQHandler                                  build/stm32f0xx_it.o
TIM1_BRK_UP_TRG_COM_IRQHandler                    build/startup_stm32f030x6.o
TIM1_CC_IRQHandler                                build/startup_stm32f030x6.o
TIM3_IRQHandler                                   build/startup_stm32f030x6.o
TIMEx_DMACommutationCplt                          build/stm32f0xx_hal_tim_ex.o
                                                  build/stm32f0xx_hal_tim.o
TIM_Base_SetConfig                                build/stm32f0xx_hal_tim.o
                                                  build/stm32f0xx_hal_tim_ex.o
TIM_CCxChannelCmd                                 build/stm32f0xx_hal_tim.o
                                                  build/stm32f0xx_hal_tim_ex.o
TIM_DMACaptureCplt                                build/stm32f0xx_hal_tim.o
                                                  build/stm32f0xx_hal_tim_ex.o
TIM_DMADelayPulseCplt                             build/stm32f0xx_hal_tim.o
                                                  build/stm32f0xx_hal_tim_ex.o
TIM_DMAError                                      build/stm32f0xx_hal_tim.o
                                                  build/stm32f0xx_hal_tim_ex.o
TIM_ETR_SetConfig                                 build/stm32f0xx_hal_tim.o
TIM_OC2_SetConfig                                 build/stm32f0xx_hal_tim.o
                                                  build/stm32f0xx_hal_tim_ex.o
TIM_TI1_SetConfig                                 build/stm32f0xx_hal_tim.o
                                                  build/stm32f0xx_hal_tim_ex.o
TM1637Init                                        build/TM1637.o
                                                  build/display.o
TM1637SetBrightness                               build/TM1637.o
                                                  build/display.o
TM1637SetChar                                     build/TM1637.o
                                                  build/display.o
TM1637SetRawData                                  build/TM1637.o
TM1637ShowNumberLeft                              build/TM1637.o
TM1637ShowNumberRight                             build/TM1637.o
                                                  build/display.o
Temperature_Get                                   build/temperature.o
                                                  build/app.o
Temperature_Init                                  build/temperature.o
                                                  build/app.o
Temperature_Update                                build/temperature.o
                                                  build/app.o
TimeNow                                           build/SD3077.o